[baseline] name=EpoD
[baseline] paper=Improving Generalization of Dynamic Graph Learning via Environment Prompt
[baseline] original_repository=not found; non-official paper adapter
[baseline] original_commit=non-official-paper-adapter
[baseline] dataset=LargeST-SD_TDS
[baseline] train_period=2019
[baseline] val_period=2020 first half
[baseline] test_period=2020 second half / OOD
[baseline] dataset_dir=data/LargeST-SD_TDS
[baseline] graph_file=data/LargeST-SD_TDS/adj_mx.npz
[baseline] batch_size=1 test_batch_size=1
[baseline] seed=2024
[baseline] scaler=train x only
[baseline] checkpoint_selection=lowest validation MAE
[baseline] external_env_labels=false
[baseline] test_time_adaptation=false
[baseline] graph_hops=5
{
  "checkpoint_selection": "lowest validation MAE",
  "dataset": "LargeST-SD_TDS",
  "fixed_graph": true,
  "graph_file": "data/LargeST-SD_TDS/adj_mx.npz",
  "graph_hops": 5,
  "implementation_status": "non-official-paper-adapter",
  "input_length": 35,
  "method": "EpoD",
  "num_nodes": 716,
  "official_repo": "No official implementation found during the initial audit pass",
  "output_length": 1,
  "paper": "Improving Generalization of Dynamic Graph Learning via Environment Prompt",
  "parameter_count": 231730,
  "scaler": {
    "fit_split": "train",
    "mean": 244.42984008789062,
    "std": 184.03782653808594
  },
  "seed": 2024,
  "source_commit": "non-official-paper-adapter",
  "support_edge_ratio": 0.3229592740535736,
  "target_channels": 1,
  "test_period": "2020 second half",
  "train_period": "2019",
  "trainable_parameter_count": 231730,
  "uses_environment_labels": false,
  "uses_external_features": false,
  "uses_test_time_adaptation": false,
  "val_period": "2020 first half"
}
EPOCH {"epoch": 1, "train_dynamic_adj_std": 0.00547610557398793, "train_forecast_loss": 0.08435600325114011, "train_loss": 0.4119873145595991, "train_prompt_kl": 1.2609781014716654, "train_prompt_loss": 0.20153349866046852, "val_dynamic_adj_std": 0.005372967799572902, "val_loss": 0.06247135654183949, "val_mae": 11.756653885761947, "val_mape": 493.44281109716036, "val_rmse": 16.922835048693877}
EPOCH {"epoch": 2, "train_dynamic_adj_std": 0.005434800038858344, "train_forecast_loss": 0.06949841134918493, "train_loss": 0.347916186221956, "train_prompt_kl": 1.248458611163186, "train_prompt_loss": 0.153571911194915, "val_dynamic_adj_std": 0.005375269461526787, "val_loss": 0.060699650943155596, "val_mae": 11.393366428977547, "val_mape": 526.7672288299234, "val_rmse": 16.468705212624357}
EPOCH {"epoch": 3, "train_dynamic_adj_std": 0.005439658216169508, "train_forecast_loss": 0.0670188766539282, "train_loss": 0.32637954181074297, "train_prompt_kl": 1.2465459341765166, "train_prompt_loss": 0.13470606930636922, "val_dynamic_adj_std": 0.005417223394797285, "val_loss": 0.059873693729315565, "val_mae": 11.301357617642159, "val_mape": 553.5157519926908, "val_rmse": 16.277679559791594}
EPOCH {"epoch": 4, "train_dynamic_adj_std": 0.005545015153490404, "train_forecast_loss": 0.06577664833763845, "train_loss": 0.29798777676100324, "train_prompt_kl": 1.2505989432249762, "train_prompt_loss": 0.10715123155649016, "val_dynamic_adj_std": 0.005654759366115585, "val_loss": 0.058868911431292165, "val_mae": 11.052793746343646, "val_mape": 602.0788661446901, "val_rmse": 16.043974345471792}
