[baseline] name=EpoD
[baseline] paper=Improving Generalization of Dynamic Graph Learning via Environment Prompt
[baseline] original_repository=not found; non-official paper adapter
[baseline] original_commit=non-official-paper-adapter
[baseline] dataset=LargeST-SD_TDS
[baseline] train_period=2019
[baseline] val_period=2020 first half
[baseline] test_period=2020 second half / OOD
[baseline] dataset_dir=data/LargeST-SD_TDS
[baseline] graph_file=data/LargeST-SD_TDS/adj_mx.npz
[baseline] batch_size=1 test_batch_size=1
[baseline] seed=2024
[baseline] scaler=train x only
[baseline] checkpoint_selection=lowest validation MAE
[baseline] external_env_labels=false
[baseline] test_time_adaptation=false
[baseline] graph_hops=5
{
  "checkpoint_selection": "lowest validation MAE",
  "dataset": "LargeST-SD_TDS",
  "fixed_graph": true,
  "graph_file": "data/LargeST-SD_TDS/adj_mx.npz",
  "graph_hops": 5,
  "implementation_status": "non-official-paper-adapter",
  "input_length": 12,
  "method": "EpoD",
  "num_nodes": 716,
  "official_repo": "No official implementation found during the initial audit pass",
  "output_length": 12,
  "paper": "Improving Generalization of Dynamic Graph Learning via Environment Prompt",
  "parameter_count": 232093,
  "scaler": {
    "fit_split": "train",
    "mean": 244.3837890625,
    "std": 184.0395050048828
  },
  "seed": 2024,
  "source_commit": "non-official-paper-adapter",
  "support_edge_ratio": 0.3229592740535736,
  "target_channels": 1,
  "test_period": "2020 second half",
  "train_period": "2019",
  "trainable_parameter_count": 232093,
  "uses_environment_labels": false,
  "uses_external_features": false,
  "uses_test_time_adaptation": false,
  "val_period": "2020 first half"
}
EPOCH {"epoch": 1, "train_dynamic_adj_std": 0.005825895928031542, "train_forecast_loss": 0.15107941238547537, "train_loss": 0.41242702947287735, "train_prompt_kl": 0.4742931972101965, "train_prompt_loss": 0.213918297185953, "val_dynamic_adj_std": 0.005465258455212268, "val_loss": 0.14975692716822933, "val_mae": 28.337536390868248, "val_mape": 0.30419444719570576, "val_rmse": 40.47807977568243}
EPOCH {"epoch": 2, "train_dynamic_adj_std": 0.00552145383713124, "train_forecast_loss": 0.10784876692196392, "train_loss": 0.3066012121324867, "train_prompt_kl": 0.4546521309586913, "train_prompt_loss": 0.15328723181448783, "val_dynamic_adj_std": 0.005448647879249708, "val_loss": 0.14188723965608788, "val_mae": 26.8395564671098, "val_mape": 0.2963979846365827, "val_rmse": 38.08850638514122}
EPOCH {"epoch": 3, "train_dynamic_adj_std": 0.00551183855730604, "train_forecast_loss": 0.10090741898906955, "train_loss": 0.26684083330449804, "train_prompt_kl": 0.44857250576112295, "train_prompt_loss": 0.12107616335142515, "val_dynamic_adj_std": 0.005540206518695228, "val_loss": 0.14155699171142958, "val_mae": 26.750789098231653, "val_mape": 0.28161222073126835, "val_rmse": 38.6402835355455}
EPOCH {"epoch": 4, "train_dynamic_adj_std": 0.005631066298105198, "train_forecast_loss": 0.09821198110831965, "train_loss": 0.21020608184759207, "train_prompt_kl": 0.4429610491064488, "train_prompt_loss": 0.06769799483993677, "val_dynamic_adj_std": 0.005612865315119758, "val_loss": 0.1463681678640798, "val_mae": 27.624635084442804, "val_mape": 0.2912860603166695, "val_rmse": 39.132302614858745}
EPOCH {"epoch": 5, "train_dynamic_adj_std": 0.005562113207023499, "train_forecast_loss": 0.0962987897837999, "train_loss": 0.18152726988292733, "train_prompt_kl": 0.43299406761955206, "train_prompt_loss": 0.041929072157424266, "val_dynamic_adj_std": 0.0055478543821372356, "val_loss": 0.13544265392448707, "val_mae": 25.56444792569981, "val_mape": 0.2556411595345141, "val_rmse": 37.18213753274216}
EPOCH {"epoch": 6, "train_dynamic_adj_std": 0.005523419989275133, "train_forecast_loss": 0.09468316681198798, "train_loss": 0.1751070401561108, "train_prompt_kl": 0.43025630390630115, "train_prompt_loss": 0.03739824177062234, "val_dynamic_adj_std": 0.005520154311020836, "val_loss": 0.136846631715119, "val_mae": 25.779424215428197, "val_mape": 0.23604955100790434, "val_rmse": 37.32295219201812}
EPOCH {"epoch": 7, "train_dynamic_adj_std": 0.005497882157955873, "train_forecast_loss": 0.09344517713152052, "train_loss": 0.16664171891481813, "train_prompt_kl": 0.4292631851204473, "train_prompt_loss": 0.030270222096802912, "val_dynamic_adj_std": 0.0054914861127258385, "val_loss": 0.12640373481017242, "val_mae": 23.800396004657156, "val_mape": 0.22132795601528465, "val_rmse": 34.933078062083716}
EPOCH {"epoch": 8, "train_dynamic_adj_std": 0.005489032903608132, "train_forecast_loss": 0.09250704795460452, "train_loss": 0.15834464070593013, "train_prompt_kl": 0.42783640027999414, "train_prompt_loss": 0.023053951596478283, "val_dynamic_adj_std": 0.0054665560060407955, "val_loss": 0.13490515627406477, "val_mae": 25.54537620462503, "val_mape": 0.23765683600557425, "val_rmse": 37.198071022568975}
EPOCH {"epoch": 9, "train_dynamic_adj_std": 0.005475925521755248, "train_forecast_loss": 0.09171104486759885, "train_loss": 0.14799468839463364, "train_prompt_kl": 0.42452541860261717, "train_prompt_loss": 0.013831100653454113, "val_dynamic_adj_std": 0.005482486847634476, "val_loss": 0.1273159478276857, "val_mae": 24.087857856018573, "val_mape": 0.21535525220016366, "val_rmse": 35.12893895354604}
EPOCH {"epoch": 10, "train_dynamic_adj_std": 0.0054878264729807105, "train_forecast_loss": 0.09077122440229145, "train_loss": 0.14542387994209205, "train_prompt_kl": 0.423209352027336, "train_prompt_loss": 0.012331719385374326, "val_dynamic_adj_std": 0.005488654926476866, "val_loss": 0.13321656750798874, "val_mae": 25.269876032924323, "val_mape": 0.22682520436317172, "val_rmse": 36.79449231315997}
EPOCH {"epoch": 11, "train_dynamic_adj_std": 0.005493539658388888, "train_forecast_loss": 0.08999483418587174, "train_loss": 0.14397928783272773, "train_prompt_kl": 0.4229114728660318, "train_prompt_loss": 0.011693305423028509, "val_dynamic_adj_std": 0.005485277069825359, "val_loss": 0.1257954643941127, "val_mae": 23.749339779136108, "val_mape": 0.22171213817628013, "val_rmse": 34.778767586901424}
EPOCH {"epoch": 12, "train_dynamic_adj_std": 0.005492252432436298, "train_forecast_loss": 0.08945355009285787, "train_loss": 0.14284423842315933, "train_prompt_kl": 0.42264462626123017, "train_prompt_loss": 0.01112622480167562, "val_dynamic_adj_std": 0.005483471945073255, "val_loss": 0.13438068934292763, "val_mae": 25.391892612431057, "val_mape": 0.24554580269916942, "val_rmse": 35.902495918568874}
EPOCH {"epoch": 13, "train_dynamic_adj_std": 0.005482878252336426, "train_forecast_loss": 0.0890684991686235, "train_loss": 0.14112736239412726, "train_prompt_kl": 0.42125604843127856, "train_prompt_loss": 0.009933257459005633, "val_dynamic_adj_std": 0.005471018112327516, "val_loss": 0.1301351253902337, "val_mae": 24.64863223311281, "val_mape": 0.22910868366785508, "val_rmse": 35.859027933637435}
EPOCH {"epoch": 14, "train_dynamic_adj_std": 0.005465717245080337, "train_forecast_loss": 0.08844644684568684, "train_loss": 0.1397384592867675, "train_prompt_kl": 0.42043571654367506, "train_prompt_loss": 0.009248439871118317, "val_dynamic_adj_std": 0.0054577226147806655, "val_loss": 0.13386851350423737, "val_mae": 25.367829243888288, "val_mape": 0.2499677988029547, "val_rmse": 36.71844960640932}
EPOCH {"epoch": 15, "train_dynamic_adj_std": 0.005463196593337426, "train_forecast_loss": 0.08817209369172982, "train_loss": 0.13873418695920642, "train_prompt_kl": 0.41973078361866045, "train_prompt_loss": 0.008589014039315924, "val_dynamic_adj_std": 0.005456408750578411, "val_loss": 0.13377343658005814, "val_mae": 25.349904516991334, "val_mape": 0.239077292779356, "val_rmse": 37.13301199408331}
EPOCH {"epoch": 16, "train_dynamic_adj_std": 0.005457284331472145, "train_forecast_loss": 0.08771129018717348, "train_loss": 0.13820165662295433, "train_prompt_kl": 0.4196384937166027, "train_prompt_loss": 0.008526516139484314, "val_dynamic_adj_std": 0.005443394119330689, "val_loss": 0.13641673648177313, "val_mae": 25.682570531441993, "val_mape": 0.2747498333558679, "val_rmse": 36.16368905473821}
EPOCH {"epoch": 17, "train_dynamic_adj_std": 0.005459165356432097, "train_forecast_loss": 0.08748017952139107, "train_loss": 0.1376111664621171, "train_prompt_kl": 0.419156415364211, "train_prompt_loss": 0.008215344487148866, "val_dynamic_adj_std": 0.005436205389223489, "val_loss": 0.1326830576578281, "val_mae": 25.146604344033705, "val_mape": 0.22571553782947182, "val_rmse": 36.08881579133653}
EPOCH {"epoch": 18, "train_dynamic_adj_std": 0.005459213075018323, "train_forecast_loss": 0.08710227922592577, "train_loss": 0.13640885035937098, "train_prompt_kl": 0.41912576491098014, "train_prompt_loss": 0.007393993778401014, "val_dynamic_adj_std": 0.005449437687252429, "val_loss": 0.12326611820640382, "val_mae": 23.263033645614588, "val_mape": 0.23040143800013937, "val_rmse": 33.68735018584873}
EPOCH {"epoch": 19, "train_dynamic_adj_std": 0.005457734496080545, "train_forecast_loss": 0.0868778659352238, "train_loss": 0.135686694423988, "train_prompt_kl": 0.4187801826998362, "train_prompt_loss": 0.00693080931248248, "val_dynamic_adj_std": 0.005459480842720517, "val_loss": 0.13086433048868917, "val_mae": 24.79496974286891, "val_mape": 0.24175948783763837, "val_rmse": 35.86495523414524}
EPOCH {"epoch": 20, "train_dynamic_adj_std": 0.005467403928468965, "train_forecast_loss": 0.08653561669078759, "train_loss": 0.13463150066917925, "train_prompt_kl": 0.4183775473591479, "train_prompt_loss": 0.006258128374994725, "val_dynamic_adj_std": 0.005460320094617389, "val_loss": 0.12345583933274361, "val_mae": 23.35605410606454, "val_mape": 0.2133481756202612, "val_rmse": 34.25919859816255}
EPOCH {"epoch": 21, "train_dynamic_adj_std": 0.005469505657663275, "train_forecast_loss": 0.08625972424229404, "train_loss": 0.1340429699680594, "train_prompt_kl": 0.4181419616458138, "train_prompt_loss": 0.005969048696091498, "val_dynamic_adj_std": 0.005466959259781095, "val_loss": 0.13165792464550674, "val_mae": 24.899468723140906, "val_mape": 0.2280960176095264, "val_rmse": 36.22564396399403}
EPOCH {"epoch": 22, "train_dynamic_adj_std": 0.005473502085705848, "train_forecast_loss": 0.08599058871038609, "train_loss": 0.13359955000237198, "train_prompt_kl": 0.41787062007341824, "train_prompt_loss": 0.005821898432234034, "val_dynamic_adj_std": 0.0054685278222784146, "val_loss": 0.13637342612597267, "val_mae": 25.854865935086384, "val_mape": 0.2561429197817853, "val_rmse": 36.765067118495054}
EPOCH {"epoch": 23, "train_dynamic_adj_std": 0.00548501920908918, "train_forecast_loss": 0.08578018519854949, "train_loss": 0.13334896863736678, "train_prompt_kl": 0.4177809672696493, "train_prompt_loss": 0.005790685861991603, "val_dynamic_adj_std": 0.005480121252183533, "val_loss": 0.12777920637572054, "val_mae": 24.13384261590099, "val_mape": 0.23056043358231634, "val_rmse": 35.00327342056327}
EPOCH {"epoch": 24, "train_dynamic_adj_std": 0.005494111932599861, "train_forecast_loss": 0.08554143515776215, "train_loss": 0.13301932192405022, "train_prompt_kl": 0.417784685621931, "train_prompt_loss": 0.005699417312846361, "val_dynamic_adj_std": 0.005490890201042488, "val_loss": 0.12711490629868152, "val_mae": 24.037048785055624, "val_mape": 0.2168701342502257, "val_rmse": 35.22868577393469}
EPOCH {"epoch": 25, "train_dynamic_adj_std": 0.0055011753599397, "train_forecast_loss": 0.08530388673873886, "train_loss": 0.13273704332466635, "train_prompt_kl": 0.4176789459931427, "train_prompt_loss": 0.005665261198136703, "val_dynamic_adj_std": 0.005507045968106061, "val_loss": 0.12756002554563295, "val_mae": 24.114071197990427, "val_mape": 0.22457668005498413, "val_rmse": 34.89584838068635}
EPOCH {"epoch": 26, "train_dynamic_adj_std": 0.005508195880003554, "train_forecast_loss": 0.08514921447053068, "train_loss": 0.1330376724872474, "train_prompt_kl": 0.42173489567982725, "train_prompt_loss": 0.005714967595967594, "val_dynamic_adj_std": 0.005513894065861448, "val_loss": 0.1291639248424456, "val_mae": 24.472193703755206, "val_mape": 0.22763308232985138, "val_rmse": 35.259841325766445}
EPOCH {"epoch": 27, "train_dynamic_adj_std": 0.00551871173250807, "train_forecast_loss": 0.0849424660077966, "train_loss": 0.13230500167366213, "train_prompt_kl": 0.41779062410212126, "train_prompt_loss": 0.005583472441980887, "val_dynamic_adj_std": 0.005523180480532237, "val_loss": 0.14358525338026887, "val_mae": 27.206762842214395, "val_mape": 0.26097982012712634, "val_rmse": 38.065411868674374}
EPOCH {"epoch": 28, "train_dynamic_adj_std": 0.005528318169170499, "train_forecast_loss": 0.08476202764349182, "train_loss": 0.132088332359557, "train_prompt_kl": 0.4177031852788988, "train_prompt_loss": 0.005555985340790638, "val_dynamic_adj_std": 0.005531476196066988, "val_loss": 0.1265585373181376, "val_mae": 23.924870197415217, "val_mape": 0.22060912511730726, "val_rmse": 34.550342649938315}
EPOCH {"epoch": 29, "train_dynamic_adj_std": 0.005536295990354965, "train_forecast_loss": 0.08462957545087667, "train_loss": 0.13196834836686144, "train_prompt_kl": 0.41778701025839754, "train_prompt_loss": 0.005560071062274075, "val_dynamic_adj_std": 0.005531823948955959, "val_loss": 0.12604822957171352, "val_mae": 23.84015930021205, "val_mape": 0.21528686917422155, "val_rmse": 34.608187129653196}
EPOCH {"epoch": 30, "train_dynamic_adj_std": 0.005540179747980779, "train_forecast_loss": 0.08445966375310464, "train_loss": 0.13176997529418463, "train_prompt_kl": 0.4177078657226934, "train_prompt_loss": 0.005539524126230615, "val_dynamic_adj_std": 0.005529740550699307, "val_loss": 0.1323814682441658, "val_mae": 24.891018441479915, "val_mape": 0.23485337387202873, "val_rmse": 35.13158303486932}
EPOCH {"epoch": 31, "train_dynamic_adj_std": 0.005542102385203061, "train_forecast_loss": 0.08434098354722498, "train_loss": 0.13157622092593235, "train_prompt_kl": 0.4176956549511102, "train_prompt_loss": 0.005465670999629823, "val_dynamic_adj_std": 0.005534311317873933, "val_loss": 0.1285830011355551, "val_mae": 24.35637046537039, "val_mape": 0.22151960094842338, "val_rmse": 34.991495477948405}
EPOCH {"epoch": 32, "train_dynamic_adj_std": 0.00555902770715502, "train_forecast_loss": 0.08425444355637969, "train_loss": 0.13156716379296293, "train_prompt_kl": 0.41781578440023737, "train_prompt_loss": 0.005531140977594325, "val_dynamic_adj_std": 0.005548472087542267, "val_loss": 0.12755868784498683, "val_mae": 24.1941934052475, "val_mape": 0.22613233591324275, "val_rmse": 34.998091477681406}
EPOCH {"epoch": 33, "train_dynamic_adj_std": 0.005567775819690302, "train_forecast_loss": 0.08412060362594612, "train_loss": 0.13142969700874768, "train_prompt_kl": 0.4179112918875588, "train_prompt_loss": 0.005517963348814003, "val_dynamic_adj_std": 0.005553074209963666, "val_loss": 0.12785561049254643, "val_mae": 24.18664777887919, "val_mape": 0.22668597640966803, "val_rmse": 35.06734843803026}
EPOCH {"epoch": 34, "train_dynamic_adj_std": 0.005570892574464593, "train_forecast_loss": 0.08397191415565901, "train_loss": 0.1312311282973183, "train_prompt_kl": 0.41770435534580397, "train_prompt_loss": 0.005488777779601562, "val_dynamic_adj_std": 0.0055583674332099235, "val_loss": 0.1301048316928811, "val_mae": 24.62380309885993, "val_mape": 0.23862989097044196, "val_rmse": 35.46108052482037}
EPOCH {"epoch": 35, "train_dynamic_adj_std": 0.005582067739334646, "train_forecast_loss": 0.0838667808221488, "train_loss": 0.1311606096743322, "train_prompt_kl": 0.41794932683916025, "train_prompt_loss": 0.005498895331136928, "val_dynamic_adj_std": 0.005558567182139578, "val_loss": 0.1269709253873578, "val_mae": 24.064566926011242, "val_mape": 0.21890897189329922, "val_rmse": 35.2017650995331}
EPOCH {"epoch": 36, "train_dynamic_adj_std": 0.005588686126720614, "train_forecast_loss": 0.08370300539011956, "train_loss": 0.1309414856767986, "train_prompt_kl": 0.41778697860837716, "train_prompt_loss": 0.0054597815621425, "val_dynamic_adj_std": 0.0055772887589516625, "val_loss": 0.13091569295876318, "val_mae": 24.829035280414463, "val_mape": 0.22876296676375305, "val_rmse": 35.601070550544975}
EPOCH {"epoch": 37, "train_dynamic_adj_std": 0.005597200740991965, "train_forecast_loss": 0.08359331203893813, "train_loss": 0.13078888542740574, "train_prompt_kl": 0.4177487841521795, "train_prompt_loss": 0.00542069415268604, "val_dynamic_adj_std": 0.005577180684274244, "val_loss": 0.12857507246803548, "val_mae": 24.307727590322767, "val_mape": 0.2525668785744107, "val_rmse": 34.75009059856848}
EPOCH {"epoch": 38, "train_dynamic_adj_std": 0.00559809669425333, "train_forecast_loss": 0.08368564944682498, "train_loss": 0.13299264436627106, "train_prompt_kl": 0.4512197399485284, "train_prompt_loss": 0.0041850200673134354, "val_dynamic_adj_std": 0.005593788148787295, "val_loss": 0.13202958975322246, "val_mae": 25.048441478886556, "val_mape": 0.23709466631384513, "val_rmse": 35.98105741986431}
/data/OuXiaoyu/STEVE_CODE/STEVE/baselines/epod/trainer.py:294: FutureWarning: You are using `torch.load` with `weights_only=False` (the current default value), which uses the default pickle module implicitly. It is possible to construct malicious pickle data which will execute arbitrary code during unpickling (See https://github.com/pytorch/pytorch/blob/main/SECURITY.md#untrusted-models for more details). In a future release, the default value for `weights_only` will be flipped to `True`. This limits the functions that could be executed during unpickling. Arbitrary objects will no longer be allowed to be loaded via this mode unless they are explicitly allowlisted by the user via `torch.serialization.add_safe_globals`. We recommend you start setting `weights_only=True` for any use case where you don't have full control of the loaded file. Please open an issue on GitHub for any issues related to this experimental feature.
  ckpt = torch.load(best_path, map_location=device)
SUMMARY {"best_epoch": 18, "checkpoint_selection": "lowest validation MAE", "dataset": "LargeST-SD_TDS", "fixed_graph": true, "graph_file": "data/LargeST-SD_TDS/adj_mx.npz", "graph_hops": 5, "implementation_status": "non-official-paper-adapter", "input_length": 12, "method": "EpoD", "num_nodes": 716, "official_repo": "No official implementation found during the initial audit pass", "output_length": 12, "paper": "Improving Generalization of Dynamic Graph Learning via Environment Prompt", "parameter_count": 232093, "peak_gpu_memory_mb": 1183.69775390625, "scaler": {"fit_split": "train", "mean": 244.3837890625, "std": 184.0395050048828}, "seed": 2024, "smoke": false, "source_commit": "non-official-paper-adapter", "support_edge_ratio": 0.3229592740535736, "target_channels": 1, "test_dynamic_adj_mean": 0.0013966480037659122, "test_dynamic_adj_std": 0.005450984265297776, "test_mae": 22.85929469359372, "test_mape": 0.17071355248506165, "test_period": "2020 second half", "test_rmse": 33.38637475180783, "train_period": "2019", "train_shapes": {"test": {"x": [17652, 12, 716, 1], "y": [17652, 12, 716, 1]}, "train": {"x": [35017, 12, 716, 1], "y": [35017, 12, 716, 1]}, "val": {"x": [17460, 12, 716, 1], "y": [17460, 12, 716, 1]}}, "trainable_parameter_count": 232093, "training_time": 194461.2833340168, "uses_environment_labels": false, "uses_external_features": false, "uses_test_time_adaptation": false, "val_mae": 23.263033645614588, "val_mape": 0.23040143800013937, "val_period": "2020 first half", "val_rmse": 33.68735018584873}
