[INFO] DATASET_NAME=LargeST-SD_TDS
[INFO] CONFIG_FILE=configs/LargeST_SD_TDS.yaml
[INFO] GRAPH_FILE=data/LargeST-SD_TDS/adj_mx.npz
[INFO] DATASET_DIR=data/LargeST-SD_TDS
[INFO] OBS_CACHE=/data/OuXiaoyu/STEVE_CODE/STEVE/data/LargeST-SD_TDS/observable_load_prior_k3_v1.npz
[INFO] RESULT_ROOT=experiments/LargeST-SD_TDS
[INFO] GPU_ID=0 SEED=2024
[INFO] PURE_RUN=largest_sd_tds_pure_agcrn_seed2024_0816_12to12
[INFO] FPEM_RUN=largest_sd_tds_fpem_conf_gci_period_context_seed2024_0817_12to12_period288
[INFO] ROUTER_OUTPUT_ROOT=/data/OuXiaoyu/STEVE_CODE/STEVE/experiments/LargeST-SD_TDS/largest_sd_tds_relative_gap_router_from_largest_sd_tds_fpem_conf_gci_period_context_seed2024_0817_12to12_period288
[INFO] batches pretrain=4/8 fpem=1/2
[INFO] lightweight AGCRN/FPEM d_model=32 rnn_units=32 layers=1 cheb_k=2
[SKIP] pure AGCRN already finished: /data/OuXiaoyu/STEVE_CODE/STEVE/experiments/LargeST-SD_TDS/largest_sd_tds_pure_agcrn_seed2024_0816_12to12/best_val_model.pth
[STAGE2] train FPEM prediction model -> largest_sd_tds_fpem_conf_gci_period_context_seed2024_0817_12to12_period288
[period-context] resolved dataset=LargeST-SD_TDS day_steps=288 week_steps=2016; computed before subset; invalid_fill=current_input
[StableST] WARNING pretrained AGCRN end_conv head shape does not match STEVE invariant head: (12, 32, 1, 1) vs (1, 32, 1, 1); loading/frozen encoder only and leaving STEVE temporal/prediction heads trainable.
[StableST] loaded pretrained invariant AGCRN encoder (prediction head not loaded) from /data/OuXiaoyu/STEVE_CODE/STEVE/experiments/LargeST-SD_TDS/largest_sd_tds_pure_agcrn_seed2024_0816_12to12/best_val_model.pth; missing=[] unexpected=[]
[StableST] pretrained invariant prediction head was not loaded; freezing encoder_inv only and keeping invariant prediction heads trainable.
/data/OuXiaoyu/miniconda3/envs/basicts/lib/python3.11/site-packages/torch/optim/lr_scheduler.py:62: UserWarning: The verbose parameter is deprecated. Please use get_last_lr() to access the learning rate.
  warnings.warn(
{
  "args": {
    "seed": 2024,
    "device": "cuda:0",
    "mode": "train",
    "best_path": "",
    "debug": false,
    "dataset": "LargeST-SD_TDS",
    "data_dir": "/data/OuXiaoyu/STEVE_CODE/STEVE/data",
    "graph_file": "/data/OuXiaoyu/STEVE_CODE/STEVE/data/LargeST-SD_TDS/adj_mx.npz",
    "num_nodes": 716,
    "input_length": 12,
    "output_T_dim": 12,
    "batch_size": 1,
    "test_batch_size": 2,
    "len_closeness": 8,
    "len_period": 4,
    "len_trend": 0,
    "result_root": "/data/OuXiaoyu/STEVE_CODE/STEVE/experiments/LargeST-SD_TDS",
    "d_input": 1,
    "d_output": 1,
    "d_model": 32,
    "dropout": 0.1,
    "percent": 0.1,
    "shm_temp": 0.5,
    "nmb_prototype": 4,
    "yita": 0.5,
    "layers": 3,
    "K": 64,
    "bank_gamma": 0.2,
    "kw": 1,
    "mi_w": 2,
    "epochs": 100,
    "lr_init": 0.001,
    "early_stop": true,
    "early_stop_patience": 20,
    "grad_norm": true,
    "max_grad_norm": 5,
    "use_dwa": true,
    "temp": 2,
    "MMI": false,
    "lr_patience": 20,
    "lr_mode": "only",
    "use_RevIN": true,
    "confounder_dep_mode": "gci",
    "confounder_extractor": "token_attention",
    "confounder_dim": 8,
    "confounder_num_heads": 4,
    "confounder_attention_dropout": 0.0,
    "confounder_graph_embed_dim": 16,
    "confounder_variational": true,
    "confounder_kl_weight": 0.0001,
    "confounder_dep_warmup_epochs": 5,
    "confounder_dep_ramp_epochs": 10,
    "confounder_projection_ridge": 0.001,
    "confounder_dep_detach_target": true,
    "gci_weight": 0.001,
    "gci_graph_align_weight": 0.1,
    "gci_edge_preserve_beta": 0.1,
    "gci_graph_hops": 1,
    "gci_symmetrize_adj": true,
    "gci_add_self_loops": true,
    "scd_weight": 0.0,
    "dep_eps": 1e-06,
    "confounder_injection": "none",
    "ablation": "full",
    "config_filename": "/data/OuXiaoyu/STEVE_CODE/STEVE/configs/LargeST_SD_TDS.yaml",
    "model": "steve",
    "data_seed": 2024,
    "early_stop_test_avg_mae_epoch": 0,
    "early_stop_test_avg_mae_threshold": 0.0,
    "train_work_per_holiday": 2.5,
    "exp_name": "largest_sd_tds_fpem_conf_gci_period_context_seed2024_0817_12to12_period288",
    "run_name": "largest_sd_tds_fpem_conf_gci_period_context_seed2024_0817_12to12_period288",
    "resume": true,
    "resume_reset_patience": true,
    "best_selection_split": "val",
    "max_train_batches": null,
    "max_eval_batches": null,
    "fpem_backbone": "agcrn",
    "agcrn_lr": 0.003,
    "agcrn_embed_dim": 10,
    "agcrn_rnn_units": 32,
    "agcrn_num_layers": 1,
    "agcrn_cheb_k": 2,
    "graphwavenet_layers": 4,
    "graphwavenet_kernel_size": 2,
    "graphwavenet_dropout": 0.1,
    "staeformer_layers": 2,
    "staeformer_heads": 4,
    "staeformer_dropout": 0.1,
    "staeformer_mlp_ratio": 2.0,
    "staeformer_input_length_max": 512,
    "fpem_use_pretrained_inv_agcrn": true,
    "fpem_pretrained_inv_agcrn_path": "/data/OuXiaoyu/STEVE_CODE/STEVE/experiments/LargeST-SD_TDS/largest_sd_tds_pure_agcrn_seed2024_0816_12to12/best_val_model.pth",
    "fpem_use_env_supervision": false,
    "fpem_lambda_env_day_cls": 0.0,
    "fpem_lambda_env_hour_cls": 0.0,
    "fpem_lambda_env_rush_cls": 0.0,
    "fpem_env_use_exogenous": true,
    "fpem_env_exogenous_hour_dim": 8,
    "fpem_env_exogenous_day_dim": 4,
    "fpem_env_exogenous_rush_dim": 4,
    "fpem_env_exogenous_load_dim": 8,
    "fpem_env_exogenous_load_num_embeddings": 6,
    "fpem_env_exogenous_scale": 0.1,
    "fpem_env_use_period_context": true,
    "fpem_env_period_context_day_steps": 0,
    "fpem_env_period_context_week_steps": 0,
    "fpem_env_period_context_scale": 0.1,
    "fpem_ignore_future_c": true,
    "fpem_use_load_level_experts": true,
    "fpem_load_level_k": 1,
    "fpem_load_level_mode": "train_quantile",
    "fpem_randomize_train_load_level": false,
    "fpem_random_load_level_seed": 20260727,
    "fpem_use_environment_gate": false,
    "fpem_environment_gate_hidden_dim": 64,
    "fpem_environment_gate_warmup_epochs": 5,
    "fpem_environment_gate_margin_relative": 0.01,
    "fpem_environment_gate_temperature": 0.05,
    "fpem_lambda_environment_gate": 1.0,
    "fpem_lambda_load_expert": 0.2,
    "fpem_conservative_inv_override": false,
    "fpem_override_margin": 0.0,
    "fpem_override_threshold": 0.5,
    "fpem_override_threshold_grid": "0.50,0.55,0.60,0.65,0.70,0.75,0.80,0.85,0.90,0.95",
    "fpem_override_margin_grid": "",
    "fpem_override_threshold_selection_split": "val",
    "fpem_override_weight_min": 0.0,
    "fpem_override_weight_max": 20.0,
    "fpem_harmful_switch_weight": 2.0,
    "fpem_override_router_loss_weight": 1.0,
    "fpem_counterfactual_risk_router": false,
    "fpem_counterfactual_risk_stage2_start_epoch": 20,
    "fpem_counterfactual_risk_regression_weight": 1.0,
    "fpem_counterfactual_risk_ranking_weight": 0.5,
    "fpem_counterfactual_risk_router_loss_weight": 1.0,
    "fpem_counterfactual_risk_weight_min": 0.0,
    "fpem_counterfactual_risk_weight_max": 20.0,
    "fpem_counterfactual_risk_ranking_temperature": 1.0,
    "fpem_use_env_supcon": false,
    "fpem_lambda_env_supcon": 0.0,
    "fpem_env_supcon_temperature": 0.1,
    "fpem_use_inv_projector": false,
    "fpem_use_inv_env_adversarial": false,
    "fpem_lambda_inv_env_adv": 0.0,
    "fpem_grl_alpha": 1.0,
    "fpem_env_route_head_mode": "hyper_inv_film_proto_input_add",
    "fpem_use_env_prototype_router": false,
    "fpem_env_route_target_mode": "prediction_oracle",
    "fpem_env_route_train_mode": "soft_oracle",
    "fpem_env_route_inference_mode": "mlp",
    "fpem_env_prototype_temperature": 1.0,
    "fpem_env_route_hybrid_alpha": 1.0,
    "fpem_env_route_hybrid_alpha_start": 1.0,
    "fpem_env_route_hybrid_alpha_end": 0.5,
    "fpem_env_route_hybrid_alpha_decay_epochs": 30,
    "fpem_use_sinkhorn_route": false,
    "fpem_force_uniform_route": false,
    "fpem_env_rep_ablation": "normal",
    "fpem_env_route_sinkhorn_tau": 1.0,
    "fpem_env_route_sinkhorn_iters": 5,
    "fpem_env_sinkhorn_prediction_alpha_start": 0.2,
    "fpem_env_sinkhorn_prediction_alpha_final": 1.0,
    "fpem_env_sinkhorn_environment_beta_start": 1.0,
    "fpem_env_sinkhorn_environment_beta_final": 0.2,
    "fpem_env_sinkhorn_schedule_start_epoch": 5,
    "fpem_env_sinkhorn_schedule_end_epoch": 15,
    "fpem_env_sinkhorn_temporal_lambda": 0.05,
    "fpem_env_sinkhorn_gaussian_ema": 0.05,
    "fpem_env_sinkhorn_gaussian_min_var": 0.0001,
    "fpem_sinkhorn_warmup_epochs": 10,
    "fpem_sinkhorn_soft_end_epoch": 20,
    "fpem_sinkhorn_temperature_start": 1.0,
    "fpem_sinkhorn_temperature_final": 0.3,
    "fpem_sinkhorn_lambda_common": 0.1,
    "fpem_risk_router_temperature": 1.0,
    "fpem_risk_router_lambda": 0.5,
    "fpem_risk_router_pairwise_lambda": 0.0,
    "fpem_env_teacher_ema_momentum": 0.995,
    "fpem_env_partition_start_epoch": 5,
    "fpem_env_partition_update_interval": 5,
    "fpem_env_partition_freeze_last_epochs": 15,
    "fpem_env_partition_max_batches": -1,
    "fpem_env_max_clusters": 6,
    "fpem_env_min_cluster_ratio": 0.08,
    "fpem_env_gmm_n_init": 10,
    "fpem_env_gmm_variance_floor": 0.0001,
    "fpem_env_progressive_lambda_common": 0.2,
    "fpem_env_cluster_compactness_lambda": 0.01,
    "fpem_env_cluster_consistency_lambda": 0.05,
    "fpem_env_split_perturb_std": 1e-05,
    "fpem_sinkhorn_iters": 3,
    "fpem_sinkhorn_epsilon": 0.05,
    "fpem_expert_uniform_warmup_epochs": 0,
    "fpem_env_route_balance_warmup_epochs": 0,
    "fpem_env_route_initial_temperature": 1.0,
    "fpem_env_route_final_temperature": 0.3,
    "fpem_use_cross_cov_sep": false,
    "fpem_lambda_cross_cov_sep": 0.0,
    "confounder_virtual_batch_enabled": true,
    "confounder_virtual_batch_size": 8,
    "gci_ridge": null,
    "scd_ridge": null,
    "gci_detach_target": null,
    "scd_detach_target": null,
    "scd_alignment_weight": null,
    "save_test_selected_checkpoints": false,
    "fpem_use_confounder_extractor": false,
    "fpem_use_env_mask": false,
    "fpem_confounder_use_mask": false,
    "fpem_lambda_mask_sparse": 0.0,
    "fpem_lambda_mask_entropy": 0.0,
    "fpem_use_env_route": true,
    "fpem_env_route_k": 1,
    "fpem_use_observable_load_prior": true,
    "fpem_observable_load_prior_cache": "/data/OuXiaoyu/STEVE_CODE/STEVE/data/LargeST-SD_TDS/observable_load_prior_k3_v1.npz",
    "fpem_observable_load_random_seed": 314159,
    "fpem_use_random_balanced_assignment": false,
    "fpem_hyper_alpha_mode": "fixed_one",
    "fpem_use_hard_environment_router": false,
    "fpem_hard_router_hidden_dim": 64,
    "fpem_hard_router_warmup_epochs": 0,
    "fpem_lambda_hard_router": 0.0,
    "fpem_lambda_inv_pred": 0.2,
    "fpem_env_route_use_inv_fallback_expert": false,
    "fpem_env_route_lambda_balance": 0.0,
    "fpem_env_route_lambda_diverse": 0.0,
    "fpem_env_route_lambda_proto_align": 0.0,
    "fpem_env_route_lambda_entropy": 0.0,
    "fpem_env_route_lambda_route_soft": 0.0,
    "fpem_use_future_mi": false,
    "fpem_lambda_future_mi": 0.0,
    "fpem_use_swap": false,
    "fpem_lambda_swap": 0.0,
    "fpem_use_club_mi": false,
    "fpem_lambda_club_mi": 0.0,
    "fpem_use_env_fusion": false,
    "fpem_use_grad_consensus": false,
    "fpem_gc_pred_loss_only": true,
    "git_commit": "1b38ed8",
    "log_dir": "/data/OuXiaoyu/STEVE_CODE/STEVE/experiments/LargeST-SD_TDS/largest_sd_tds_fpem_conf_gci_period_context_seed2024_0817_12to12_period288",
    "fpem_env_period_context_day_steps_resolved": 288,
    "fpem_env_period_context_week_steps_resolved": 2016,
    "fpem_observable_load_prior_summary": {
      "path": "/data/OuXiaoyu/STEVE_CODE/STEVE/data/LargeST-SD_TDS/observable_load_prior_k3_v1.npz",
      "cache_version": 1,
      "created": false,
      "CP_shape": [
        716,
        1
      ],
      "CP_zero_count": 0,
      "thresholds": [
        0.3885474860335195,
        0.6608938547486033
      ],
      "random_assignment_seed": 314159,
      "metadata": {
        "cache_version": 1,
        "formula": "c_obs=clip(ceil(5*x[:,-1]/CP),0,5); CP=max(train_x,axis=(0,1)); CP==0 -> c_obs=0",
        "load_score": "mean(c_obs/5 over nodes and channels)",
        "quantiles": [
          0.3333333333333333,
          0.6666666666666666
        ],
        "random_assignment_seed": 314159,
        "source_x_shapes": {
          "test": [
            17652,
            12,
            716,
            1
          ],
          "train": [
            35017,
            12,
            716,
            1
          ],
          "val": [
            17460,
            12,
            716,
            1
          ]
        },
        "threshold_fit_split": "train",
        "uses_stored_c": false,
        "uses_target_y": false
      },
      "splits": {
        "train": {
          "samples": 35017,
          "c_obs_shape": [
            35017,
            716,
            1
          ],
          "score_min": 0.0,
          "score_max": 0.8340782122905028,
          "expert_counts": [
            11675,
            11672,
            11670
          ],
          "random_expert_counts": [
            11675,
            11672,
            11670
          ]
        },
        "val": {
          "samples": 17460,
          "c_obs_shape": [
            17460,
            716,
            1
          ],
          "score_min": 0.0,
          "score_max": 0.8072625698324022,
          "expert_counts": [
            8183,
            6993,
            2284
          ],
          "random_expert_counts": [
            8183,
            6993,
            2284
          ]
        },
        "test": {
          "samples": 17652,
          "c_obs_shape": [
            17652,
            716,
            1
          ],
          "score_min": 0.18547486033519547,
          "score_max": 0.7729050279329609,
          "expert_counts": [
            7573,
            8226,
            1853
          ],
          "random_expert_counts": [
            7573,
            8226,
            1853
          ]
        }
      }
    },
    "fpem_load_level_thresholds": [],
    "fpem_load_level_train_counts": [
      35017
    ],
    "fpem_load_level_source": "cached c_obs=clip(ceil(5*x[:, -1]/train-only CP),0,5)",
    "fpem_load_level_threshold_fit_split": "raw train",
    "fpem_load_level_uses_target_or_future_load": false,
    "fpem_input_scaler_mean": 225.87516555057064,
    "fpem_input_scaler_std": 178.6840098101831
  },
  "counts": {
    "train_total": 34944,
    "train_workday": 24960,
    "train_holiday": 9984,
    "train_workday_holiday_ratio": 2.5,
    "val_total": 17460,
    "val_workday": 12468,
    "val_holiday": 4992,
    "test_total": 17652,
    "test_workday": 12660,
    "test_holiday": 4992,
    "train_shuffle": true,
    "train_chronological_for_env_sinkhorn_temporal": false,
    "traffic_load_c_audit": {
      "ignored": true,
      "loaded_into_training_or_inference": false,
      "reason": "stored c is derived from future y[:,0]"
    },
    "observable_load_prior": {
      "path": "/data/OuXiaoyu/STEVE_CODE/STEVE/data/LargeST-SD_TDS/observable_load_prior_k3_v1.npz",
      "cache_version": 1,
      "created": false,
      "CP_shape": [
        716,
        1
      ],
      "CP_zero_count": 0,
      "thresholds": [
        0.3885474860335195,
        0.6608938547486033
      ],
      "random_assignment_seed": 314159,
      "metadata": {
        "cache_version": 1,
        "formula": "c_obs=clip(ceil(5*x[:,-1]/CP),0,5); CP=max(train_x,axis=(0,1)); CP==0 -> c_obs=0",
        "load_score": "mean(c_obs/5 over nodes and channels)",
        "quantiles": [
          0.3333333333333333,
          0.6666666666666666
        ],
        "random_assignment_seed": 314159,
        "source_x_shapes": {
          "test": [
            17652,
            12,
            716,
            1
          ],
          "train": [
            35017,
            12,
            716,
            1
          ],
          "val": [
            17460,
            12,
            716,
            1
          ]
        },
        "threshold_fit_split": "train",
        "uses_stored_c": false,
        "uses_target_y": false
      },
      "splits": {
        "train": {
          "samples": 35017,
          "c_obs_shape": [
            35017,
            716,
            1
          ],
          "score_min": 0.0,
          "score_max": 0.8340782122905028,
          "expert_counts": [
            11675,
            11672,
            11670
          ],
          "random_expert_counts": [
            11675,
            11672,
            11670
          ]
        },
        "val": {
          "samples": 17460,
          "c_obs_shape": [
            17460,
            716,
            1
          ],
          "score_min": 0.0,
          "score_max": 0.8072625698324022,
          "expert_counts": [
            8183,
            6993,
            2284
          ],
          "random_expert_counts": [
            8183,
            6993,
            2284
          ]
        },
        "test": {
          "samples": 17652,
          "c_obs_shape": [
            17652,
            716,
            1
          ],
          "score_min": 0.18547486033519547,
          "score_max": 0.7729050279329609,
          "expert_counts": [
            7573,
            8226,
            1853
          ],
          "random_expert_counts": [
            7573,
            8226,
            1853
          ]
        }
      }
    },
    "load_level_source": "cached c_obs=clip(ceil(5*x[:, -1]/train-only CP),0,5)",
    "load_level_threshold_fit_split": "raw train",
    "load_level_thresholds": [],
    "load_level_train_counts": [
      35017
    ],
    "load_level_uses_target_or_future_load": false,
    "fpem_env_use_period_context": true,
    "fpem_env_period_context_day_steps": 288,
    "fpem_env_period_context_week_steps": 2016,
    "fpem_env_period_context_train_day_coverage": 0.9917754233657937,
    "fpem_env_period_context_train_week_coverage": 0.9424279635605562,
    "fpem_env_period_context_val_day_coverage": 0.9835051546391752,
    "fpem_env_period_context_val_week_coverage": 0.8845360824742268,
    "fpem_env_period_context_test_day_coverage": 0.9836845683208701,
    "fpem_env_period_context_test_week_coverage": 0.8857919782460911,
    "fpem_env_period_context_computed_before_subset": true,
    "fpem_env_period_context_index_source": "raw chronological split before train/test subsetting",
    "fpem_env_period_context_invalid_fill": "current_input"
  },
  "trainable_params": 105303,
  "frozen_params": 184339,
  "optimizer_params": 105303,
  "resume_start_epoch": 1,
  "top_level_prediction_source": "observable_load_selected_expert_always_environment",
  "frozen_invariant_parameters": [
    "encoder_inv.node_embeddings",
    "encoder_inv.cells.0.gate.weights_pool",
    "encoder_inv.cells.0.gate.bias_pool",
    "encoder_inv.cells.0.update.weights_pool",
    "encoder_inv.cells.0.update.bias_pool"
  ],
  "trainable_invariant_parameters": [
    "tcl4h.weight",
    "tcl4h.bias",
    "invariant_predict_conv_2.weight",
    "invariant_predict_conv_2.bias"
  ],
  "invariant_candidate_val": {
    "mae": 157.01843178137258,
    "mape": 1.8433108315450173
  }
}
EPOCH {"epoch": 1, "train_loss": 27.021141678122156, "val": {"loss": 25.426918320530195, "mae": 25.42384294584152, "mape": 0.29095217703771836}, "test_mixed": {"loss": NaN, "mae": NaN, "mape": NaN}, "test_workday": {"loss": NaN, "mae": NaN, "mape": NaN}, "test_holiday": {"loss": NaN, "mae": NaN, "mape": NaN}, "test_avg_mae": NaN, "best_selection_value": 25.426918320530195, "best_selection_split": "val", "best_selection_metric": "val_loss", "lr": 0.001, "fpem_logs": {"fpem/fpem_env_use_exogenous": 1.0, "fpem/env_exogenous_available": 1.0, "fpem/env_exogenous_time_available": 1.0, "fpem/env_exogenous_load_available": 1.0, "fpem/env_exogenous_feature_dim": 24.0, "fpem/env_exogenous_embedding_norm": 2.0653705284094963, "fpem/env_exogenous_load_embedding_norm": 1.3082036723505583, "fpem/fpem_env_use_period_context": 1.0, "fpem/env_period_context_available": 1.0, "fpem/env_period_day_available_ratio": 0.9918440934065934, "fpem/env_period_week_available_ratio": 0.9425080128205128, "fpem/env_period_context_feature_dim": 3.0, "fpem/env_period_context_scale": 0.10000000149011612, "fpem/env_period_context_delta_norm": 0.16979617208525247, "fpem/env_period_context_day_diff_norm": 0.31807015178652204, "fpem/env_period_context_week_diff_norm": 0.13556949505674135, "fpem/env_rep_ablation_normal": 1.0, "fpem/env_rep_ablation_zero": 0.0, "fpem/env_rep_ablation_shuffle_batch": 0.0, "fpem/env_rep_ablation_mode_id": 0.0, "fpem/mask_loss": 0.0, "fpem/mask_sparse_loss": 0.0, "fpem/mask_entropy_loss": 0.0, "fpem/mask_mean": 1.0, "fpem/mask_entropy": 0.0, "fpem/mask_active_ratio": 1.0, "fpem/fusion_alpha_mean": 0.0, "fpem/fusion_alpha_std": 0.0, "fpem/fusion_alpha_min": 0.0, "fpem/fusion_alpha_max": 0.0, "fpem/env_route_loss": 4.490199274714395, "fpem/env_route_L_final": 22.45099598556866, "fpem/env_route_L_global": 0.0, "fpem/env_route_L_route_soft": 0.0, "fpem/env_route_L_expert": 22.450995985650536, "fpem/env_route_L_router_oracle": 0.0, "fpem/env_route_L_balance": 0.0, "fpem/env_route_L_diverse": 0.0, "fpem/env_route_L_proto_align": 0.0, "fpem/env_route_entropy": 0.0, "fpem/env_route_q_max_mean": 0.0, "fpem/hyper_alpha_mean": 0.0, "fpem/hyper_delta_norm": 0.0, "fpem/hyper_route_proto_mode_uniform_warmup": 0.0, "fpem/hyper_route_proto_mode_uniform_fixed": 0.0, "fpem/hyper_route_proto_mode_sinkhorn": 0.0, "fpem/hyper_route_proto_mode_softmax": 0.0, "fpem/fallback_q_mean": 0.0, "fpem/fallback_q_max": 0.0, "fpem/env_q_sum_mean": 1.0, "fpem/oracle_fallback_rate": 0.0, "fpem/route_count_fallback": 0.0, "fpem/env_route_head_mode": 1.0, "fpem/route_entropy_mean": 0.0, "fpem/route_mean_distribution_entropy": 0.0, "fpem/effective_expert_number": 1.0, "fpem/max_expert_usage_ratio": 0.0, "fpem/min_expert_usage_ratio": 0.0, "fpem/prototype_pairwise_cosine": 0.0, "fpem/expert_prediction_pairwise_cosine": 0.0, "fpem/expert_collapse_warning": 0.0, "fpem/env_route_target_mode_env_prototype": 0.0, "fpem/env_route_target_mode_hybrid": 0.0, "fpem/env_route_hybrid_alpha": 0.0, "fpem/env_route_train_mode_warmup_risk_sinkhorn": 0.0, "fpem/warmup_risk_stage_warmup": 0.0, "fpem/warmup_risk_stage_soft": 0.0, "fpem/warmup_risk_stage_hard": 0.0, "fpem/warmup_risk_selected_loss": 0.0, "fpem/warmup_risk_uniform_common_loss": 0.0, "fpem/warmup_risk_lambda_common": 0.0, "fpem/warmup_risk_total_common_term": 0.0, "fpem/warmup_risk_temperature": 0.0, "fpem/warmup_risk_temperature_progress": 0.0, "fpem/uniform_expert_mae": 0.0, "fpem/risk_routed_mae": 0.0, "fpem/risk_prediction_mae": 0.0, "fpem/risk_loss": 0.0, "fpem/risk_ranking_loss": 0.0, "fpem/risk_ranking_accuracy": 0.0, "fpem/risk_oracle_argmin_accuracy": 0.0, "fpem/risk_router_temperature": 0.0, "fpem/risk_router_lambda": 0.0, "fpem/risk_router_pairwise_lambda": 0.0, "fpem/env_route_train_mode_progressive_gmm_environment": 0.0, "fpem/top_level_prediction_source_progressive_gmm_teacher_hard": 0.0, "fpem/progressive_assignment_uses_target_or_prediction_error": 0.0, "fpem/progressive_partition_ready": 0.0, "fpem/progressive_selected_k": 0.0, "fpem/progressive_active_expert_count": 0.0, "fpem/progressive_last_partition_epoch": 0.0, "fpem/progressive_lambda_common": 0.0, "fpem/progressive_common_term": 0.0, "fpem/progressive_compactness_loss": 0.0, "fpem/progressive_consistency_loss": 0.0, "fpem/progressive_cluster_entropy": 0.0, "fpem/progressive_assignment_change_ratio": 0.0, "fpem/progressive_hungarian_overlap_score": 0.0, "fpem/progressive_partition_update_time_sec": 0.0, "fpem/progressive_routed_mae": 0.0, "fpem/progressive_gmm_environment_total_replaces_primary": 0.0, "fpem/env_route_count_head_0": 1.0, "fpem/env_route_oracle_count_head_0": 1.0, "fpem/route_count_env_head_0": 1.0, "fpem/route_soft_mean_expert_0": 1.0, "fpem/route_hard_count_expert_0": 1.0, "fpem/hard_count_expert_0": 1.0, "fpem/sinkhorn_soft_col_mass_expert_0": 0.0, "fpem/progressive_active_expert_0": 0.0, "fpem/progressive_cluster_size_0": 0.0, "fpem/progressive_cluster_ratio_0": 0.0, "fpem/progressive_cluster_to_expert_0": 0.0, "fpem/progressive_bic_k1": 0.0, "fpem/progressive_bic_score_k1": 0.0, "fpem/progressive_bic_rejected_k1": 0.0, "fpem/hyper_alpha_head_0": 0.0, "fpem/hyper_gamma_norm_head_0": 0.0, "fpem/hyper_beta_norm_head_0": 0.0, "fpem/expert_cross_mae_group_0_expert_0": 22.450995985650536, "fpem/load_expert_loss": 22.450995985650536, "fpem/hard_router_loss": 0.0, "fpem/hard_router_target_env_ratio": 0.9963942307692307, "fpem/hard_router_predicted_env_ratio": 0.2530334249084249, "fpem/hard_router_effective_env_ratio": 1.0, "fpem/hard_router_supervision_enabled": 0.0, "fpem/hard_router_warmup_active": 0.0, "fpem/load_level_assignment_detached": 1.0, "fpem/load_level_count_0": 34944.0, "fpem/load_level_ratio_0": 1.0, "fpem/expert_0_global_loss": 22.450995985650536, "fpem/expert_0_selected_loss": 22.450995985650536, "fpem/hard_router_margin_mean": 1.7315978761472408, "fpem/hard_router_gain_mean": 150.70879548842655, "fpem/hard_router_class_weight_invariant": 0.0, "fpem/hard_router_class_weight_environment": 0.0, "fpem/expert_prediction_pairwise_difference": 0.0, "fpem/delta_pairwise_cosine": 0.0, "fpem/delta_pairwise_l1": 0.0, "fpem/delta_pairwise_l2": 0.0, "fpem/expert_0_parameter_norm": 12.329227507360034, "fpem/hard_binary_router_enabled": 0.0, "fpem/hard_router_uses_target_in_forward": 0.0, "fpem/stored_future_c_loaded": 0.0, "fpem/prediction_is_weighted_complete_fusion": 0.0, "fpem/prediction_is_hard_route": 1.0, "fpem/conservative_inv_override_enabled": 0.0, "fpem/conservative_router_features_detached": 0.0, "fpem/counterfactual_risk_router_enabled": 0.0, "fpem/counterfactual_risk_stage2_active_forward": 0.0, "fpem/counterfactual_risk_deploy_route_active": 0.0, "fpem/counterfactual_risk_training_uses_route": 0.0, "fpem/counterfactual_risk_forward_uses_threshold": 0.0, "fpem/future_mi_loss": 0.0, "fpem/future_mi_valid": 0.0, "fpem/future_mi_logvar_mean": 0.0, "fpem/future_mi_target_mode_env_encoder": 0.0, "fpem/swap_loss": 0.0, "fpem/swap_diff_loss": 0.0, "fpem/swap_same_loss": 0.0, "fpem/swap_gain_mean": 0.0, "fpem/swap_s_gain_mean": 0.0, "fpem/swap_fallback_router_loss": 0.0, "fpem/swap_fallback_q_mean": 0.0, "fpem/swap_prediction_delta": 0.0, "fpem/swap_route_delta": 0.0, "fpem/swap_hyper_alpha_delta": 0.0, "fpem/swap_hyper_delta_norm": 0.0, "fpem/loss_env_day": 0.0, "fpem/loss_env_hour": 0.0, "fpem/loss_env_rush": 0.0, "fpem/env_day_acc": 0.0, "fpem/env_hour_acc": 0.0, "fpem/env_rush_acc": 0.0, "fpem/loss_env_supcon": 0.0, "fpem/env_supcon_valid_pairs": 0.0, "fpem/loss_inv_env_adv": 0.0, "fpem/inv_day_acc": 0.0, "fpem/inv_hour_acc": 0.0, "fpem/inv_rush_acc": 0.0, "fpem/loss_cross_cov_sep": 0.0, "fpem/confounder_dep_enabled": 1.0, "fpem/confounder_dep_mode_gci": 1.0, "fpem/confounder_dep_mode_scd": 0.0, "fpem/confounder_dep_mode_both": 0.0, "fpem/confounder_dep_total": 0.07994643166171295, "fpem/loss_gci": 0.002322085380008719, "fpem/loss_gci_drop": 0.0023220765325806295, "fpem/loss_gci_keep": 8.847259844634163e-08, "fpem/loss_gci_graph_align": 0.799464303595031, "fpem/loss_scd": 0.0, "fpem/loss_conf_kl": 0.35866355532763233, "fpem/effective_gci_weight": 0.0, "fpem/effective_gci_graph_align_weight": 0.10000000149011612, "fpem/effective_scd_weight": 0.0, "fpem/effective_conf_kl_weight": 0.0, "fpem/confounder_dep_ramp_factor": 0.0, "fpem/C_mean": 0.07253998139813553, "fpem/C_std": 0.9947401771109531, "fpem/C_norm": 3.0277484457585073, "fpem/confounder_token_norm": 5.655874333074896, "fpem/confounder_variational": 1.0, "fpem/confounder_projection_trace": 6.981458479026844, "fpem/confounder_projection_ridge": 0.000999971430279975, "fpem/confounder_projection_rank_dim": 7.999771062271062, "fpem/confounder_projection_calls": 0.9999713827838828, "fpem/confounder_projection_beta_norm": 195.09545846083867, "fpem/confounder_centered_c_norm": 2.789328704182154, "fpem/confounder_centered_z_norm": 58.589358051056756, "fpem/z_before_norm": 58.589358051056756, "fpem/z_after_norm": 0.2861336606480927, "fpem/z_before_after_diff_norm": 58.45234453120531, "fpem/confounder_dep_detach_target": 1.0, "fpem/physical_batch_size": 1.0, "fpem/confounder_virtual_batch_enabled": 1.0, "fpem/confounder_virtual_batch_target_size": 8.0, "fpem/confounder_virtual_batch_actual_size": 7.999198717948718, "fpem/confounder_queue_size": 6.999198717948718, "fpem/gci_nonedge_mass_before_C": 0.955370394773986, "fpem/gci_nonedge_mass_after_C": 0.9575533643501364, "fpem/gci_nonedge_mass_reduction": -0.0021829695761503972, "fpem/gci_relative_violation": 0.0023220765325806295, "fpem/gci_edge_before_C": 0.0014601009302518482, "fpem/gci_edge_after_C": 0.001396634548591831, "fpem/gci_nonedge_conn_before_C": 0.001393422866758789, "fpem/gci_nonedge_conn_after_C": 0.0013966067684792747, "fpem/gci_nonedge_conn_reduction": -3.183901720485631e-06, "fpem/gci_edge_conn_before_C": 0.0014601009302518482, "fpem/gci_edge_conn_after_C": 0.001396634548591831, "fpem/gci_edge_conn_reduction": 6.34663816600174e-05, "fpem/gci_nonedge_dep_before_C": 0.001393422866758789, "fpem/gci_nonedge_dep_after_C": 0.0013966067684792747, "fpem/gci_nonedge_dep_reduction": -3.183901720485631e-06, "fpem/gci_edge_dep_before_C": 0.0014601009302518482, "fpem/gci_edge_dep_after_C": 0.001396634548591831, "fpem/gci_nonedge_count": 490895.9515224359, "fpem/gci_edge_count": 21029.398179945056, "fpem/gci_node_count": 715.97951007326, "fpem/gci_node_vector_dim": 383.989010989011, "fpem/gci_graph_embed_dim": 15.999542124542124, "fpem/gci_graph_embedding_norm_before": 0.515040359648939, "fpem/gci_graph_embedding_norm_after": 0.2472298180063139, "fpem/gci_graph_embedding_std_before": 0.1308838774099598, "fpem/gci_graph_embedding_std_after": 0.057950963083522024, "fpem/gci_graph_adj_mean_before": 0.0013966081518973401, "fpem/gci_graph_adj_mean_after": 0.0013966081473098888, "fpem/gci_graph_adj_std_before": 0.00014894837169876984, "fpem/gci_graph_adj_std_after": 1.5959871895141703e-07, "fpem/gci_graph_align_weight": 0.09999713976846175, "fpem/gci_graph_align_raw_mse": 6.76966524754435e-08, "fpem/gci_graph_align_normalized": 0.799464303595031, "fpem/gci_edge_preserve_beta": 0.09999713976846175, "fpem/gci_graph_align_target_available": 0.9999713827838828, "fpem/gci_target_adj_mean": 0.0013966081519539754, "fpem/gci_target_adj_std": 0.0002909839640220932, "fpem/gci_target_edge_mean": 0.0016160226354752125, "fpem/gci_target_nonedge_mean": 0.001385675785528732, "fpem/gci_target_diag_mean": 0.0024475118070135093, "fpem/gci_graph_align_updates_agcrn": 0.0, "fpem/gci_updates_graph_linear": 0.0, "fpem/gci_graph_construction_agcrn_softmax": 0.9999713827838828, "fpem/scd_assoc_before_C": 0.0, "fpem/scd_assoc_after_C": 0.0, "fpem/scd_assoc_reduction": 0.0, "fpem/scd_relative_violation": 0.0, "fpem/sample_assoc_before_C": 0.0, "fpem/sample_assoc_after_C": 0.0, "fpem/sample_assoc_reduction": 0.0, "fpem/sample_dep_before_C": 0.0, "fpem/sample_dep_after_C": 0.0, "fpem/sample_dep_reduction": 0.0, "fpem/scd_batch_size": 0.0, "fpem/scd_sample_vector_dim": 0.0, "fpem/sample_kernel_alignment": 0.0, "fpem/scd_alignment_loss": 0.0, "fpem/load_level_experts_enabled": 1.0, "fpem/load_level_uses_target_or_future_load": 0.0, "fpem/environment_gate_uses_target_in_forward": 0.0, "fpem/load_level_env_residual_scale": 0.0, "fpem/uses_cached_observable_load_prior": 1.0, "fpem/primary_loss": 22.45099598556866, "fpem/inv_pred_loss": 173.159791522192, "fpem/primary_uses_route": 1.0, "fpem/primary_uses_env_fusion": 0.0, "fpem/backbone_agcrn": 1.0, "fpem/backbone_graphwavenet": 0.0, "fpem/backbone_staeformer": 0.0, "fpem/gc_pred_loss_only": 1.0, "fpem/env_route_head_mode_hyper_proto": 1.0, "fpem/fpem_force_uniform_route": 0.0, "fpem/hard_prediction_sinkhorn_total_replaces_primary": 0.0, "fpem/hard_prediction_environment_sinkhorn_total_replaces_primary": 0.0, "fpem/warmup_risk_sinkhorn_total_replaces_primary": 0.0, "fpem/lambda_club_mi": 0.0}}
EPOCH {"epoch": 2, "train_loss": 20.656508684772383, "val": {"loss": 24.83967231284029, "mae": 24.847251132275407, "mape": 0.2661949149454278}, "test_mixed": {"loss": NaN, "mae": NaN, "mape": NaN}, "test_workday": {"loss": NaN, "mae": NaN, "mape": NaN}, "test_holiday": {"loss": NaN, "mae": NaN, "mape": NaN}, "test_avg_mae": NaN, "best_selection_value": 24.83967231284029, "best_selection_split": "val", "best_selection_metric": "val_loss", "lr": 0.001, "fpem_logs": {"fpem/fpem_env_use_exogenous": 1.0, "fpem/env_exogenous_available": 1.0, "fpem/env_exogenous_time_available": 1.0, "fpem/env_exogenous_load_available": 1.0, "fpem/env_exogenous_feature_dim": 24.0, "fpem/env_exogenous_embedding_norm": 1.7542165205558087, "fpem/env_exogenous_load_embedding_norm": 1.0552909619400053, "fpem/fpem_env_use_period_context": 1.0, "fpem/env_period_context_available": 1.0, "fpem/env_period_day_available_ratio": 0.9918440934065934, "fpem/env_period_week_available_ratio": 0.9425080128205128, "fpem/env_period_context_feature_dim": 3.0, "fpem/env_period_context_scale": 0.10000000149011612, "fpem/env_period_context_delta_norm": 0.14280435137707406, "fpem/env_period_context_day_diff_norm": 0.31807015178652204, "fpem/env_period_context_week_diff_norm": 0.13556949505674135, "fpem/env_rep_ablation_normal": 1.0, "fpem/env_rep_ablation_zero": 0.0, "fpem/env_rep_ablation_shuffle_batch": 0.0, "fpem/env_rep_ablation_mode_id": 0.0, "fpem/mask_loss": 0.0, "fpem/mask_sparse_loss": 0.0, "fpem/mask_entropy_loss": 0.0, "fpem/mask_mean": 1.0, "fpem/mask_entropy": 0.0, "fpem/mask_active_ratio": 1.0, "fpem/fusion_alpha_mean": 0.0, "fpem/fusion_alpha_std": 0.0, "fpem/fusion_alpha_min": 0.0, "fpem/fusion_alpha_max": 0.0, "fpem/env_route_loss": 3.431260709746335, "fpem/env_route_L_final": 17.156303257978223, "fpem/env_route_L_global": 0.0, "fpem/env_route_L_route_soft": 0.0, "fpem/env_route_L_expert": 17.156303251428263, "fpem/env_route_L_router_oracle": 0.0, "fpem/env_route_L_balance": 0.0, "fpem/env_route_L_diverse": 0.0, "fpem/env_route_L_proto_align": 0.0, "fpem/env_route_entropy": 0.0, "fpem/env_route_q_max_mean": 0.0, "fpem/hyper_alpha_mean": 0.0, "fpem/hyper_delta_norm": 0.0, "fpem/hyper_route_proto_mode_uniform_warmup": 0.0, "fpem/hyper_route_proto_mode_uniform_fixed": 0.0, "fpem/hyper_route_proto_mode_sinkhorn": 0.0, "fpem/hyper_route_proto_mode_softmax": 0.0, "fpem/fallback_q_mean": 0.0, "fpem/fallback_q_max": 0.0, "fpem/env_q_sum_mean": 1.0, "fpem/oracle_fallback_rate": 0.0, "fpem/route_count_fallback": 0.0, "fpem/env_route_head_mode": 1.0, "fpem/route_entropy_mean": 0.0, "fpem/route_mean_distribution_entropy": 0.0, "fpem/effective_expert_number": 1.0, "fpem/max_expert_usage_ratio": 0.0, "fpem/min_expert_usage_ratio": 0.0, "fpem/prototype_pairwise_cosine": 0.0, "fpem/expert_prediction_pairwise_cosine": 0.0, "fpem/expert_collapse_warning": 0.0, "fpem/env_route_target_mode_env_prototype": 0.0, "fpem/env_route_target_mode_hybrid": 0.0, "fpem/env_route_hybrid_alpha": 0.0, "fpem/env_route_train_mode_warmup_risk_sinkhorn": 0.0, "fpem/warmup_risk_stage_warmup": 0.0, "fpem/warmup_risk_stage_soft": 0.0, "fpem/warmup_risk_stage_hard": 0.0, "fpem/warmup_risk_selected_loss": 0.0, "fpem/warmup_risk_uniform_common_loss": 0.0, "fpem/warmup_risk_lambda_common": 0.0, "fpem/warmup_risk_total_common_term": 0.0, "fpem/warmup_risk_temperature": 0.0, "fpem/warmup_risk_temperature_progress": 0.0, "fpem/uniform_expert_mae": 0.0, "fpem/risk_routed_mae": 0.0, "fpem/risk_prediction_mae": 0.0, "fpem/risk_loss": 0.0, "fpem/risk_ranking_loss": 0.0, "fpem/risk_ranking_accuracy": 0.0, "fpem/risk_oracle_argmin_accuracy": 0.0, "fpem/risk_router_temperature": 0.0, "fpem/risk_router_lambda": 0.0, "fpem/risk_router_pairwise_lambda": 0.0, "fpem/env_route_train_mode_progressive_gmm_environment": 0.0, "fpem/top_level_prediction_source_progressive_gmm_teacher_hard": 0.0, "fpem/progressive_assignment_uses_target_or_prediction_error": 0.0, "fpem/progressive_partition_ready": 0.0, "fpem/progressive_selected_k": 0.0, "fpem/progressive_active_expert_count": 0.0, "fpem/progressive_last_partition_epoch": 0.0, "fpem/progressive_lambda_common": 0.0, "fpem/progressive_common_term": 0.0, "fpem/progressive_compactness_loss": 0.0, "fpem/progressive_consistency_loss": 0.0, "fpem/progressive_cluster_entropy": 0.0, "fpem/progressive_assignment_change_ratio": 0.0, "fpem/progressive_hungarian_overlap_score": 0.0, "fpem/progressive_partition_update_time_sec": 0.0, "fpem/progressive_routed_mae": 0.0, "fpem/progressive_gmm_environment_total_replaces_primary": 0.0, "fpem/env_route_count_head_0": 1.0, "fpem/env_route_oracle_count_head_0": 1.0, "fpem/route_count_env_head_0": 1.0, "fpem/route_soft_mean_expert_0": 1.0, "fpem/route_hard_count_expert_0": 1.0, "fpem/hard_count_expert_0": 1.0, "fpem/sinkhorn_soft_col_mass_expert_0": 0.0, "fpem/progressive_active_expert_0": 0.0, "fpem/progressive_cluster_size_0": 0.0, "fpem/progressive_cluster_ratio_0": 0.0, "fpem/progressive_cluster_to_expert_0": 0.0, "fpem/progressive_bic_k1": 0.0, "fpem/progressive_bic_score_k1": 0.0, "fpem/progressive_bic_rejected_k1": 0.0, "fpem/hyper_alpha_head_0": 0.0, "fpem/hyper_gamma_norm_head_0": 0.0, "fpem/hyper_beta_norm_head_0": 0.0, "fpem/expert_cross_mae_group_0_expert_0": 17.156303251428263, "fpem/load_expert_loss": 17.156303251428263, "fpem/hard_router_loss": 0.0, "fpem/hard_router_target_env_ratio": 1.0, "fpem/hard_router_predicted_env_ratio": 0.19356684981684982, "fpem/hard_router_effective_env_ratio": 1.0, "fpem/hard_router_supervision_enabled": 0.0, "fpem/hard_router_warmup_active": 0.0, "fpem/load_level_assignment_detached": 1.0, "fpem/load_level_count_0": 34944.0, "fpem/load_level_ratio_0": 1.0, "fpem/expert_0_global_loss": 17.156303251428263, "fpem/expert_0_selected_loss": 17.156303251428263, "fpem/hard_router_margin_mean": 1.7275930758183584, "fpem/hard_router_gain_mean": 155.60300822321312, "fpem/hard_router_class_weight_invariant": 0.0, "fpem/hard_router_class_weight_environment": 0.0, "fpem/expert_prediction_pairwise_difference": 0.0, "fpem/delta_pairwise_cosine": 0.0, "fpem/delta_pairwise_l1": 0.0, "fpem/delta_pairwise_l2": 0.0, "fpem/expert_0_parameter_norm": 15.16515364587962, "fpem/hard_binary_router_enabled": 0.0, "fpem/hard_router_uses_target_in_forward": 0.0, "fpem/stored_future_c_loaded": 0.0, "fpem/prediction_is_weighted_complete_fusion": 0.0, "fpem/prediction_is_hard_route": 1.0, "fpem/conservative_inv_override_enabled": 0.0, "fpem/conservative_router_features_detached": 0.0, "fpem/counterfactual_risk_router_enabled": 0.0, "fpem/counterfactual_risk_stage2_active_forward": 0.0, "fpem/counterfactual_risk_deploy_route_active": 0.0, "fpem/counterfactual_risk_training_uses_route": 0.0, "fpem/counterfactual_risk_forward_uses_threshold": 0.0, "fpem/future_mi_loss": 0.0, "fpem/future_mi_valid": 0.0, "fpem/future_mi_logvar_mean": 0.0, "fpem/future_mi_target_mode_env_encoder": 0.0, "fpem/swap_loss": 0.0, "fpem/swap_diff_loss": 0.0, "fpem/swap_same_loss": 0.0, "fpem/swap_gain_mean": 0.0, "fpem/swap_s_gain_mean": 0.0, "fpem/swap_fallback_router_loss": 0.0, "fpem/swap_fallback_q_mean": 0.0, "fpem/swap_prediction_delta": 0.0, "fpem/swap_route_delta": 0.0, "fpem/swap_hyper_alpha_delta": 0.0, "fpem/swap_hyper_delta_norm": 0.0, "fpem/loss_env_day": 0.0, "fpem/loss_env_hour": 0.0, "fpem/loss_env_rush": 0.0, "fpem/env_day_acc": 0.0, "fpem/env_hour_acc": 0.0, "fpem/env_rush_acc": 0.0, "fpem/loss_env_supcon": 0.0, "fpem/env_supcon_valid_pairs": 0.0, "fpem/loss_inv_env_adv": 0.0, "fpem/inv_day_acc": 0.0, "fpem/inv_hour_acc": 0.0, "fpem/inv_rush_acc": 0.0, "fpem/loss_cross_cov_sep": 0.0, "fpem/confounder_dep_enabled": 1.0, "fpem/confounder_dep_mode_gci": 1.0, "fpem/confounder_dep_mode_scd": 0.0, "fpem/confounder_dep_mode_both": 0.0, "fpem/confounder_dep_total": 0.06894472288447534, "fpem/loss_gci": 0.003620594137304156, "fpem/loss_gci_drop": 0.0036205815968197476, "fpem/loss_gci_keep": 1.2539985885915858e-07, "fpem/loss_gci_graph_align": 0.6894472166469436, "fpem/loss_scd": 0.0, "fpem/loss_conf_kl": 0.32249923952558374, "fpem/effective_gci_weight": 0.0, "fpem/effective_gci_graph_align_weight": 0.10000000149011612, "fpem/effective_scd_weight": 0.0, "fpem/effective_conf_kl_weight": 0.0, "fpem/confounder_dep_ramp_factor": 0.0, "fpem/C_mean": 0.04592923034942942, "fpem/C_std": 0.9850413265319083, "fpem/C_norm": 2.9930541210094868, "fpem/confounder_token_norm": 5.655367260996675, "fpem/confounder_variational": 1.0, "fpem/confounder_projection_trace": 6.982362516865734, "fpem/confounder_projection_ridge": 0.0010000000474974513, "fpem/confounder_projection_rank_dim": 8.0, "fpem/confounder_projection_calls": 1.0, "fpem/confounder_projection_beta_norm": 292.771862726181, "fpem/confounder_centered_c_norm": 2.759785652273222, "fpem/confounder_centered_z_norm": 87.62088057355129, "fpem/z_before_norm": 87.62088057355129, "fpem/z_after_norm": 0.4298265097275182, "fpem/z_before_after_diff_norm": 87.41545002659161, "fpem/confounder_dep_detach_target": 1.0, "fpem/physical_batch_size": 1.0, "fpem/confounder_virtual_batch_enabled": 1.0, "fpem/confounder_virtual_batch_target_size": 8.0, "fpem/confounder_virtual_batch_actual_size": 8.0, "fpem/confounder_queue_size": 7.0, "fpem/gci_nonedge_mass_before_C": 0.9540706250352629, "fpem/gci_nonedge_mass_after_C": 0.9575802964352809, "fpem/gci_nonedge_mass_reduction": -0.003509671400018009, "fpem/gci_relative_violation": 0.0036205815968197476, "fpem/gci_edge_before_C": 0.0014985358117679932, "fpem/gci_edge_after_C": 0.0013966884538064363, "fpem/gci_nonedge_conn_before_C": 0.0013915271320368383, "fpem/gci_nonedge_conn_after_C": 0.001396646043878598, "fpem/gci_nonedge_conn_reduction": -5.118911841759738e-06, "fpem/gci_edge_conn_before_C": 0.0014985358117679932, "fpem/gci_edge_conn_after_C": 0.0013966884538064363, "fpem/gci_edge_conn_reduction": 0.00010184735796155686, "fpem/gci_nonedge_dep_before_C": 0.0013915271320368383, "fpem/gci_nonedge_dep_after_C": 0.001396646043878598, "fpem/gci_nonedge_dep_reduction": -5.118911841759738e-06, "fpem/gci_edge_dep_before_C": 0.0014985358117679932, "fpem/gci_edge_dep_after_C": 0.0013966884538064363, "fpem/gci_nonedge_count": 490910.0, "fpem/gci_edge_count": 21030.0, "fpem/gci_node_count": 716.0, "fpem/gci_node_vector_dim": 384.0, "fpem/gci_graph_embed_dim": 16.0, "fpem/gci_graph_embedding_norm_before": 0.6193831257288422, "fpem/gci_graph_embedding_norm_after": 0.241969391057991, "fpem/gci_graph_embedding_std_before": 0.15639664454474336, "fpem/gci_graph_embedding_std_after": 0.05567147529295103, "fpem/gci_graph_adj_mean_before": 0.001396648120185041, "fpem/gci_graph_adj_mean_after": 0.001396648116290538, "fpem/gci_graph_adj_std_before": 0.00018522022905801408, "fpem/gci_graph_adj_std_after": 1.8691123168009878e-07, "fpem/gci_graph_align_weight": 0.10000000149011612, "fpem/gci_graph_align_raw_mse": 5.8380678380833115e-08, "fpem/gci_graph_align_normalized": 0.6894472166469436, "fpem/gci_edge_preserve_beta": 0.10000000149011612, "fpem/gci_graph_align_target_available": 1.0, "fpem/gci_target_adj_mean": 0.001396648120135069, "fpem/gci_target_adj_std": 0.00029099229141138494, "fpem/gci_target_edge_mean": 0.001616068882867694, "fpem/gci_target_nonedge_mean": 0.0013857154408469796, "fpem/gci_target_diag_mean": 0.0024475818499922752, "fpem/gci_graph_align_updates_agcrn": 0.0, "fpem/gci_updates_graph_linear": 0.0, "fpem/gci_graph_construction_agcrn_softmax": 1.0, "fpem/scd_assoc_before_C": 0.0, "fpem/scd_assoc_after_C": 0.0, "fpem/scd_assoc_reduction": 0.0, "fpem/scd_relative_violation": 0.0, "fpem/sample_assoc_before_C": 0.0, "fpem/sample_assoc_after_C": 0.0, "fpem/sample_assoc_reduction": 0.0, "fpem/sample_dep_before_C": 0.0, "fpem/sample_dep_after_C": 0.0, "fpem/sample_dep_reduction": 0.0, "fpem/scd_batch_size": 0.0, "fpem/scd_sample_vector_dim": 0.0, "fpem/sample_kernel_alignment": 0.0, "fpem/scd_alignment_loss": 0.0, "fpem/load_level_experts_enabled": 1.0, "fpem/load_level_uses_target_or_future_load": 0.0, "fpem/environment_gate_uses_target_in_forward": 0.0, "fpem/load_level_env_residual_scale": 0.0, "fpem/uses_cached_observable_load_prior": 1.0, "fpem/primary_loss": 17.156303257978223, "fpem/inv_pred_loss": 172.75931147122995, "fpem/primary_uses_route": 1.0, "fpem/primary_uses_env_fusion": 0.0, "fpem/backbone_agcrn": 1.0, "fpem/backbone_graphwavenet": 0.0, "fpem/backbone_staeformer": 0.0, "fpem/gc_pred_loss_only": 1.0, "fpem/env_route_head_mode_hyper_proto": 1.0, "fpem/fpem_force_uniform_route": 0.0, "fpem/hard_prediction_sinkhorn_total_replaces_primary": 0.0, "fpem/hard_prediction_environment_sinkhorn_total_replaces_primary": 0.0, "fpem/warmup_risk_sinkhorn_total_replaces_primary": 0.0, "fpem/lambda_club_mi": 0.0}}
Traceback (most recent call last):
  File "/data/OuXiaoyu/STEVE_CODE/STEVE/run_tds_nyctaxi.py", line 2667, in <module>
    train_one(parse_args())
  File "/data/OuXiaoyu/STEVE_CODE/STEVE/run_tds_nyctaxi.py", line 1947, in train_one
    loss.backward()
  File "/data/OuXiaoyu/miniconda3/envs/basicts/lib/python3.11/site-packages/torch/_tensor.py", line 581, in backward
    torch.autograd.backward(
  File "/data/OuXiaoyu/miniconda3/envs/basicts/lib/python3.11/site-packages/torch/autograd/__init__.py", line 347, in backward
    _engine_run_backward(
  File "/data/OuXiaoyu/miniconda3/envs/basicts/lib/python3.11/site-packages/torch/autograd/graph.py", line 825, in _engine_run_backward
    return Variable._execution_engine.run_backward(  # Calls into the C++ engine to run the backward pass
           ^^^^^^^^^^^^^^^^^^^^^^^^^^^^^^^^^^^^^^^^^^^^^^^^^^^^^^^^^^^^^^^^^^^^^^^^^^^^^^^^^^^^^^^^^^^^^^
KeyboardInterrupt
