[INFO] DATASET_NAME=LargeST-SD_TDS
[INFO] CONFIG_FILE=configs/LargeST_SD_TDS.yaml
[INFO] GRAPH_FILE=data/LargeST-SD_TDS/adj_mx.npz
[INFO] DATASET_DIR=data/LargeST-SD_TDS
[INFO] OBS_CACHE=/data/OuXiaoyu/STEVE_CODE/STEVE/data/LargeST-SD_TDS/observable_load_prior_k3_v1.npz
[INFO] RESULT_ROOT=experiments/LargeST-SD_TDS
[INFO] GPU_ID=0 SEED=2024
[INFO] PURE_RUN=largest_sd_tds_pure_agcrn_seed2024_0815
[INFO] FPEM_RUN=largest_sd_tds_fpem_conf_gci_period_context_seed2024_0815
[INFO] ROUTER_OUTPUT_ROOT=/data/OuXiaoyu/STEVE_CODE/STEVE/experiments/LargeST-SD_TDS/largest_sd_tds_relative_gap_router_from_largest_sd_tds_fpem_conf_gci_period_context_seed2024_0815
[INFO] batches pretrain=4/8 fpem=1/2
[INFO] lightweight AGCRN/FPEM d_model=32 rnn_units=32 layers=1 cheb_k=2
[STAGE1] pretrain pure AGCRN -> largest_sd_tds_pure_agcrn_seed2024_0815
/data/OuXiaoyu/miniconda3/envs/basicts/lib/python3.11/site-packages/torch/optim/lr_scheduler.py:62: UserWarning: The verbose parameter is deprecated. Please use get_last_lr() to access the learning rate.
  warnings.warn(
{
  "args": {
    "seed": 2024,
    "device": "cuda:0",
    "mode": "train",
    "best_path": "",
    "debug": false,
    "dataset": "LargeST-SD_TDS",
    "data_dir": "/data/OuXiaoyu/STEVE_CODE/STEVE/data",
    "graph_file": "/data/OuXiaoyu/STEVE_CODE/STEVE/data/LargeST-SD_TDS/adj_mx.npz",
    "num_nodes": 716,
    "input_length": 35,
    "output_T_dim": 1,
    "batch_size": 4,
    "test_batch_size": 8,
    "len_closeness": 8,
    "len_period": 27,
    "len_trend": 0,
    "result_root": "/data/OuXiaoyu/STEVE_CODE/STEVE/experiments/LargeST-SD_TDS",
    "d_input": 1,
    "d_output": 1,
    "d_model": 32,
    "dropout": 0.1,
    "percent": 0.1,
    "shm_temp": 0.5,
    "nmb_prototype": 4,
    "yita": 0.5,
    "layers": 3,
    "K": 64,
    "bank_gamma": 0.2,
    "kw": 1,
    "mi_w": 2,
    "epochs": 100,
    "lr_init": 0.001,
    "early_stop": true,
    "early_stop_patience": 20,
    "grad_norm": true,
    "max_grad_norm": 5,
    "use_dwa": true,
    "temp": 2,
    "MMI": false,
    "lr_patience": 20,
    "lr_mode": "only",
    "use_RevIN": true,
    "confounder_dep_mode": "none",
    "confounder_extractor": "token_attention",
    "confounder_dim": 8,
    "confounder_num_heads": 4,
    "confounder_attention_dropout": 0.0,
    "confounder_graph_embed_dim": 16,
    "confounder_variational": true,
    "confounder_kl_weight": 0.0001,
    "confounder_dep_warmup_epochs": 5,
    "confounder_dep_ramp_epochs": 10,
    "confounder_projection_ridge": 0.001,
    "confounder_dep_detach_target": true,
    "gci_weight": 0.001,
    "gci_graph_align_weight": 0.1,
    "gci_edge_preserve_beta": 0.1,
    "gci_graph_hops": 1,
    "gci_symmetrize_adj": true,
    "gci_add_self_loops": true,
    "scd_weight": 0.001,
    "dep_eps": 1e-06,
    "confounder_injection": "none",
    "ablation": "full",
    "config_filename": "/data/OuXiaoyu/STEVE_CODE/STEVE/configs/LargeST_SD_TDS.yaml",
    "model": "agcrn",
    "data_seed": 2024,
    "early_stop_test_avg_mae_epoch": 0,
    "early_stop_test_avg_mae_threshold": 0.0,
    "train_work_per_holiday": 2.5,
    "exp_name": "largest_sd_tds_pure_agcrn_seed2024_0815",
    "run_name": "largest_sd_tds_pure_agcrn_seed2024_0815",
    "resume": true,
    "resume_reset_patience": true,
    "best_selection_split": "val",
    "max_train_batches": null,
    "max_eval_batches": null,
    "fpem_backbone": "agcrn",
    "agcrn_lr": 0.003,
    "agcrn_embed_dim": 10,
    "agcrn_rnn_units": 32,
    "agcrn_num_layers": 1,
    "agcrn_cheb_k": 2,
    "graphwavenet_layers": 4,
    "graphwavenet_kernel_size": 2,
    "graphwavenet_dropout": 0.1,
    "staeformer_layers": 2,
    "staeformer_heads": 4,
    "staeformer_dropout": 0.1,
    "staeformer_mlp_ratio": 2.0,
    "staeformer_input_length_max": 512,
    "fpem_use_pretrained_inv_agcrn": false,
    "fpem_pretrained_inv_agcrn_path": "/data/OuXiaoyu/STEVE_CODE/STEVE/experiments/NYCTaxi_TDS/pure_agcrn_seed2024/best_val_model.pth",
    "fpem_use_env_supervision": false,
    "fpem_lambda_env_day_cls": 0.0,
    "fpem_lambda_env_hour_cls": 0.0,
    "fpem_lambda_env_rush_cls": 0.0,
    "fpem_env_use_exogenous": true,
    "fpem_env_exogenous_hour_dim": 8,
    "fpem_env_exogenous_day_dim": 4,
    "fpem_env_exogenous_rush_dim": 4,
    "fpem_env_exogenous_load_dim": 8,
    "fpem_env_exogenous_load_num_embeddings": 6,
    "fpem_env_exogenous_scale": 0.1,
    "fpem_env_use_period_context": false,
    "fpem_env_period_context_day_steps": 0,
    "fpem_env_period_context_week_steps": 0,
    "fpem_env_period_context_scale": 0.1,
    "fpem_ignore_future_c": false,
    "fpem_use_load_level_experts": false,
    "fpem_load_level_k": 3,
    "fpem_load_level_mode": "train_quantile",
    "fpem_randomize_train_load_level": false,
    "fpem_random_load_level_seed": 20260727,
    "fpem_use_environment_gate": true,
    "fpem_environment_gate_hidden_dim": 64,
    "fpem_environment_gate_warmup_epochs": 5,
    "fpem_environment_gate_margin_relative": 0.01,
    "fpem_environment_gate_temperature": 0.05,
    "fpem_lambda_environment_gate": 1.0,
    "fpem_lambda_load_expert": 0.2,
    "fpem_conservative_inv_override": false,
    "fpem_override_margin": 0.0,
    "fpem_override_threshold": 0.5,
    "fpem_override_threshold_grid": "0.50,0.55,0.60,0.65,0.70,0.75,0.80,0.85,0.90,0.95",
    "fpem_override_margin_grid": "",
    "fpem_override_threshold_selection_split": "val",
    "fpem_override_weight_min": 0.0,
    "fpem_override_weight_max": 20.0,
    "fpem_harmful_switch_weight": 2.0,
    "fpem_override_router_loss_weight": 1.0,
    "fpem_counterfactual_risk_router": false,
    "fpem_counterfactual_risk_stage2_start_epoch": 20,
    "fpem_counterfactual_risk_regression_weight": 1.0,
    "fpem_counterfactual_risk_ranking_weight": 0.5,
    "fpem_counterfactual_risk_router_loss_weight": 1.0,
    "fpem_counterfactual_risk_weight_min": 0.0,
    "fpem_counterfactual_risk_weight_max": 20.0,
    "fpem_counterfactual_risk_ranking_temperature": 1.0,
    "fpem_use_env_supcon": false,
    "fpem_lambda_env_supcon": 0.0,
    "fpem_env_supcon_temperature": 0.1,
    "fpem_use_inv_projector": false,
    "fpem_use_inv_env_adversarial": false,
    "fpem_lambda_inv_env_adv": 0.0,
    "fpem_grl_alpha": 1.0,
    "fpem_env_route_head_mode": "concat_input",
    "fpem_use_env_prototype_router": false,
    "fpem_env_route_target_mode": "prediction_oracle",
    "fpem_env_route_train_mode": "soft_oracle",
    "fpem_env_route_inference_mode": "mlp",
    "fpem_env_prototype_temperature": 1.0,
    "fpem_env_route_hybrid_alpha": 1.0,
    "fpem_env_route_hybrid_alpha_start": 1.0,
    "fpem_env_route_hybrid_alpha_end": 0.5,
    "fpem_env_route_hybrid_alpha_decay_epochs": 30,
    "fpem_use_sinkhorn_route": false,
    "fpem_force_uniform_route": false,
    "fpem_env_rep_ablation": "normal",
    "fpem_env_route_sinkhorn_tau": 1.0,
    "fpem_env_route_sinkhorn_iters": 5,
    "fpem_env_sinkhorn_prediction_alpha_start": 0.2,
    "fpem_env_sinkhorn_prediction_alpha_final": 1.0,
    "fpem_env_sinkhorn_environment_beta_start": 1.0,
    "fpem_env_sinkhorn_environment_beta_final": 0.2,
    "fpem_env_sinkhorn_schedule_start_epoch": 5,
    "fpem_env_sinkhorn_schedule_end_epoch": 15,
    "fpem_env_sinkhorn_temporal_lambda": 0.05,
    "fpem_env_sinkhorn_gaussian_ema": 0.05,
    "fpem_env_sinkhorn_gaussian_min_var": 0.0001,
    "fpem_sinkhorn_warmup_epochs": 10,
    "fpem_sinkhorn_soft_end_epoch": 20,
    "fpem_sinkhorn_temperature_start": 1.0,
    "fpem_sinkhorn_temperature_final": 0.3,
    "fpem_sinkhorn_lambda_common": 0.1,
    "fpem_risk_router_temperature": 1.0,
    "fpem_risk_router_lambda": 0.5,
    "fpem_risk_router_pairwise_lambda": 0.0,
    "fpem_env_teacher_ema_momentum": 0.995,
    "fpem_env_partition_start_epoch": 5,
    "fpem_env_partition_update_interval": 5,
    "fpem_env_partition_freeze_last_epochs": 15,
    "fpem_env_partition_max_batches": -1,
    "fpem_env_max_clusters": 6,
    "fpem_env_min_cluster_ratio": 0.08,
    "fpem_env_gmm_n_init": 10,
    "fpem_env_gmm_variance_floor": 0.0001,
    "fpem_env_progressive_lambda_common": 0.2,
    "fpem_env_cluster_compactness_lambda": 0.01,
    "fpem_env_cluster_consistency_lambda": 0.05,
    "fpem_env_split_perturb_std": 1e-05,
    "fpem_sinkhorn_iters": 3,
    "fpem_sinkhorn_epsilon": 0.05,
    "fpem_expert_uniform_warmup_epochs": 0,
    "fpem_env_route_balance_warmup_epochs": 0,
    "fpem_env_route_initial_temperature": 1.0,
    "fpem_env_route_final_temperature": 0.3,
    "fpem_use_cross_cov_sep": false,
    "fpem_lambda_cross_cov_sep": 0.0,
    "gci_ridge": null,
    "scd_ridge": null,
    "gci_detach_target": null,
    "scd_detach_target": null,
    "scd_alignment_weight": null,
    "save_test_selected_checkpoints": false,
    "git_commit": "1b38ed8",
    "log_dir": "/data/OuXiaoyu/STEVE_CODE/STEVE/experiments/LargeST-SD_TDS/largest_sd_tds_pure_agcrn_seed2024_0815",
    "fpem_env_period_context_day_steps_resolved": 96,
    "fpem_env_period_context_week_steps_resolved": 672,
    "fpem_load_level_thresholds": [],
    "fpem_random_train_load_levels": [],
    "fpem_load_level_train_counts": [],
    "fpem_input_scaler_mean": 225.87303439178956,
    "fpem_input_scaler_std": 178.67666305244455
  },
  "counts": {
    "train_total": 34944,
    "train_workday": 24960,
    "train_holiday": 9984,
    "train_workday_holiday_ratio": 2.5,
    "val_total": 17471,
    "val_workday": 12479,
    "val_holiday": 4992,
    "test_total": 17663,
    "test_workday": 12671,
    "test_holiday": 4992,
    "train_shuffle": true,
    "train_chronological_for_env_sinkhorn_temporal": false,
    "traffic_load_c_audit": {
      "train": {
        "shape": [
          35005,
          1,
          716,
          1
        ],
        "min": 0.0,
        "max": 5.0,
        "unique_values": [
          0.0,
          1.0,
          2.0,
          3.0,
          4.0,
          5.0
        ]
      },
      "val": {
        "shape": [
          17471,
          1,
          716,
          1
        ],
        "min": 0.0,
        "max": 5.0,
        "unique_values": [
          0.0,
          1.0,
          2.0,
          3.0,
          4.0,
          5.0
        ]
      },
      "test": {
        "shape": [
          17663,
          1,
          716,
          1
        ],
        "min": 0.0,
        "max": 5.0,
        "unique_values": [
          0.0,
          1.0,
          2.0,
          3.0,
          4.0,
          5.0
        ]
      }
    },
    "observable_load_prior": null,
    "load_level_source": null,
    "load_level_threshold_fit_split": null,
    "load_level_thresholds": [],
    "load_level_train_counts": [],
    "load_level_uses_target_or_future_load": false,
    "fpem_env_use_period_context": false,
    "fpem_env_period_context_day_steps": 96,
    "fpem_env_period_context_week_steps": 672,
    "fpem_env_period_context_train_day_coverage": 0.0,
    "fpem_env_period_context_train_week_coverage": 0.0,
    "fpem_env_period_context_val_day_coverage": 0.0,
    "fpem_env_period_context_val_week_coverage": 0.0,
    "fpem_env_period_context_test_day_coverage": 0.0,
    "fpem_env_period_context_test_week_coverage": 0.0,
    "fpem_env_period_context_computed_before_subset": false,
    "fpem_env_period_context_index_source": "disabled",
    "fpem_env_period_context_invalid_fill": "disabled"
  },
  "trainable_params": 71513,
  "frozen_params": 0,
  "optimizer_params": 71513,
  "resume_start_epoch": 1,
  "top_level_prediction_source": "model_forward_prediction",
  "frozen_invariant_parameters": [],
  "trainable_invariant_parameters": [],
  "invariant_candidate_val": null
}
EPOCH {"epoch": 1, "train_loss": 14.896457306685901, "val": {"loss": 11.605832471952333, "mae": 11.665619850158691, "mape": 0.11069079488515854}, "test_mixed": {"loss": NaN, "mae": NaN, "mape": NaN}, "test_workday": {"loss": NaN, "mae": NaN, "mape": NaN}, "test_holiday": {"loss": NaN, "mae": NaN, "mape": NaN}, "test_avg_mae": NaN, "best_selection_value": 11.605832471952333, "best_selection_split": "val", "best_selection_metric": "val_loss", "lr": 0.003}
[INFO] DATASET_NAME=LargeST-SD_TDS
[INFO] CONFIG_FILE=configs/LargeST_SD_TDS.yaml
[INFO] GRAPH_FILE=data/LargeST-SD_TDS/adj_mx.npz
[INFO] DATASET_DIR=data/LargeST-SD_TDS
[INFO] OBS_CACHE=/data/OuXiaoyu/STEVE_CODE/STEVE/data/LargeST-SD_TDS/observable_load_prior_k3_v1.npz
[INFO] RESULT_ROOT=experiments/LargeST-SD_TDS
[INFO] GPU_ID=0 SEED=2024
[INFO] PURE_RUN=largest_sd_tds_pure_agcrn_seed2024_0815
[INFO] FPEM_RUN=largest_sd_tds_fpem_conf_gci_period_context_seed2024_0815
[INFO] ROUTER_OUTPUT_ROOT=/data/OuXiaoyu/STEVE_CODE/STEVE/experiments/LargeST-SD_TDS/largest_sd_tds_relative_gap_router_from_largest_sd_tds_fpem_conf_gci_period_context_seed2024_0815
[INFO] batches pretrain=4/8 fpem=1/2
[INFO] lightweight AGCRN/FPEM d_model=32 rnn_units=32 layers=1 cheb_k=2
[STAGE1] pretrain pure AGCRN -> largest_sd_tds_pure_agcrn_seed2024_0815
/data/OuXiaoyu/miniconda3/envs/basicts/lib/python3.11/site-packages/torch/optim/lr_scheduler.py:62: UserWarning: The verbose parameter is deprecated. Please use get_last_lr() to access the learning rate.
  warnings.warn(
{
  "args": {
    "seed": 2024,
    "device": "cuda:0",
    "mode": "train",
    "best_path": "",
    "debug": false,
    "dataset": "LargeST-SD_TDS",
    "data_dir": "/data/OuXiaoyu/STEVE_CODE/STEVE/data",
    "graph_file": "/data/OuXiaoyu/STEVE_CODE/STEVE/data/LargeST-SD_TDS/adj_mx.npz",
    "num_nodes": 716,
    "input_length": 35,
    "output_T_dim": 1,
    "batch_size": 4,
    "test_batch_size": 8,
    "len_closeness": 8,
    "len_period": 27,
    "len_trend": 0,
    "result_root": "/data/OuXiaoyu/STEVE_CODE/STEVE/experiments/LargeST-SD_TDS",
    "d_input": 1,
    "d_output": 1,
    "d_model": 32,
    "dropout": 0.1,
    "percent": 0.1,
    "shm_temp": 0.5,
    "nmb_prototype": 4,
    "yita": 0.5,
    "layers": 3,
    "K": 64,
    "bank_gamma": 0.2,
    "kw": 1,
    "mi_w": 2,
    "epochs": 100,
    "lr_init": 0.001,
    "early_stop": true,
    "early_stop_patience": 20,
    "grad_norm": true,
    "max_grad_norm": 5,
    "use_dwa": true,
    "temp": 2,
    "MMI": false,
    "lr_patience": 20,
    "lr_mode": "only",
    "use_RevIN": true,
    "confounder_dep_mode": "none",
    "confounder_extractor": "token_attention",
    "confounder_dim": 8,
    "confounder_num_heads": 4,
    "confounder_attention_dropout": 0.0,
    "confounder_graph_embed_dim": 16,
    "confounder_variational": true,
    "confounder_kl_weight": 0.0001,
    "confounder_dep_warmup_epochs": 5,
    "confounder_dep_ramp_epochs": 10,
    "confounder_projection_ridge": 0.001,
    "confounder_dep_detach_target": true,
    "gci_weight": 0.001,
    "gci_graph_align_weight": 0.1,
    "gci_edge_preserve_beta": 0.1,
    "gci_graph_hops": 1,
    "gci_symmetrize_adj": true,
    "gci_add_self_loops": true,
    "scd_weight": 0.001,
    "dep_eps": 1e-06,
    "confounder_injection": "none",
    "ablation": "full",
    "config_filename": "/data/OuXiaoyu/STEVE_CODE/STEVE/configs/LargeST_SD_TDS.yaml",
    "model": "agcrn",
    "data_seed": 2024,
    "early_stop_test_avg_mae_epoch": 0,
    "early_stop_test_avg_mae_threshold": 0.0,
    "train_work_per_holiday": 2.5,
    "exp_name": "largest_sd_tds_pure_agcrn_seed2024_0815",
    "run_name": "largest_sd_tds_pure_agcrn_seed2024_0815",
    "resume": true,
    "resume_reset_patience": true,
    "best_selection_split": "val",
    "max_train_batches": null,
    "max_eval_batches": null,
    "fpem_backbone": "agcrn",
    "agcrn_lr": 0.003,
    "agcrn_embed_dim": 10,
    "agcrn_rnn_units": 32,
    "agcrn_num_layers": 1,
    "agcrn_cheb_k": 2,
    "graphwavenet_layers": 4,
    "graphwavenet_kernel_size": 2,
    "graphwavenet_dropout": 0.1,
    "staeformer_layers": 2,
    "staeformer_heads": 4,
    "staeformer_dropout": 0.1,
    "staeformer_mlp_ratio": 2.0,
    "staeformer_input_length_max": 512,
    "fpem_use_pretrained_inv_agcrn": false,
    "fpem_pretrained_inv_agcrn_path": "/data/OuXiaoyu/STEVE_CODE/STEVE/experiments/NYCTaxi_TDS/pure_agcrn_seed2024/best_val_model.pth",
    "fpem_use_env_supervision": false,
    "fpem_lambda_env_day_cls": 0.0,
    "fpem_lambda_env_hour_cls": 0.0,
    "fpem_lambda_env_rush_cls": 0.0,
    "fpem_env_use_exogenous": true,
    "fpem_env_exogenous_hour_dim": 8,
    "fpem_env_exogenous_day_dim": 4,
    "fpem_env_exogenous_rush_dim": 4,
    "fpem_env_exogenous_load_dim": 8,
    "fpem_env_exogenous_load_num_embeddings": 6,
    "fpem_env_exogenous_scale": 0.1,
    "fpem_env_use_period_context": false,
    "fpem_env_period_context_day_steps": 0,
    "fpem_env_period_context_week_steps": 0,
    "fpem_env_period_context_scale": 0.1,
    "fpem_ignore_future_c": false,
    "fpem_use_load_level_experts": false,
    "fpem_load_level_k": 3,
    "fpem_load_level_mode": "train_quantile",
    "fpem_randomize_train_load_level": false,
    "fpem_random_load_level_seed": 20260727,
    "fpem_use_environment_gate": true,
    "fpem_environment_gate_hidden_dim": 64,
    "fpem_environment_gate_warmup_epochs": 5,
    "fpem_environment_gate_margin_relative": 0.01,
    "fpem_environment_gate_temperature": 0.05,
    "fpem_lambda_environment_gate": 1.0,
    "fpem_lambda_load_expert": 0.2,
    "fpem_conservative_inv_override": false,
    "fpem_override_margin": 0.0,
    "fpem_override_threshold": 0.5,
    "fpem_override_threshold_grid": "0.50,0.55,0.60,0.65,0.70,0.75,0.80,0.85,0.90,0.95",
    "fpem_override_margin_grid": "",
    "fpem_override_threshold_selection_split": "val",
    "fpem_override_weight_min": 0.0,
    "fpem_override_weight_max": 20.0,
    "fpem_harmful_switch_weight": 2.0,
    "fpem_override_router_loss_weight": 1.0,
    "fpem_counterfactual_risk_router": false,
    "fpem_counterfactual_risk_stage2_start_epoch": 20,
    "fpem_counterfactual_risk_regression_weight": 1.0,
    "fpem_counterfactual_risk_ranking_weight": 0.5,
    "fpem_counterfactual_risk_router_loss_weight": 1.0,
    "fpem_counterfactual_risk_weight_min": 0.0,
    "fpem_counterfactual_risk_weight_max": 20.0,
    "fpem_counterfactual_risk_ranking_temperature": 1.0,
    "fpem_use_env_supcon": false,
    "fpem_lambda_env_supcon": 0.0,
    "fpem_env_supcon_temperature": 0.1,
    "fpem_use_inv_projector": false,
    "fpem_use_inv_env_adversarial": false,
    "fpem_lambda_inv_env_adv": 0.0,
    "fpem_grl_alpha": 1.0,
    "fpem_env_route_head_mode": "concat_input",
    "fpem_use_env_prototype_router": false,
    "fpem_env_route_target_mode": "prediction_oracle",
    "fpem_env_route_train_mode": "soft_oracle",
    "fpem_env_route_inference_mode": "mlp",
    "fpem_env_prototype_temperature": 1.0,
    "fpem_env_route_hybrid_alpha": 1.0,
    "fpem_env_route_hybrid_alpha_start": 1.0,
    "fpem_env_route_hybrid_alpha_end": 0.5,
    "fpem_env_route_hybrid_alpha_decay_epochs": 30,
    "fpem_use_sinkhorn_route": false,
    "fpem_force_uniform_route": false,
    "fpem_env_rep_ablation": "normal",
    "fpem_env_route_sinkhorn_tau": 1.0,
    "fpem_env_route_sinkhorn_iters": 5,
    "fpem_env_sinkhorn_prediction_alpha_start": 0.2,
    "fpem_env_sinkhorn_prediction_alpha_final": 1.0,
    "fpem_env_sinkhorn_environment_beta_start": 1.0,
    "fpem_env_sinkhorn_environment_beta_final": 0.2,
    "fpem_env_sinkhorn_schedule_start_epoch": 5,
    "fpem_env_sinkhorn_schedule_end_epoch": 15,
    "fpem_env_sinkhorn_temporal_lambda": 0.05,
    "fpem_env_sinkhorn_gaussian_ema": 0.05,
    "fpem_env_sinkhorn_gaussian_min_var": 0.0001,
    "fpem_sinkhorn_warmup_epochs": 10,
    "fpem_sinkhorn_soft_end_epoch": 20,
    "fpem_sinkhorn_temperature_start": 1.0,
    "fpem_sinkhorn_temperature_final": 0.3,
    "fpem_sinkhorn_lambda_common": 0.1,
    "fpem_risk_router_temperature": 1.0,
    "fpem_risk_router_lambda": 0.5,
    "fpem_risk_router_pairwise_lambda": 0.0,
    "fpem_env_teacher_ema_momentum": 0.995,
    "fpem_env_partition_start_epoch": 5,
    "fpem_env_partition_update_interval": 5,
    "fpem_env_partition_freeze_last_epochs": 15,
    "fpem_env_partition_max_batches": -1,
    "fpem_env_max_clusters": 6,
    "fpem_env_min_cluster_ratio": 0.08,
    "fpem_env_gmm_n_init": 10,
    "fpem_env_gmm_variance_floor": 0.0001,
    "fpem_env_progressive_lambda_common": 0.2,
    "fpem_env_cluster_compactness_lambda": 0.01,
    "fpem_env_cluster_consistency_lambda": 0.05,
    "fpem_env_split_perturb_std": 1e-05,
    "fpem_sinkhorn_iters": 3,
    "fpem_sinkhorn_epsilon": 0.05,
    "fpem_expert_uniform_warmup_epochs": 0,
    "fpem_env_route_balance_warmup_epochs": 0,
    "fpem_env_route_initial_temperature": 1.0,
    "fpem_env_route_final_temperature": 0.3,
    "fpem_use_cross_cov_sep": false,
    "fpem_lambda_cross_cov_sep": 0.0,
    "confounder_virtual_batch_enabled": false,
    "confounder_virtual_batch_size": 8,
    "gci_ridge": null,
    "scd_ridge": null,
    "gci_detach_target": null,
    "scd_detach_target": null,
    "scd_alignment_weight": null,
    "save_test_selected_checkpoints": false,
    "git_commit": "1b38ed8",
    "log_dir": "/data/OuXiaoyu/STEVE_CODE/STEVE/experiments/LargeST-SD_TDS/largest_sd_tds_pure_agcrn_seed2024_0815",
    "fpem_env_period_context_day_steps_resolved": 96,
    "fpem_env_period_context_week_steps_resolved": 672,
    "fpem_load_level_thresholds": [],
    "fpem_random_train_load_levels": [],
    "fpem_load_level_train_counts": [],
    "fpem_input_scaler_mean": 225.87303439178956,
    "fpem_input_scaler_std": 178.67666305244455
  },
  "counts": {
    "train_total": 34944,
    "train_workday": 24960,
    "train_holiday": 9984,
    "train_workday_holiday_ratio": 2.5,
    "val_total": 17471,
    "val_workday": 12479,
    "val_holiday": 4992,
    "test_total": 17663,
    "test_workday": 12671,
    "test_holiday": 4992,
    "train_shuffle": true,
    "train_chronological_for_env_sinkhorn_temporal": false,
    "traffic_load_c_audit": {
      "train": {
        "shape": [
          35005,
          1,
          716,
          1
        ],
        "min": 0.0,
        "max": 5.0,
        "unique_values": [
          0.0,
          1.0,
          2.0,
          3.0,
          4.0,
          5.0
        ]
      },
      "val": {
        "shape": [
          17471,
          1,
          716,
          1
        ],
        "min": 0.0,
        "max": 5.0,
        "unique_values": [
          0.0,
          1.0,
          2.0,
          3.0,
          4.0,
          5.0
        ]
      },
      "test": {
        "shape": [
          17663,
          1,
          716,
          1
        ],
        "min": 0.0,
        "max": 5.0,
        "unique_values": [
          0.0,
          1.0,
          2.0,
          3.0,
          4.0,
          5.0
        ]
      }
    },
    "observable_load_prior": null,
    "load_level_source": null,
    "load_level_threshold_fit_split": null,
    "load_level_thresholds": [],
    "load_level_train_counts": [],
    "load_level_uses_target_or_future_load": false,
    "fpem_env_use_period_context": false,
    "fpem_env_period_context_day_steps": 96,
    "fpem_env_period_context_week_steps": 672,
    "fpem_env_period_context_train_day_coverage": 0.0,
    "fpem_env_period_context_train_week_coverage": 0.0,
    "fpem_env_period_context_val_day_coverage": 0.0,
    "fpem_env_period_context_val_week_coverage": 0.0,
    "fpem_env_period_context_test_day_coverage": 0.0,
    "fpem_env_period_context_test_week_coverage": 0.0,
    "fpem_env_period_context_computed_before_subset": false,
    "fpem_env_period_context_index_source": "disabled",
    "fpem_env_period_context_invalid_fill": "disabled"
  },
  "trainable_params": 71513,
  "frozen_params": 0,
  "optimizer_params": 71513,
  "resume_start_epoch": 2,
  "top_level_prediction_source": "model_forward_prediction",
  "frozen_invariant_parameters": [],
  "trainable_invariant_parameters": [],
  "invariant_candidate_val": null
}
EPOCH {"epoch": 2, "train_loss": 12.941605255389826, "val": {"loss": 11.215276561486416, "mae": 11.290095329284668, "mape": 0.08911444246768951}, "test_mixed": {"loss": NaN, "mae": NaN, "mape": NaN}, "test_workday": {"loss": NaN, "mae": NaN, "mape": NaN}, "test_holiday": {"loss": NaN, "mae": NaN, "mape": NaN}, "test_avg_mae": NaN, "best_selection_value": 11.215276561486416, "best_selection_split": "val", "best_selection_metric": "val_loss", "lr": 0.003}
EPOCH {"epoch": 3, "train_loss": 12.559775400511075, "val": {"loss": 10.949432469549633, "mae": 11.026036262512207, "mape": 0.08593659102916718}, "test_mixed": {"loss": NaN, "mae": NaN, "mape": NaN}, "test_workday": {"loss": NaN, "mae": NaN, "mape": NaN}, "test_holiday": {"loss": NaN, "mae": NaN, "mape": NaN}, "test_avg_mae": NaN, "best_selection_value": 10.949432469549633, "best_selection_split": "val", "best_selection_metric": "val_loss", "lr": 0.003}
EPOCH {"epoch": 4, "train_loss": 35.517121356103445, "val": {"loss": 14.99039590446067, "mae": 15.06227970123291, "mape": 0.14162839949131012}, "test_mixed": {"loss": NaN, "mae": NaN, "mape": NaN}, "test_workday": {"loss": NaN, "mae": NaN, "mape": NaN}, "test_holiday": {"loss": NaN, "mae": NaN, "mape": NaN}, "test_avg_mae": NaN, "best_selection_value": 14.99039590446067, "best_selection_split": "val", "best_selection_metric": "val_loss", "lr": 0.003}
EPOCH {"epoch": 5, "train_loss": 69.97625376933661, "val": {"loss": 107.27199162144365, "mae": 107.13439178466797, "mape": 1.5463473796844482}, "test_mixed": {"loss": NaN, "mae": NaN, "mape": NaN}, "test_workday": {"loss": NaN, "mae": NaN, "mape": NaN}, "test_holiday": {"loss": NaN, "mae": NaN, "mape": NaN}, "test_avg_mae": NaN, "best_selection_value": 107.27199162144365, "best_selection_split": "val", "best_selection_metric": "val_loss", "lr": 0.003}
EPOCH {"epoch": 6, "train_loss": 97.8554969615552, "val": {"loss": 54.471550749335094, "mae": 54.602699279785156, "mape": 0.6367321014404297}, "test_mixed": {"loss": NaN, "mae": NaN, "mape": NaN}, "test_workday": {"loss": NaN, "mae": NaN, "mape": NaN}, "test_holiday": {"loss": NaN, "mae": NaN, "mape": NaN}, "test_avg_mae": NaN, "best_selection_value": 54.471550749335094, "best_selection_split": "val", "best_selection_metric": "val_loss", "lr": 0.003}
EPOCH {"epoch": 7, "train_loss": 39.49297100807721, "val": {"loss": 39.41822972577133, "mae": 39.466617584228516, "mape": 0.47297534346580505}, "test_mixed": {"loss": NaN, "mae": NaN, "mape": NaN}, "test_workday": {"loss": NaN, "mae": NaN, "mape": NaN}, "test_holiday": {"loss": NaN, "mae": NaN, "mape": NaN}, "test_avg_mae": NaN, "best_selection_value": 39.41822972577133, "best_selection_split": "val", "best_selection_metric": "val_loss", "lr": 0.003}
EPOCH {"epoch": 8, "train_loss": 56.36046937446454, "val": {"loss": 87.59152649086474, "mae": 87.3231201171875, "mape": 1.4289438724517822}, "test_mixed": {"loss": NaN, "mae": NaN, "mape": NaN}, "test_workday": {"loss": NaN, "mae": NaN, "mape": NaN}, "test_holiday": {"loss": NaN, "mae": NaN, "mape": NaN}, "test_avg_mae": NaN, "best_selection_value": 87.59152649086474, "best_selection_split": "val", "best_selection_metric": "val_loss", "lr": 0.003}
EPOCH {"epoch": 9, "train_loss": 97.22812890220474, "val": {"loss": 109.22855513785785, "mae": 108.85699462890625, "mape": 1.8954650163650513}, "test_mixed": {"loss": NaN, "mae": NaN, "mape": NaN}, "test_workday": {"loss": NaN, "mae": NaN, "mape": NaN}, "test_holiday": {"loss": NaN, "mae": NaN, "mape": NaN}, "test_avg_mae": NaN, "best_selection_value": 109.22855513785785, "best_selection_split": "val", "best_selection_metric": "val_loss", "lr": 0.003}
EPOCH {"epoch": 10, "train_loss": 123.28309667940105, "val": {"loss": 131.7882436815199, "mae": 131.5716552734375, "mape": 2.075939178466797}, "test_mixed": {"loss": NaN, "mae": NaN, "mape": NaN}, "test_workday": {"loss": NaN, "mae": NaN, "mape": NaN}, "test_holiday": {"loss": NaN, "mae": NaN, "mape": NaN}, "test_avg_mae": NaN, "best_selection_value": 131.7882436815199, "best_selection_split": "val", "best_selection_metric": "val_loss", "lr": 0.003}
EPOCH {"epoch": 11, "train_loss": 140.94446836024414, "val": {"loss": 125.49967683715262, "mae": 125.22037506103516, "mape": 2.1087112426757812}, "test_mixed": {"loss": NaN, "mae": NaN, "mape": NaN}, "test_workday": {"loss": NaN, "mae": NaN, "mape": NaN}, "test_holiday": {"loss": NaN, "mae": NaN, "mape": NaN}, "test_avg_mae": NaN, "best_selection_value": 125.49967683715262, "best_selection_split": "val", "best_selection_metric": "val_loss", "lr": 0.003}
EPOCH {"epoch": 12, "train_loss": 138.17913650418376, "val": {"loss": 131.20972502711928, "mae": 130.85169982910156, "mape": 2.277064323425293}, "test_mixed": {"loss": NaN, "mae": NaN, "mape": NaN}, "test_workday": {"loss": NaN, "mae": NaN, "mape": NaN}, "test_holiday": {"loss": NaN, "mae": NaN, "mape": NaN}, "test_avg_mae": NaN, "best_selection_value": 131.20972502711928, "best_selection_split": "val", "best_selection_metric": "val_loss", "lr": 0.003}
EPOCH {"epoch": 13, "train_loss": 145.52066057156293, "val": {"loss": 138.3543958803673, "mae": 138.26478576660156, "mape": 2.15779972076416}, "test_mixed": {"loss": NaN, "mae": NaN, "mape": NaN}, "test_workday": {"loss": NaN, "mae": NaN, "mape": NaN}, "test_holiday": {"loss": NaN, "mae": NaN, "mape": NaN}, "test_avg_mae": NaN, "best_selection_value": 138.3543958803673, "best_selection_split": "val", "best_selection_metric": "val_loss", "lr": 0.003}
EPOCH {"epoch": 14, "train_loss": 145.0875519160386, "val": {"loss": 133.1771338780721, "mae": 132.8837127685547, "mape": 2.2590205669403076}, "test_mixed": {"loss": NaN, "mae": NaN, "mape": NaN}, "test_workday": {"loss": NaN, "mae": NaN, "mape": NaN}, "test_holiday": {"loss": NaN, "mae": NaN, "mape": NaN}, "test_avg_mae": NaN, "best_selection_value": 133.1771338780721, "best_selection_split": "val", "best_selection_metric": "val_loss", "lr": 0.003}
EPOCH {"epoch": 15, "train_loss": 146.9025113242013, "val": {"loss": 135.77577314621362, "mae": 135.51634216308594, "mape": 2.2580268383026123}, "test_mixed": {"loss": NaN, "mae": NaN, "mape": NaN}, "test_workday": {"loss": NaN, "mae": NaN, "mape": NaN}, "test_holiday": {"loss": NaN, "mae": NaN, "mape": NaN}, "test_avg_mae": NaN, "best_selection_value": 135.77577314621362, "best_selection_split": "val", "best_selection_metric": "val_loss", "lr": 0.003}
EPOCH {"epoch": 16, "train_loss": 148.94894341409426, "val": {"loss": 137.9519792214418, "mae": 137.6576385498047, "mape": 2.3183987140655518}, "test_mixed": {"loss": NaN, "mae": NaN, "mape": NaN}, "test_workday": {"loss": NaN, "mae": NaN, "mape": NaN}, "test_holiday": {"loss": NaN, "mae": NaN, "mape": NaN}, "test_avg_mae": NaN, "best_selection_value": 137.9519792214418, "best_selection_split": "val", "best_selection_metric": "val_loss", "lr": 0.003}
EPOCH {"epoch": 17, "train_loss": 149.7522188935961, "val": {"loss": 146.93804682916775, "mae": 146.56484985351562, "mape": 2.501115322113037}, "test_mixed": {"loss": NaN, "mae": NaN, "mape": NaN}, "test_workday": {"loss": NaN, "mae": NaN, "mape": NaN}, "test_holiday": {"loss": NaN, "mae": NaN, "mape": NaN}, "test_avg_mae": NaN, "best_selection_value": 146.93804682916775, "best_selection_split": "val", "best_selection_metric": "val_loss", "lr": 0.003}
EPOCH {"epoch": 18, "train_loss": 156.28301698034937, "val": {"loss": 153.93819227323428, "mae": 153.42921447753906, "mape": 2.6950032711029053}, "test_mixed": {"loss": NaN, "mae": NaN, "mape": NaN}, "test_workday": {"loss": NaN, "mae": NaN, "mape": NaN}, "test_holiday": {"loss": NaN, "mae": NaN, "mape": NaN}, "test_avg_mae": NaN, "best_selection_value": 153.93819227323428, "best_selection_split": "val", "best_selection_metric": "val_loss", "lr": 0.003}
EPOCH {"epoch": 19, "train_loss": 159.28958264986673, "val": {"loss": 149.36555928799694, "mae": 148.9226837158203, "mape": 2.5812737941741943}, "test_mixed": {"loss": NaN, "mae": NaN, "mape": NaN}, "test_workday": {"loss": NaN, "mae": NaN, "mape": NaN}, "test_holiday": {"loss": NaN, "mae": NaN, "mape": NaN}, "test_avg_mae": NaN, "best_selection_value": 149.36555928799694, "best_selection_split": "val", "best_selection_metric": "val_loss", "lr": 0.003}
EPOCH {"epoch": 20, "train_loss": 157.21107840887356, "val": {"loss": 151.93603888710777, "mae": 151.4068603515625, "mape": 2.6834676265716553}, "test_mixed": {"loss": NaN, "mae": NaN, "mape": NaN}, "test_workday": {"loss": NaN, "mae": NaN, "mape": NaN}, "test_holiday": {"loss": NaN, "mae": NaN, "mape": NaN}, "test_avg_mae": NaN, "best_selection_value": 151.93603888710777, "best_selection_split": "val", "best_selection_metric": "val_loss", "lr": 0.003}
EPOCH {"epoch": 21, "train_loss": 158.65985345229123, "val": {"loss": 142.10118002419944, "mae": 141.86135864257812, "mape": 2.2771644592285156}, "test_mixed": {"loss": NaN, "mae": NaN, "mape": NaN}, "test_workday": {"loss": NaN, "mae": NaN, "mape": NaN}, "test_holiday": {"loss": NaN, "mae": NaN, "mape": NaN}, "test_avg_mae": NaN, "best_selection_value": 142.10118002419944, "best_selection_split": "val", "best_selection_metric": "val_loss", "lr": 0.003}
EPOCH {"epoch": 22, "train_loss": 156.64251143591744, "val": {"loss": 144.78339857583518, "mae": 144.5317840576172, "mape": 2.377077579498291}, "test_mixed": {"loss": NaN, "mae": NaN, "mape": NaN}, "test_workday": {"loss": NaN, "mae": NaN, "mape": NaN}, "test_holiday": {"loss": NaN, "mae": NaN, "mape": NaN}, "test_avg_mae": NaN, "best_selection_value": 144.78339857583518, "best_selection_split": "val", "best_selection_metric": "val_loss", "lr": 0.003}
EPOCH {"epoch": 23, "train_loss": 157.316480861042, "val": {"loss": 147.11502097901842, "mae": 146.7780303955078, "mape": 2.4978625774383545}, "test_mixed": {"loss": NaN, "mae": NaN, "mape": NaN}, "test_workday": {"loss": NaN, "mae": NaN, "mape": NaN}, "test_holiday": {"loss": NaN, "mae": NaN, "mape": NaN}, "test_avg_mae": NaN, "best_selection_value": 147.11502097901842, "best_selection_split": "val", "best_selection_metric": "val_loss", "lr": 0.003}
EARLY_STOP epoch=23 patience=20
SUMMARY {"exp_name": "largest_sd_tds_pure_agcrn_seed2024_0815", "model": "agcrn", "ablation": "full", "best_epoch": 3, "best_val_loss": 10.949432469549633, "best_checkpoint_selection_split": "val", "best_checkpoint_selection_metric": "val_loss", "test_mixed_mae": 11.276751518249512, "test_workday_mae": 11.921841621398926, "test_holiday_mae": 9.639209747314453, "test_avg_mae": 10.78052568435669, "top_level_prediction_source": "model_forward_prediction", "fpem_override_threshold": 0.5, "fpem_override_margin": 0.0, "finished": true}
[STAGE2] train FPEM prediction model -> largest_sd_tds_fpem_conf_gci_period_context_seed2024_0815
[period-context] resolved dataset=LargeST-SD_TDS day_steps=96 week_steps=672; computed before subset; invalid_fill=current_input
[StableST] loaded pretrained invariant AGCRN encoder and prediction head from /data/OuXiaoyu/STEVE_CODE/STEVE/experiments/LargeST-SD_TDS/largest_sd_tds_pure_agcrn_seed2024_0815/best_val_model.pth; missing=[] unexpected=[]
/data/OuXiaoyu/miniconda3/envs/basicts/lib/python3.11/site-packages/torch/optim/lr_scheduler.py:62: UserWarning: The verbose parameter is deprecated. Please use get_last_lr() to access the learning rate.
  warnings.warn(
{
  "args": {
    "seed": 2024,
    "device": "cuda:0",
    "mode": "train",
    "best_path": "",
    "debug": false,
    "dataset": "LargeST-SD_TDS",
    "data_dir": "/data/OuXiaoyu/STEVE_CODE/STEVE/data",
    "graph_file": "/data/OuXiaoyu/STEVE_CODE/STEVE/data/LargeST-SD_TDS/adj_mx.npz",
    "num_nodes": 716,
    "input_length": 35,
    "output_T_dim": 1,
    "batch_size": 1,
    "test_batch_size": 2,
    "len_closeness": 8,
    "len_period": 27,
    "len_trend": 0,
    "result_root": "/data/OuXiaoyu/STEVE_CODE/STEVE/experiments/LargeST-SD_TDS",
    "d_input": 1,
    "d_output": 1,
    "d_model": 32,
    "dropout": 0.1,
    "percent": 0.1,
    "shm_temp": 0.5,
    "nmb_prototype": 4,
    "yita": 0.5,
    "layers": 3,
    "K": 64,
    "bank_gamma": 0.2,
    "kw": 1,
    "mi_w": 2,
    "epochs": 100,
    "lr_init": 0.001,
    "early_stop": true,
    "early_stop_patience": 20,
    "grad_norm": true,
    "max_grad_norm": 5,
    "use_dwa": true,
    "temp": 2,
    "MMI": false,
    "lr_patience": 20,
    "lr_mode": "only",
    "use_RevIN": true,
    "confounder_dep_mode": "gci",
    "confounder_extractor": "token_attention",
    "confounder_dim": 8,
    "confounder_num_heads": 4,
    "confounder_attention_dropout": 0.0,
    "confounder_graph_embed_dim": 16,
    "confounder_variational": true,
    "confounder_kl_weight": 0.0001,
    "confounder_dep_warmup_epochs": 5,
    "confounder_dep_ramp_epochs": 10,
    "confounder_projection_ridge": 0.001,
    "confounder_dep_detach_target": true,
    "gci_weight": 0.001,
    "gci_graph_align_weight": 0.1,
    "gci_edge_preserve_beta": 0.1,
    "gci_graph_hops": 1,
    "gci_symmetrize_adj": true,
    "gci_add_self_loops": true,
    "scd_weight": 0.0,
    "dep_eps": 1e-06,
    "confounder_injection": "none",
    "ablation": "full",
    "config_filename": "/data/OuXiaoyu/STEVE_CODE/STEVE/configs/LargeST_SD_TDS.yaml",
    "model": "steve",
    "data_seed": 2024,
    "early_stop_test_avg_mae_epoch": 0,
    "early_stop_test_avg_mae_threshold": 0.0,
    "train_work_per_holiday": 2.5,
    "exp_name": "largest_sd_tds_fpem_conf_gci_period_context_seed2024_0815",
    "run_name": "largest_sd_tds_fpem_conf_gci_period_context_seed2024_0815",
    "resume": true,
    "resume_reset_patience": true,
    "best_selection_split": "val",
    "max_train_batches": null,
    "max_eval_batches": null,
    "fpem_backbone": "agcrn",
    "agcrn_lr": 0.003,
    "agcrn_embed_dim": 10,
    "agcrn_rnn_units": 32,
    "agcrn_num_layers": 1,
    "agcrn_cheb_k": 2,
    "graphwavenet_layers": 4,
    "graphwavenet_kernel_size": 2,
    "graphwavenet_dropout": 0.1,
    "staeformer_layers": 2,
    "staeformer_heads": 4,
    "staeformer_dropout": 0.1,
    "staeformer_mlp_ratio": 2.0,
    "staeformer_input_length_max": 512,
    "fpem_use_pretrained_inv_agcrn": true,
    "fpem_pretrained_inv_agcrn_path": "/data/OuXiaoyu/STEVE_CODE/STEVE/experiments/LargeST-SD_TDS/largest_sd_tds_pure_agcrn_seed2024_0815/best_val_model.pth",
    "fpem_use_env_supervision": false,
    "fpem_lambda_env_day_cls": 0.0,
    "fpem_lambda_env_hour_cls": 0.0,
    "fpem_lambda_env_rush_cls": 0.0,
    "fpem_env_use_exogenous": true,
    "fpem_env_exogenous_hour_dim": 8,
    "fpem_env_exogenous_day_dim": 4,
    "fpem_env_exogenous_rush_dim": 4,
    "fpem_env_exogenous_load_dim": 8,
    "fpem_env_exogenous_load_num_embeddings": 6,
    "fpem_env_exogenous_scale": 0.1,
    "fpem_env_use_period_context": true,
    "fpem_env_period_context_day_steps": 0,
    "fpem_env_period_context_week_steps": 0,
    "fpem_env_period_context_scale": 0.1,
    "fpem_ignore_future_c": true,
    "fpem_use_load_level_experts": true,
    "fpem_load_level_k": 1,
    "fpem_load_level_mode": "train_quantile",
    "fpem_randomize_train_load_level": false,
    "fpem_random_load_level_seed": 20260727,
    "fpem_use_environment_gate": false,
    "fpem_environment_gate_hidden_dim": 64,
    "fpem_environment_gate_warmup_epochs": 5,
    "fpem_environment_gate_margin_relative": 0.01,
    "fpem_environment_gate_temperature": 0.05,
    "fpem_lambda_environment_gate": 1.0,
    "fpem_lambda_load_expert": 0.2,
    "fpem_conservative_inv_override": false,
    "fpem_override_margin": 0.0,
    "fpem_override_threshold": 0.5,
    "fpem_override_threshold_grid": "0.50,0.55,0.60,0.65,0.70,0.75,0.80,0.85,0.90,0.95",
    "fpem_override_margin_grid": "",
    "fpem_override_threshold_selection_split": "val",
    "fpem_override_weight_min": 0.0,
    "fpem_override_weight_max": 20.0,
    "fpem_harmful_switch_weight": 2.0,
    "fpem_override_router_loss_weight": 1.0,
    "fpem_counterfactual_risk_router": false,
    "fpem_counterfactual_risk_stage2_start_epoch": 20,
    "fpem_counterfactual_risk_regression_weight": 1.0,
    "fpem_counterfactual_risk_ranking_weight": 0.5,
    "fpem_counterfactual_risk_router_loss_weight": 1.0,
    "fpem_counterfactual_risk_weight_min": 0.0,
    "fpem_counterfactual_risk_weight_max": 20.0,
    "fpem_counterfactual_risk_ranking_temperature": 1.0,
    "fpem_use_env_supcon": false,
    "fpem_lambda_env_supcon": 0.0,
    "fpem_env_supcon_temperature": 0.1,
    "fpem_use_inv_projector": false,
    "fpem_use_inv_env_adversarial": false,
    "fpem_lambda_inv_env_adv": 0.0,
    "fpem_grl_alpha": 1.0,
    "fpem_env_route_head_mode": "hyper_inv_film_proto_input_add",
    "fpem_use_env_prototype_router": false,
    "fpem_env_route_target_mode": "prediction_oracle",
    "fpem_env_route_train_mode": "soft_oracle",
    "fpem_env_route_inference_mode": "mlp",
    "fpem_env_prototype_temperature": 1.0,
    "fpem_env_route_hybrid_alpha": 1.0,
    "fpem_env_route_hybrid_alpha_start": 1.0,
    "fpem_env_route_hybrid_alpha_end": 0.5,
    "fpem_env_route_hybrid_alpha_decay_epochs": 30,
    "fpem_use_sinkhorn_route": false,
    "fpem_force_uniform_route": false,
    "fpem_env_rep_ablation": "normal",
    "fpem_env_route_sinkhorn_tau": 1.0,
    "fpem_env_route_sinkhorn_iters": 5,
    "fpem_env_sinkhorn_prediction_alpha_start": 0.2,
    "fpem_env_sinkhorn_prediction_alpha_final": 1.0,
    "fpem_env_sinkhorn_environment_beta_start": 1.0,
    "fpem_env_sinkhorn_environment_beta_final": 0.2,
    "fpem_env_sinkhorn_schedule_start_epoch": 5,
    "fpem_env_sinkhorn_schedule_end_epoch": 15,
    "fpem_env_sinkhorn_temporal_lambda": 0.05,
    "fpem_env_sinkhorn_gaussian_ema": 0.05,
    "fpem_env_sinkhorn_gaussian_min_var": 0.0001,
    "fpem_sinkhorn_warmup_epochs": 10,
    "fpem_sinkhorn_soft_end_epoch": 20,
    "fpem_sinkhorn_temperature_start": 1.0,
    "fpem_sinkhorn_temperature_final": 0.3,
    "fpem_sinkhorn_lambda_common": 0.1,
    "fpem_risk_router_temperature": 1.0,
    "fpem_risk_router_lambda": 0.5,
    "fpem_risk_router_pairwise_lambda": 0.0,
    "fpem_env_teacher_ema_momentum": 0.995,
    "fpem_env_partition_start_epoch": 5,
    "fpem_env_partition_update_interval": 5,
    "fpem_env_partition_freeze_last_epochs": 15,
    "fpem_env_partition_max_batches": -1,
    "fpem_env_max_clusters": 6,
    "fpem_env_min_cluster_ratio": 0.08,
    "fpem_env_gmm_n_init": 10,
    "fpem_env_gmm_variance_floor": 0.0001,
    "fpem_env_progressive_lambda_common": 0.2,
    "fpem_env_cluster_compactness_lambda": 0.01,
    "fpem_env_cluster_consistency_lambda": 0.05,
    "fpem_env_split_perturb_std": 1e-05,
    "fpem_sinkhorn_iters": 3,
    "fpem_sinkhorn_epsilon": 0.05,
    "fpem_expert_uniform_warmup_epochs": 0,
    "fpem_env_route_balance_warmup_epochs": 0,
    "fpem_env_route_initial_temperature": 1.0,
    "fpem_env_route_final_temperature": 0.3,
    "fpem_use_cross_cov_sep": false,
    "fpem_lambda_cross_cov_sep": 0.0,
    "confounder_virtual_batch_enabled": true,
    "confounder_virtual_batch_size": 8,
    "gci_ridge": null,
    "scd_ridge": null,
    "gci_detach_target": null,
    "scd_detach_target": null,
    "scd_alignment_weight": null,
    "save_test_selected_checkpoints": false,
    "fpem_use_confounder_extractor": false,
    "fpem_use_env_mask": false,
    "fpem_confounder_use_mask": false,
    "fpem_lambda_mask_sparse": 0.0,
    "fpem_lambda_mask_entropy": 0.0,
    "fpem_use_env_route": true,
    "fpem_env_route_k": 1,
    "fpem_use_observable_load_prior": true,
    "fpem_observable_load_prior_cache": "/data/OuXiaoyu/STEVE_CODE/STEVE/data/LargeST-SD_TDS/observable_load_prior_k3_v1.npz",
    "fpem_observable_load_random_seed": 314159,
    "fpem_use_random_balanced_assignment": false,
    "fpem_hyper_alpha_mode": "fixed_one",
    "fpem_use_hard_environment_router": false,
    "fpem_hard_router_hidden_dim": 64,
    "fpem_hard_router_warmup_epochs": 0,
    "fpem_lambda_hard_router": 0.0,
    "fpem_lambda_inv_pred": 0.2,
    "fpem_env_route_use_inv_fallback_expert": false,
    "fpem_env_route_lambda_balance": 0.0,
    "fpem_env_route_lambda_diverse": 0.0,
    "fpem_env_route_lambda_proto_align": 0.0,
    "fpem_env_route_lambda_entropy": 0.0,
    "fpem_env_route_lambda_route_soft": 0.0,
    "fpem_use_future_mi": false,
    "fpem_lambda_future_mi": 0.0,
    "fpem_use_swap": false,
    "fpem_lambda_swap": 0.0,
    "fpem_use_club_mi": false,
    "fpem_lambda_club_mi": 0.0,
    "fpem_use_env_fusion": false,
    "fpem_use_grad_consensus": false,
    "fpem_gc_pred_loss_only": true,
    "git_commit": "1b38ed8",
    "log_dir": "/data/OuXiaoyu/STEVE_CODE/STEVE/experiments/LargeST-SD_TDS/largest_sd_tds_fpem_conf_gci_period_context_seed2024_0815",
    "fpem_env_period_context_day_steps_resolved": 96,
    "fpem_env_period_context_week_steps_resolved": 672,
    "fpem_observable_load_prior_summary": {
      "path": "/data/OuXiaoyu/STEVE_CODE/STEVE/data/LargeST-SD_TDS/observable_load_prior_k3_v1.npz",
      "cache_version": 1,
      "created": false,
      "CP_shape": [
        716,
        1
      ],
      "CP_zero_count": 0,
      "thresholds": [
        0.3888268156424581,
        0.6611731843575418
      ],
      "random_assignment_seed": 314159,
      "metadata": {
        "cache_version": 1,
        "formula": "c_obs=clip(ceil(5*x[:,-1]/CP),0,5); CP=max(train_x,axis=(0,1)); CP==0 -> c_obs=0",
        "load_score": "mean(c_obs/5 over nodes and channels)",
        "quantiles": [
          0.3333333333333333,
          0.6666666666666666
        ],
        "random_assignment_seed": 314159,
        "source_x_shapes": {
          "test": [
            17663,
            35,
            716,
            1
          ],
          "train": [
            35005,
            35,
            716,
            1
          ],
          "val": [
            17471,
            35,
            716,
            1
          ]
        },
        "threshold_fit_split": "train",
        "uses_stored_c": false,
        "uses_target_y": false
      },
      "splits": {
        "train": {
          "samples": 35005,
          "c_obs_shape": [
            35005,
            716,
            1
          ],
          "score_min": 0.0,
          "score_max": 0.8340782122905028,
          "expert_counts": [
            11672,
            11670,
            11663
          ],
          "random_expert_counts": [
            11672,
            11670,
            11663
          ]
        },
        "val": {
          "samples": 17471,
          "c_obs_shape": [
            17471,
            716,
            1
          ],
          "score_min": 0.0,
          "score_max": 0.8072625698324022,
          "expert_counts": [
            8202,
            6987,
            2282
          ],
          "random_expert_counts": [
            8202,
            6987,
            2282
          ]
        },
        "test": {
          "samples": 17663,
          "c_obs_shape": [
            17663,
            716,
            1
          ],
          "score_min": 0.18547486033519547,
          "score_max": 0.7729050279329609,
          "expert_counts": [
            7590,
            8224,
            1849
          ],
          "random_expert_counts": [
            7590,
            8224,
            1849
          ]
        }
      }
    },
    "fpem_load_level_thresholds": [],
    "fpem_load_level_train_counts": [
      35005
    ],
    "fpem_load_level_source": "cached c_obs=clip(ceil(5*x[:, -1]/train-only CP),0,5)",
    "fpem_load_level_threshold_fit_split": "raw train",
    "fpem_load_level_uses_target_or_future_load": false,
    "fpem_input_scaler_mean": 225.87303439178956,
    "fpem_input_scaler_std": 178.67666305244455
  },
  "counts": {
    "train_total": 34944,
    "train_workday": 24960,
    "train_holiday": 9984,
    "train_workday_holiday_ratio": 2.5,
    "val_total": 17471,
    "val_workday": 12479,
    "val_holiday": 4992,
    "test_total": 17663,
    "test_workday": 12671,
    "test_holiday": 4992,
    "train_shuffle": true,
    "train_chronological_for_env_sinkhorn_temporal": false,
    "traffic_load_c_audit": {
      "ignored": true,
      "loaded_into_training_or_inference": false,
      "reason": "stored c is derived from future y[:,0]"
    },
    "observable_load_prior": {
      "path": "/data/OuXiaoyu/STEVE_CODE/STEVE/data/LargeST-SD_TDS/observable_load_prior_k3_v1.npz",
      "cache_version": 1,
      "created": false,
      "CP_shape": [
        716,
        1
      ],
      "CP_zero_count": 0,
      "thresholds": [
        0.3888268156424581,
        0.6611731843575418
      ],
      "random_assignment_seed": 314159,
      "metadata": {
        "cache_version": 1,
        "formula": "c_obs=clip(ceil(5*x[:,-1]/CP),0,5); CP=max(train_x,axis=(0,1)); CP==0 -> c_obs=0",
        "load_score": "mean(c_obs/5 over nodes and channels)",
        "quantiles": [
          0.3333333333333333,
          0.6666666666666666
        ],
        "random_assignment_seed": 314159,
        "source_x_shapes": {
          "test": [
            17663,
            35,
            716,
            1
          ],
          "train": [
            35005,
            35,
            716,
            1
          ],
          "val": [
            17471,
            35,
            716,
            1
          ]
        },
        "threshold_fit_split": "train",
        "uses_stored_c": false,
        "uses_target_y": false
      },
      "splits": {
        "train": {
          "samples": 35005,
          "c_obs_shape": [
            35005,
            716,
            1
          ],
          "score_min": 0.0,
          "score_max": 0.8340782122905028,
          "expert_counts": [
            11672,
            11670,
            11663
          ],
          "random_expert_counts": [
            11672,
            11670,
            11663
          ]
        },
        "val": {
          "samples": 17471,
          "c_obs_shape": [
            17471,
            716,
            1
          ],
          "score_min": 0.0,
          "score_max": 0.8072625698324022,
          "expert_counts": [
            8202,
            6987,
            2282
          ],
          "random_expert_counts": [
            8202,
            6987,
            2282
          ]
        },
        "test": {
          "samples": 17663,
          "c_obs_shape": [
            17663,
            716,
            1
          ],
          "score_min": 0.18547486033519547,
          "score_max": 0.7729050279329609,
          "expert_counts": [
            7590,
            8224,
            1849
          ],
          "random_expert_counts": [
            7590,
            8224,
            1849
          ]
        }
      }
    },
    "load_level_source": "cached c_obs=clip(ceil(5*x[:, -1]/train-only CP),0,5)",
    "load_level_threshold_fit_split": "raw train",
    "load_level_thresholds": [],
    "load_level_train_counts": [
      35005
    ],
    "load_level_uses_target_or_future_load": false,
    "fpem_env_use_period_context": true,
    "fpem_env_period_context_day_steps": 96,
    "fpem_env_period_context_week_steps": 672,
    "fpem_env_period_context_train_day_coverage": 0.9972575346379089,
    "fpem_env_period_context_train_week_coverage": 0.9808027424653621,
    "fpem_env_period_context_val_day_coverage": 0.9945051800125922,
    "fpem_env_period_context_val_week_coverage": 0.9615362600881461,
    "fpem_env_period_context_test_day_coverage": 0.9945649096982393,
    "fpem_env_period_context_test_week_coverage": 0.9619543678876749,
    "fpem_env_period_context_computed_before_subset": true,
    "fpem_env_period_context_index_source": "raw chronological split before train/test subsetting",
    "fpem_env_period_context_invalid_fill": "current_input"
  },
  "trainable_params": 116770,
  "frozen_params": 184408,
  "optimizer_params": 116770,
  "resume_start_epoch": 1,
  "top_level_prediction_source": "observable_load_selected_expert_always_environment",
  "frozen_invariant_parameters": [
    "encoder_inv.node_embeddings",
    "encoder_inv.cells.0.gate.weights_pool",
    "encoder_inv.cells.0.gate.bias_pool",
    "encoder_inv.cells.0.update.weights_pool",
    "encoder_inv.cells.0.update.bias_pool",
    "tcl4h.weight",
    "tcl4h.bias",
    "invariant_predict_conv_2.weight",
    "invariant_predict_conv_2.bias"
  ],
  "trainable_invariant_parameters": [],
  "invariant_candidate_val": {
    "mae": 11.026036262512207,
    "mape": 0.08593659102916718
  }
}
Traceback (most recent call last):
  File "/data/OuXiaoyu/STEVE_CODE/STEVE/run_tds_nyctaxi.py", line 2631, in <module>
    train_one(parse_args())
  File "/data/OuXiaoyu/STEVE_CODE/STEVE/run_tds_nyctaxi.py", line 2007, in train_one
    raise RuntimeError(
RuntimeError: best_selection_split=val requires a finite metric; set save_test_selected_checkpoints=true when selecting on test.
