{
  "args": {
    "seed": 2024,
    "device": "cuda:0",
    "mode": "train",
    "best_path": "",
    "debug": false,
    "dataset": "LargeST-SD_TDS",
    "data_dir": "/data/OuXiaoyu/STEVE_CODE/STEVE/data",
    "graph_file": "/data/OuXiaoyu/STEVE_CODE/STEVE/data/LargeST-SD_TDS/adj_mx.npz",
    "num_nodes": 716,
    "input_length": 35,
    "output_T_dim": 1,
    "batch_size": 1,
    "test_batch_size": 1,
    "len_closeness": 8,
    "len_period": 27,
    "len_trend": 0,
    "result_root": "/data/OuXiaoyu/STEVE_CODE/STEVE/experiments/LargeST-SD_TDS",
    "d_input": 1,
    "d_output": 1,
    "d_model": 32,
    "dropout": 0.1,
    "percent": 0.1,
    "shm_temp": 0.5,
    "nmb_prototype": 4,
    "yita": 0.5,
    "layers": 3,
    "K": 64,
    "bank_gamma": 0.2,
    "kw": 1,
    "mi_w": 2,
    "epochs": 1,
    "lr_init": 0.001,
    "early_stop": true,
    "early_stop_patience": 30,
    "grad_norm": true,
    "max_grad_norm": 5,
    "use_dwa": true,
    "temp": 2,
    "MMI": false,
    "lr_patience": 20,
    "lr_mode": "only",
    "use_RevIN": true,
    "confounder_dep_mode": "gci",
    "confounder_extractor": "token_attention",
    "confounder_dim": 8,
    "confounder_num_heads": 4,
    "confounder_attention_dropout": 0.0,
    "confounder_graph_embed_dim": 16,
    "confounder_variational": true,
    "confounder_kl_weight": 0.0001,
    "confounder_dep_warmup_epochs": 5,
    "confounder_dep_ramp_epochs": 10,
    "confounder_projection_ridge": 0.001,
    "confounder_dep_detach_target": true,
    "gci_weight": 0.001,
    "gci_graph_align_weight": 0.1,
    "gci_edge_preserve_beta": 0.1,
    "gci_graph_hops": 1,
    "gci_symmetrize_adj": true,
    "gci_add_self_loops": true,
    "scd_weight": 0.0,
    "dep_eps": 1e-06,
    "confounder_injection": "none",
    "ablation": "full",
    "config_filename": "/data/OuXiaoyu/STEVE_CODE/STEVE/configs/LargeST_SD_TDS.yaml",
    "model": "steve",
    "data_seed": 2024,
    "early_stop_test_avg_mae_epoch": 0,
    "early_stop_test_avg_mae_threshold": 0.0,
    "train_work_per_holiday": 2.5,
    "exp_name": "smoke_largest_sd_fpem_light",
    "run_name": "smoke_largest_sd_fpem_light",
    "resume": false,
    "resume_reset_patience": true,
    "best_selection_split": "val",
    "max_train_batches": 1,
    "max_eval_batches": 1,
    "fpem_backbone": "agcrn",
    "agcrn_lr": 0.003,
    "agcrn_embed_dim": 10,
    "agcrn_rnn_units": 32,
    "agcrn_num_layers": 1,
    "agcrn_cheb_k": 2,
    "graphwavenet_layers": 4,
    "graphwavenet_kernel_size": 2,
    "graphwavenet_dropout": 0.1,
    "staeformer_layers": 2,
    "staeformer_heads": 4,
    "staeformer_dropout": 0.1,
    "staeformer_mlp_ratio": 2.0,
    "staeformer_input_length_max": 512,
    "fpem_use_pretrained_inv_agcrn": true,
    "fpem_pretrained_inv_agcrn_path": "/data/OuXiaoyu/STEVE_CODE/STEVE/experiments/LargeST-SD_TDS/smoke_largest_sd_agcrn_light/best_val_model.pth",
    "fpem_use_env_supervision": false,
    "fpem_lambda_env_day_cls": 0.0,
    "fpem_lambda_env_hour_cls": 0.0,
    "fpem_lambda_env_rush_cls": 0.0,
    "fpem_env_use_exogenous": true,
    "fpem_env_exogenous_hour_dim": 8,
    "fpem_env_exogenous_day_dim": 4,
    "fpem_env_exogenous_rush_dim": 4,
    "fpem_env_exogenous_load_dim": 8,
    "fpem_env_exogenous_load_num_embeddings": 6,
    "fpem_env_exogenous_scale": 0.1,
    "fpem_env_use_period_context": true,
    "fpem_env_period_context_day_steps": 0,
    "fpem_env_period_context_week_steps": 0,
    "fpem_env_period_context_scale": 0.1,
    "fpem_ignore_future_c": true,
    "fpem_use_load_level_experts": true,
    "fpem_load_level_k": 1,
    "fpem_load_level_mode": "train_quantile",
    "fpem_randomize_train_load_level": false,
    "fpem_random_load_level_seed": 20260727,
    "fpem_use_environment_gate": false,
    "fpem_environment_gate_hidden_dim": 64,
    "fpem_environment_gate_warmup_epochs": 5,
    "fpem_environment_gate_margin_relative": 0.01,
    "fpem_environment_gate_temperature": 0.05,
    "fpem_lambda_environment_gate": 1.0,
    "fpem_lambda_load_expert": 0.2,
    "fpem_conservative_inv_override": false,
    "fpem_override_margin": 0.0,
    "fpem_override_threshold": 0.5,
    "fpem_override_threshold_grid": "0.50,0.55,0.60,0.65,0.70,0.75,0.80,0.85,0.90,0.95",
    "fpem_override_margin_grid": "",
    "fpem_override_threshold_selection_split": "val",
    "fpem_override_weight_min": 0.0,
    "fpem_override_weight_max": 20.0,
    "fpem_harmful_switch_weight": 2.0,
    "fpem_override_router_loss_weight": 1.0,
    "fpem_counterfactual_risk_router": false,
    "fpem_counterfactual_risk_stage2_start_epoch": 20,
    "fpem_counterfactual_risk_regression_weight": 1.0,
    "fpem_counterfactual_risk_ranking_weight": 0.5,
    "fpem_counterfactual_risk_router_loss_weight": 1.0,
    "fpem_counterfactual_risk_weight_min": 0.0,
    "fpem_counterfactual_risk_weight_max": 20.0,
    "fpem_counterfactual_risk_ranking_temperature": 1.0,
    "fpem_use_env_supcon": false,
    "fpem_lambda_env_supcon": 0.0,
    "fpem_env_supcon_temperature": 0.1,
    "fpem_use_inv_projector": false,
    "fpem_use_inv_env_adversarial": false,
    "fpem_lambda_inv_env_adv": 0.0,
    "fpem_grl_alpha": 1.0,
    "fpem_env_route_head_mode": "hyper_inv_film_proto_input_add",
    "fpem_use_env_prototype_router": false,
    "fpem_env_route_target_mode": "prediction_oracle",
    "fpem_env_route_train_mode": "soft_oracle",
    "fpem_env_route_inference_mode": "mlp",
    "fpem_env_prototype_temperature": 1.0,
    "fpem_env_route_hybrid_alpha": 1.0,
    "fpem_env_route_hybrid_alpha_start": 1.0,
    "fpem_env_route_hybrid_alpha_end": 0.5,
    "fpem_env_route_hybrid_alpha_decay_epochs": 30,
    "fpem_use_sinkhorn_route": false,
    "fpem_force_uniform_route": false,
    "fpem_env_rep_ablation": "normal",
    "fpem_env_route_sinkhorn_tau": 1.0,
    "fpem_env_route_sinkhorn_iters": 5,
    "fpem_env_sinkhorn_prediction_alpha_start": 0.2,
    "fpem_env_sinkhorn_prediction_alpha_final": 1.0,
    "fpem_env_sinkhorn_environment_beta_start": 1.0,
    "fpem_env_sinkhorn_environment_beta_final": 0.2,
    "fpem_env_sinkhorn_schedule_start_epoch": 5,
    "fpem_env_sinkhorn_schedule_end_epoch": 15,
    "fpem_env_sinkhorn_temporal_lambda": 0.05,
    "fpem_env_sinkhorn_gaussian_ema": 0.05,
    "fpem_env_sinkhorn_gaussian_min_var": 0.0001,
    "fpem_sinkhorn_warmup_epochs": 10,
    "fpem_sinkhorn_soft_end_epoch": 20,
    "fpem_sinkhorn_temperature_start": 1.0,
    "fpem_sinkhorn_temperature_final": 0.3,
    "fpem_sinkhorn_lambda_common": 0.1,
    "fpem_risk_router_temperature": 1.0,
    "fpem_risk_router_lambda": 0.5,
    "fpem_risk_router_pairwise_lambda": 0.0,
    "fpem_env_teacher_ema_momentum": 0.995,
    "fpem_env_partition_start_epoch": 5,
    "fpem_env_partition_update_interval": 5,
    "fpem_env_partition_freeze_last_epochs": 15,
    "fpem_env_partition_max_batches": -1,
    "fpem_env_max_clusters": 6,
    "fpem_env_min_cluster_ratio": 0.08,
    "fpem_env_gmm_n_init": 10,
    "fpem_env_gmm_variance_floor": 0.0001,
    "fpem_env_progressive_lambda_common": 0.2,
    "fpem_env_cluster_compactness_lambda": 0.01,
    "fpem_env_cluster_consistency_lambda": 0.05,
    "fpem_env_split_perturb_std": 1e-05,
    "fpem_sinkhorn_iters": 3,
    "fpem_sinkhorn_epsilon": 0.05,
    "fpem_expert_uniform_warmup_epochs": 0,
    "fpem_env_route_balance_warmup_epochs": 0,
    "fpem_env_route_initial_temperature": 1.0,
    "fpem_env_route_final_temperature": 0.3,
    "fpem_use_cross_cov_sep": false,
    "fpem_lambda_cross_cov_sep": 0.0,
    "gci_ridge": null,
    "scd_ridge": null,
    "gci_detach_target": null,
    "scd_detach_target": null,
    "scd_alignment_weight": null,
    "save_test_selected_checkpoints": false,
    "fpem_use_confounder_extractor": false,
    "fpem_use_env_mask": false,
    "fpem_confounder_use_mask": false,
    "fpem_lambda_mask_sparse": 0.0,
    "fpem_lambda_mask_entropy": 0.0,
    "fpem_use_env_route": true,
    "fpem_env_route_k": 1,
    "fpem_use_observable_load_prior": true,
    "fpem_observable_load_prior_cache": "/data/OuXiaoyu/STEVE_CODE/STEVE/data/LargeST-SD_TDS/observable_load_prior_k3_v1.npz",
    "fpem_observable_load_random_seed": 314159,
    "fpem_use_random_balanced_assignment": false,
    "fpem_hyper_alpha_mode": "fixed_one",
    "fpem_use_hard_environment_router": false,
    "fpem_hard_router_hidden_dim": 64,
    "fpem_hard_router_warmup_epochs": 0,
    "fpem_lambda_hard_router": 0.0,
    "fpem_lambda_inv_pred": 0.2,
    "fpem_env_route_use_inv_fallback_expert": false,
    "fpem_env_route_lambda_balance": 0.0,
    "fpem_env_route_lambda_diverse": 0.0,
    "fpem_env_route_lambda_proto_align": 0.0,
    "fpem_env_route_lambda_entropy": 0.0,
    "fpem_env_route_lambda_route_soft": 0.0,
    "fpem_use_future_mi": false,
    "fpem_lambda_future_mi": 0.0,
    "fpem_use_swap": false,
    "fpem_lambda_swap": 0.0,
    "fpem_use_club_mi": false,
    "fpem_lambda_club_mi": 0.0,
    "fpem_use_env_fusion": false,
    "fpem_use_grad_consensus": false,
    "fpem_gc_pred_loss_only": true,
    "git_commit": "1b38ed8",
    "log_dir": "/data/OuXiaoyu/STEVE_CODE/STEVE/experiments/LargeST-SD_TDS/smoke_largest_sd_fpem_light",
    "fpem_env_period_context_day_steps_resolved": 96,
    "fpem_env_period_context_week_steps_resolved": 672,
    "fpem_observable_load_prior_summary": {
      "path": "/data/OuXiaoyu/STEVE_CODE/STEVE/data/LargeST-SD_TDS/observable_load_prior_k3_v1.npz",
      "cache_version": 1,
      "created": true,
      "CP_shape": [
        716,
        1
      ],
      "CP_zero_count": 0,
      "thresholds": [
        0.3888268156424581,
        0.6611731843575418
      ],
      "random_assignment_seed": 314159,
      "metadata": {
        "cache_version": 1,
        "formula": "c_obs=clip(ceil(5*x[:,-1]/CP),0,5); CP=max(train_x,axis=(0,1)); CP==0 -> c_obs=0",
        "load_score": "mean(c_obs/5 over nodes and channels)",
        "quantiles": [
          0.3333333333333333,
          0.6666666666666666
        ],
        "random_assignment_seed": 314159,
        "source_x_shapes": {
          "test": [
            17663,
            35,
            716,
            1
          ],
          "train": [
            35005,
            35,
            716,
            1
          ],
          "val": [
            17471,
            35,
            716,
            1
          ]
        },
        "threshold_fit_split": "train",
        "uses_stored_c": false,
        "uses_target_y": false
      },
      "splits": {
        "train": {
          "samples": 35005,
          "c_obs_shape": [
            35005,
            716,
            1
          ],
          "score_min": 0.0,
          "score_max": 0.8340782122905028,
          "expert_counts": [
            11672,
            11670,
            11663
          ],
          "random_expert_counts": [
            11672,
            11670,
            11663
          ]
        },
        "val": {
          "samples": 17471,
          "c_obs_shape": [
            17471,
            716,
            1
          ],
          "score_min": 0.0,
          "score_max": 0.8072625698324022,
          "expert_counts": [
            8202,
            6987,
            2282
          ],
          "random_expert_counts": [
            8202,
            6987,
            2282
          ]
        },
        "test": {
          "samples": 17663,
          "c_obs_shape": [
            17663,
            716,
            1
          ],
          "score_min": 0.18547486033519547,
          "score_max": 0.7729050279329609,
          "expert_counts": [
            7590,
            8224,
            1849
          ],
          "random_expert_counts": [
            7590,
            8224,
            1849
          ]
        }
      }
    },
    "fpem_load_level_thresholds": [],
    "fpem_load_level_train_counts": [
      35005
    ],
    "fpem_load_level_source": "cached c_obs=clip(ceil(5*x[:, -1]/train-only CP),0,5)",
    "fpem_load_level_threshold_fit_split": "raw train",
    "fpem_load_level_uses_target_or_future_load": false,
    "fpem_input_scaler_mean": 225.87303439178956,
    "fpem_input_scaler_std": 178.67666305244455
  },
  "counts": {
    "train_total": 34944,
    "train_workday": 24960,
    "train_holiday": 9984,
    "train_workday_holiday_ratio": 2.5,
    "val_total": 17471,
    "val_workday": 12479,
    "val_holiday": 4992,
    "test_total": 17663,
    "test_workday": 12671,
    "test_holiday": 4992,
    "train_shuffle": true,
    "train_chronological_for_env_sinkhorn_temporal": false,
    "traffic_load_c_audit": {
      "ignored": true,
      "loaded_into_training_or_inference": false,
      "reason": "stored c is derived from future y[:,0]"
    },
    "observable_load_prior": {
      "path": "/data/OuXiaoyu/STEVE_CODE/STEVE/data/LargeST-SD_TDS/observable_load_prior_k3_v1.npz",
      "cache_version": 1,
      "created": true,
      "CP_shape": [
        716,
        1
      ],
      "CP_zero_count": 0,
      "thresholds": [
        0.3888268156424581,
        0.6611731843575418
      ],
      "random_assignment_seed": 314159,
      "metadata": {
        "cache_version": 1,
        "formula": "c_obs=clip(ceil(5*x[:,-1]/CP),0,5); CP=max(train_x,axis=(0,1)); CP==0 -> c_obs=0",
        "load_score": "mean(c_obs/5 over nodes and channels)",
        "quantiles": [
          0.3333333333333333,
          0.6666666666666666
        ],
        "random_assignment_seed": 314159,
        "source_x_shapes": {
          "test": [
            17663,
            35,
            716,
            1
          ],
          "train": [
            35005,
            35,
            716,
            1
          ],
          "val": [
            17471,
            35,
            716,
            1
          ]
        },
        "threshold_fit_split": "train",
        "uses_stored_c": false,
        "uses_target_y": false
      },
      "splits": {
        "train": {
          "samples": 35005,
          "c_obs_shape": [
            35005,
            716,
            1
          ],
          "score_min": 0.0,
          "score_max": 0.8340782122905028,
          "expert_counts": [
            11672,
            11670,
            11663
          ],
          "random_expert_counts": [
            11672,
            11670,
            11663
          ]
        },
        "val": {
          "samples": 17471,
          "c_obs_shape": [
            17471,
            716,
            1
          ],
          "score_min": 0.0,
          "score_max": 0.8072625698324022,
          "expert_counts": [
            8202,
            6987,
            2282
          ],
          "random_expert_counts": [
            8202,
            6987,
            2282
          ]
        },
        "test": {
          "samples": 17663,
          "c_obs_shape": [
            17663,
            716,
            1
          ],
          "score_min": 0.18547486033519547,
          "score_max": 0.7729050279329609,
          "expert_counts": [
            7590,
            8224,
            1849
          ],
          "random_expert_counts": [
            7590,
            8224,
            1849
          ]
        }
      }
    },
    "load_level_source": "cached c_obs=clip(ceil(5*x[:, -1]/train-only CP),0,5)",
    "load_level_threshold_fit_split": "raw train",
    "load_level_thresholds": [],
    "load_level_train_counts": [
      35005
    ],
    "load_level_uses_target_or_future_load": false,
    "fpem_env_use_period_context": true,
    "fpem_env_period_context_day_steps": 96,
    "fpem_env_period_context_week_steps": 672,
    "fpem_env_period_context_train_day_coverage": 0.9972575346379089,
    "fpem_env_period_context_train_week_coverage": 0.9808027424653621,
    "fpem_env_period_context_val_day_coverage": 0.9945051800125922,
    "fpem_env_period_context_val_week_coverage": 0.9615362600881461,
    "fpem_env_period_context_test_day_coverage": 0.9945649096982393,
    "fpem_env_period_context_test_week_coverage": 0.9619543678876749,
    "fpem_env_period_context_computed_before_subset": true,
    "fpem_env_period_context_index_source": "raw chronological split before train/test subsetting",
    "fpem_env_period_context_invalid_fill": "current_input"
  },
  "trainable_params": 116770,
  "frozen_params": 184408,
  "optimizer_params": 116770,
  "resume_start_epoch": 1,
  "top_level_prediction_source": "observable_load_selected_expert_always_environment",
  "frozen_invariant_parameters": [
    "encoder_inv.node_embeddings",
    "encoder_inv.cells.0.gate.weights_pool",
    "encoder_inv.cells.0.gate.bias_pool",
    "encoder_inv.cells.0.update.weights_pool",
    "encoder_inv.cells.0.update.bias_pool",
    "tcl4h.weight",
    "tcl4h.bias",
    "invariant_predict_conv_2.weight",
    "invariant_predict_conv_2.bias"
  ],
  "trainable_invariant_parameters": [],
  "invariant_candidate_val": {
    "mae": 129.613525390625,
    "mape": 2.3810477256774902
  }
}
EPOCH {"epoch": 1, "train_loss": 150.20542907714844, "val": {"loss": 230.3047332763672, "mae": 230.3047332763672, "mape": 3.867262363433838}, "test_mixed": {"loss": NaN, "mae": NaN, "mape": NaN}, "test_workday": {"loss": NaN, "mae": NaN, "mape": NaN}, "test_holiday": {"loss": NaN, "mae": NaN, "mape": NaN}, "test_avg_mae": NaN, "best_selection_value": 230.3047332763672, "best_selection_split": "val", "best_selection_metric": "val_loss", "lr": 0.001, "fpem_logs": {"fpem/fpem_env_use_exogenous": 1.0, "fpem/env_exogenous_available": 1.0, "fpem/env_exogenous_time_available": 1.0, "fpem/env_exogenous_load_available": 1.0, "fpem/env_exogenous_feature_dim": 24.0, "fpem/env_exogenous_embedding_norm": 2.1109445095062256, "fpem/env_exogenous_load_embedding_norm": 1.0073676109313965, "fpem/fpem_env_use_period_context": 1.0, "fpem/env_period_context_available": 1.0, "fpem/env_period_day_available_ratio": 1.0, "fpem/env_period_week_available_ratio": 1.0, "fpem/env_period_context_feature_dim": 3.0, "fpem/env_period_context_scale": 0.10000000149011612, "fpem/env_period_context_delta_norm": 0.1838511824607849, "fpem/env_period_context_day_diff_norm": 0.091300830245018, "fpem/env_period_context_week_diff_norm": 0.11031106859445572, "fpem/env_rep_ablation_normal": 1.0, "fpem/env_rep_ablation_zero": 0.0, "fpem/env_rep_ablation_shuffle_batch": 0.0, "fpem/env_rep_ablation_mode_id": 0.0, "fpem/mask_loss": 0.0, "fpem/mask_sparse_loss": 0.0, "fpem/mask_entropy_loss": 0.0, "fpem/mask_mean": 1.0, "fpem/mask_entropy": 0.0, "fpem/mask_active_ratio": 1.0, "fpem/fusion_alpha_mean": 0.0, "fpem/fusion_alpha_std": 0.0, "fpem/fusion_alpha_min": 0.0, "fpem/fusion_alpha_max": 0.0, "fpem/env_route_loss": 25.01788902282715, "fpem/env_route_L_final": 125.08944702148438, "fpem/env_route_L_global": 0.0, "fpem/env_route_L_route_soft": 0.0, "fpem/env_route_L_expert": 125.08944702148438, "fpem/env_route_L_router_oracle": 0.0, "fpem/env_route_L_balance": 0.0, "fpem/env_route_L_diverse": 0.0, "fpem/env_route_L_proto_align": 0.0, "fpem/env_route_entropy": 0.0, "fpem/env_route_q_max_mean": 0.0, "fpem/hyper_alpha_mean": 0.0, "fpem/hyper_delta_norm": 0.0, "fpem/hyper_route_proto_mode_uniform_warmup": 0.0, "fpem/hyper_route_proto_mode_uniform_fixed": 0.0, "fpem/hyper_route_proto_mode_sinkhorn": 0.0, "fpem/hyper_route_proto_mode_softmax": 0.0, "fpem/fallback_q_mean": 0.0, "fpem/fallback_q_max": 0.0, "fpem/env_q_sum_mean": 1.0, "fpem/oracle_fallback_rate": 0.0, "fpem/route_count_fallback": 0.0, "fpem/env_route_head_mode": 1.0, "fpem/route_entropy_mean": 0.0, "fpem/route_mean_distribution_entropy": 0.0, "fpem/effective_expert_number": 1.0, "fpem/max_expert_usage_ratio": 0.0, "fpem/min_expert_usage_ratio": 0.0, "fpem/prototype_pairwise_cosine": 0.0, "fpem/expert_prediction_pairwise_cosine": 0.0, "fpem/expert_collapse_warning": 0.0, "fpem/env_route_target_mode_env_prototype": 0.0, "fpem/env_route_target_mode_hybrid": 0.0, "fpem/env_route_hybrid_alpha": 0.0, "fpem/env_route_train_mode_warmup_risk_sinkhorn": 0.0, "fpem/warmup_risk_stage_warmup": 0.0, "fpem/warmup_risk_stage_soft": 0.0, "fpem/warmup_risk_stage_hard": 0.0, "fpem/warmup_risk_selected_loss": 0.0, "fpem/warmup_risk_uniform_common_loss": 0.0, "fpem/warmup_risk_lambda_common": 0.0, "fpem/warmup_risk_total_common_term": 0.0, "fpem/warmup_risk_temperature": 0.0, "fpem/warmup_risk_temperature_progress": 0.0, "fpem/uniform_expert_mae": 0.0, "fpem/risk_routed_mae": 0.0, "fpem/risk_prediction_mae": 0.0, "fpem/risk_loss": 0.0, "fpem/risk_ranking_loss": 0.0, "fpem/risk_ranking_accuracy": 0.0, "fpem/risk_oracle_argmin_accuracy": 0.0, "fpem/risk_router_temperature": 0.0, "fpem/risk_router_lambda": 0.0, "fpem/risk_router_pairwise_lambda": 0.0, "fpem/env_route_train_mode_progressive_gmm_environment": 0.0, "fpem/top_level_prediction_source_progressive_gmm_teacher_hard": 0.0, "fpem/progressive_assignment_uses_target_or_prediction_error": 0.0, "fpem/progressive_partition_ready": 0.0, "fpem/progressive_selected_k": 0.0, "fpem/progressive_active_expert_count": 0.0, "fpem/progressive_last_partition_epoch": 0.0, "fpem/progressive_lambda_common": 0.0, "fpem/progressive_common_term": 0.0, "fpem/progressive_compactness_loss": 0.0, "fpem/progressive_consistency_loss": 0.0, "fpem/progressive_cluster_entropy": 0.0, "fpem/progressive_assignment_change_ratio": 0.0, "fpem/progressive_hungarian_overlap_score": 0.0, "fpem/progressive_partition_update_time_sec": 0.0, "fpem/progressive_routed_mae": 0.0, "fpem/progressive_gmm_environment_total_replaces_primary": 0.0, "fpem/env_route_count_head_0": 1.0, "fpem/env_route_oracle_count_head_0": 1.0, "fpem/route_count_env_head_0": 1.0, "fpem/route_soft_mean_expert_0": 1.0, "fpem/route_hard_count_expert_0": 1.0, "fpem/hard_count_expert_0": 1.0, "fpem/sinkhorn_soft_col_mass_expert_0": 0.0, "fpem/progressive_active_expert_0": 0.0, "fpem/progressive_cluster_size_0": 0.0, "fpem/progressive_cluster_ratio_0": 0.0, "fpem/progressive_cluster_to_expert_0": 0.0, "fpem/progressive_bic_k1": 0.0, "fpem/progressive_bic_score_k1": 0.0, "fpem/progressive_bic_rejected_k1": 0.0, "fpem/hyper_alpha_head_0": 0.0, "fpem/hyper_gamma_norm_head_0": 0.0, "fpem/hyper_beta_norm_head_0": 0.0, "fpem/expert_cross_mae_group_0_expert_0": 125.08944702148438, "fpem/load_expert_loss": 125.08944702148438, "fpem/hard_router_loss": 0.0, "fpem/hard_router_target_env_ratio": 1.0, "fpem/hard_router_predicted_env_ratio": 0.0, "fpem/hard_router_effective_env_ratio": 1.0, "fpem/hard_router_supervision_enabled": 0.0, "fpem/hard_router_warmup_active": 0.0, "fpem/load_level_assignment_detached": 1.0, "fpem/load_level_count_0": 1.0, "fpem/load_level_ratio_0": 1.0, "fpem/expert_0_global_loss": 125.08944702148438, "fpem/expert_0_selected_loss": 125.08944702148438, "fpem/hard_router_margin_mean": 1.5355428457260132, "fpem/hard_router_gain_mean": 28.46484375, "fpem/hard_router_class_weight_invariant": 0.0, "fpem/hard_router_class_weight_environment": 0.0, "fpem/expert_prediction_pairwise_difference": 0.0, "fpem/delta_pairwise_cosine": 0.0, "fpem/delta_pairwise_l1": 0.0, "fpem/delta_pairwise_l2": 0.0, "fpem/expert_0_parameter_norm": 10.46574592590332, "fpem/hard_binary_router_enabled": 0.0, "fpem/hard_router_uses_target_in_forward": 0.0, "fpem/stored_future_c_loaded": 0.0, "fpem/prediction_is_weighted_complete_fusion": 0.0, "fpem/prediction_is_hard_route": 1.0, "fpem/conservative_inv_override_enabled": 0.0, "fpem/conservative_router_features_detached": 0.0, "fpem/counterfactual_risk_router_enabled": 0.0, "fpem/counterfactual_risk_stage2_active_forward": 0.0, "fpem/counterfactual_risk_deploy_route_active": 0.0, "fpem/counterfactual_risk_training_uses_route": 0.0, "fpem/counterfactual_risk_forward_uses_threshold": 0.0, "fpem/future_mi_loss": 0.0, "fpem/future_mi_valid": 0.0, "fpem/future_mi_logvar_mean": 0.0, "fpem/future_mi_target_mode_env_encoder": 0.0, "fpem/swap_loss": 0.0, "fpem/swap_diff_loss": 0.0, "fpem/swap_same_loss": 0.0, "fpem/swap_gain_mean": 0.0, "fpem/swap_s_gain_mean": 0.0, "fpem/swap_fallback_router_loss": 0.0, "fpem/swap_fallback_q_mean": 0.0, "fpem/swap_prediction_delta": 0.0, "fpem/swap_route_delta": 0.0, "fpem/swap_hyper_alpha_delta": 0.0, "fpem/swap_hyper_delta_norm": 0.0, "fpem/loss_env_day": 0.0, "fpem/loss_env_hour": 0.0, "fpem/loss_env_rush": 0.0, "fpem/env_day_acc": 0.0, "fpem/env_hour_acc": 0.0, "fpem/env_rush_acc": 0.0, "fpem/loss_env_supcon": 0.0, "fpem/env_supcon_valid_pairs": 0.0, "fpem/loss_inv_env_adv": 0.0, "fpem/inv_day_acc": 0.0, "fpem/inv_hour_acc": 0.0, "fpem/inv_rush_acc": 0.0, "fpem/loss_cross_cov_sep": 0.0, "fpem/confounder_dep_enabled": 1.0, "fpem/confounder_dep_mode_gci": 1.0, "fpem/confounder_dep_mode_scd": 0.0, "fpem/confounder_dep_mode_both": 0.0, "fpem/confounder_dep_total": 0.09809521585702896, "fpem/loss_gci": 0.0, "fpem/loss_gci_drop": 0.0, "fpem/loss_gci_keep": 0.0, "fpem/loss_gci_graph_align": 0.9809521436691284, "fpem/loss_scd": 0.0, "fpem/loss_conf_kl": 0.27029556035995483, "fpem/effective_gci_weight": 0.0, "fpem/effective_gci_graph_align_weight": 0.10000000149011612, "fpem/effective_scd_weight": 0.0, "fpem/effective_conf_kl_weight": 0.0, "fpem/confounder_dep_ramp_factor": 0.0, "fpem/C_mean": 0.3431686758995056, "fpem/C_std": 1.1727840900421143, "fpem/C_norm": 3.456226110458374, "fpem/confounder_token_norm": 5.476712226867676, "fpem/confounder_variational": 1.0, "fpem/confounder_projection_trace": 0.0, "fpem/confounder_projection_ridge": 0.0010000000474974513, "fpem/confounder_projection_rank_dim": 8.0, "fpem/confounder_projection_calls": 1.0, "fpem/confounder_dep_detach_target": 1.0, "fpem/gci_nonedge_mass_before_C": 0.957581639289856, "fpem/gci_nonedge_mass_after_C": 0.957581639289856, "fpem/gci_nonedge_mass_reduction": 0.0, "fpem/gci_relative_violation": 0.0, "fpem/gci_edge_before_C": 0.001396648003719747, "fpem/gci_edge_after_C": 0.001396648003719747, "fpem/gci_nonedge_conn_before_C": 0.001396648003719747, "fpem/gci_nonedge_conn_after_C": 0.001396648003719747, "fpem/gci_nonedge_conn_reduction": 0.0, "fpem/gci_edge_conn_before_C": 0.001396648003719747, "fpem/gci_edge_conn_after_C": 0.001396648003719747, "fpem/gci_edge_conn_reduction": 0.0, "fpem/gci_nonedge_dep_before_C": 0.001396648003719747, "fpem/gci_nonedge_dep_after_C": 0.001396648003719747, "fpem/gci_nonedge_dep_reduction": 0.0, "fpem/gci_edge_dep_before_C": 0.001396648003719747, "fpem/gci_edge_dep_after_C": 0.001396648003719747, "fpem/gci_nonedge_count": 490910.0, "fpem/gci_edge_count": 21030.0, "fpem/gci_node_count": 716.0, "fpem/gci_node_vector_dim": 1120.0, "fpem/gci_graph_embed_dim": 16.0, "fpem/gci_graph_embedding_norm_before": 0.06923538446426392, "fpem/gci_graph_embedding_norm_after": 0.06923538446426392, "fpem/gci_graph_embedding_std_before": 0.016457613557577133, "fpem/gci_graph_embedding_std_after": 0.016457613557577133, "fpem/gci_graph_adj_mean_before": 0.001396648120135069, "fpem/gci_graph_adj_mean_after": 0.001396648120135069, "fpem/gci_graph_adj_std_before": 0.0, "fpem/gci_graph_adj_std_after": 0.0, "fpem/gci_graph_align_weight": 0.10000000149011612, "fpem/gci_graph_align_raw_mse": 5.149921114555589e-11, "fpem/gci_graph_align_normalized": 0.9809521436691284, "fpem/gci_edge_preserve_beta": 0.10000000149011612, "fpem/gci_graph_align_target_available": 1.0, "fpem/gci_target_adj_mean": 0.001396648120135069, "fpem/gci_target_adj_std": 7.1762947300157975e-06, "fpem/gci_target_edge_mean": 0.0013965434627607465, "fpem/gci_target_nonedge_mean": 0.0013966033002361655, "fpem/gci_target_diag_mean": 0.0014304372016340494, "fpem/gci_graph_align_updates_agcrn": 0.0, "fpem/gci_updates_graph_linear": 0.0, "fpem/gci_graph_construction_agcrn_softmax": 1.0, "fpem/scd_assoc_before_C": 0.0, "fpem/scd_assoc_after_C": 0.0, "fpem/scd_assoc_reduction": 0.0, "fpem/scd_relative_violation": 0.0, "fpem/sample_assoc_before_C": 0.0, "fpem/sample_assoc_after_C": 0.0, "fpem/sample_assoc_reduction": 0.0, "fpem/sample_dep_before_C": 0.0, "fpem/sample_dep_after_C": 0.0, "fpem/sample_dep_reduction": 0.0, "fpem/scd_batch_size": 0.0, "fpem/scd_sample_vector_dim": 0.0, "fpem/sample_kernel_alignment": 0.0, "fpem/scd_alignment_loss": 0.0, "fpem/load_level_experts_enabled": 1.0, "fpem/load_level_uses_target_or_future_load": 0.0, "fpem/environment_gate_uses_target_in_forward": 0.0, "fpem/load_level_env_residual_scale": 0.0, "fpem/uses_cached_observable_load_prior": 1.0, "fpem/primary_loss": 125.08944702148438, "fpem/inv_pred_loss": 153.5542755126953, "fpem/primary_uses_route": 1.0, "fpem/primary_uses_env_fusion": 0.0, "fpem/backbone_agcrn": 1.0, "fpem/backbone_graphwavenet": 0.0, "fpem/backbone_staeformer": 0.0, "fpem/gc_pred_loss_only": 1.0, "fpem/env_route_head_mode_hyper_proto": 1.0, "fpem/fpem_force_uniform_route": 0.0, "fpem/hard_prediction_sinkhorn_total_replaces_primary": 0.0, "fpem/hard_prediction_environment_sinkhorn_total_replaces_primary": 0.0, "fpem/warmup_risk_sinkhorn_total_replaces_primary": 0.0, "fpem/lambda_club_mi": 0.0}}
SUMMARY {"exp_name": "smoke_largest_sd_fpem_light", "model": "steve", "ablation": "full", "best_epoch": 1, "best_val_loss": 230.3047332763672, "best_checkpoint_selection_split": "val", "best_checkpoint_selection_metric": "val_loss", "test_mixed_mae": 284.4091491699219, "test_workday_mae": 284.4091491699219, "test_holiday_mae": 271.0257263183594, "test_avg_mae": 277.7174377441406, "top_level_prediction_source": "observable_load_selected_expert_always_environment", "fpem_override_threshold": 0.5, "fpem_override_margin": 0.0, "finished": true}
