{
  "args": {
    "seed": 2024,
    "device": "cuda:0",
    "mode": "train",
    "best_path": "",
    "debug": false,
    "dataset": "LargeST-SD_TDS",
    "data_dir": "/data/OuXiaoyu/STEVE_CODE/STEVE/data",
    "graph_file": "/data/OuXiaoyu/STEVE_CODE/STEVE/data/LargeST-SD_TDS/adj_mx.npz",
    "num_nodes": 716,
    "input_length": 35,
    "output_T_dim": 1,
    "batch_size": 1,
    "test_batch_size": 1,
    "len_closeness": 8,
    "len_period": 27,
    "len_trend": 0,
    "result_root": "/data/OuXiaoyu/STEVE_CODE/STEVE/experiments/LargeST-SD_TDS",
    "d_input": 1,
    "d_output": 1,
    "d_model": 32,
    "dropout": 0.1,
    "percent": 0.1,
    "shm_temp": 0.5,
    "nmb_prototype": 4,
    "yita": 0.5,
    "layers": 3,
    "K": 64,
    "bank_gamma": 0.2,
    "kw": 1,
    "mi_w": 2,
    "epochs": 1,
    "lr_init": 0.001,
    "early_stop": true,
    "early_stop_patience": 30,
    "grad_norm": true,
    "max_grad_norm": 5,
    "use_dwa": true,
    "temp": 2,
    "MMI": false,
    "lr_patience": 20,
    "lr_mode": "only",
    "use_RevIN": true,
    "confounder_dep_mode": "none",
    "confounder_extractor": "token_attention",
    "confounder_dim": 8,
    "confounder_num_heads": 4,
    "confounder_attention_dropout": 0.0,
    "confounder_graph_embed_dim": 16,
    "confounder_variational": true,
    "confounder_kl_weight": 0.0001,
    "confounder_dep_warmup_epochs": 5,
    "confounder_dep_ramp_epochs": 10,
    "confounder_projection_ridge": 0.001,
    "confounder_dep_detach_target": true,
    "gci_weight": 0.001,
    "gci_graph_align_weight": 0.1,
    "gci_edge_preserve_beta": 0.1,
    "gci_graph_hops": 1,
    "gci_symmetrize_adj": true,
    "gci_add_self_loops": true,
    "scd_weight": 0.001,
    "dep_eps": 1e-06,
    "confounder_injection": "none",
    "ablation": "full",
    "config_filename": "/data/OuXiaoyu/STEVE_CODE/STEVE/configs/LargeST_SD_TDS.yaml",
    "model": "agcrn",
    "data_seed": 2024,
    "early_stop_test_avg_mae_epoch": 0,
    "early_stop_test_avg_mae_threshold": 0.0,
    "train_work_per_holiday": 2.5,
    "exp_name": "smoke_largest_sd_agcrn_light",
    "run_name": "smoke_largest_sd_agcrn_light",
    "resume": false,
    "resume_reset_patience": true,
    "best_selection_split": "val",
    "max_train_batches": 1,
    "max_eval_batches": 1,
    "fpem_backbone": "agcrn",
    "agcrn_lr": 0.003,
    "agcrn_embed_dim": 10,
    "agcrn_rnn_units": 32,
    "agcrn_num_layers": 1,
    "agcrn_cheb_k": 2,
    "graphwavenet_layers": 4,
    "graphwavenet_kernel_size": 2,
    "graphwavenet_dropout": 0.1,
    "staeformer_layers": 2,
    "staeformer_heads": 4,
    "staeformer_dropout": 0.1,
    "staeformer_mlp_ratio": 2.0,
    "staeformer_input_length_max": 512,
    "fpem_use_pretrained_inv_agcrn": false,
    "fpem_pretrained_inv_agcrn_path": "/data/OuXiaoyu/STEVE_CODE/STEVE/experiments/NYCTaxi_TDS/pure_agcrn_seed2024/best_val_model.pth",
    "fpem_use_env_supervision": false,
    "fpem_lambda_env_day_cls": 0.0,
    "fpem_lambda_env_hour_cls": 0.0,
    "fpem_lambda_env_rush_cls": 0.0,
    "fpem_env_use_exogenous": true,
    "fpem_env_exogenous_hour_dim": 8,
    "fpem_env_exogenous_day_dim": 4,
    "fpem_env_exogenous_rush_dim": 4,
    "fpem_env_exogenous_load_dim": 8,
    "fpem_env_exogenous_load_num_embeddings": 6,
    "fpem_env_exogenous_scale": 0.1,
    "fpem_env_use_period_context": false,
    "fpem_env_period_context_day_steps": 0,
    "fpem_env_period_context_week_steps": 0,
    "fpem_env_period_context_scale": 0.1,
    "fpem_ignore_future_c": false,
    "fpem_use_load_level_experts": false,
    "fpem_load_level_k": 3,
    "fpem_load_level_mode": "train_quantile",
    "fpem_randomize_train_load_level": false,
    "fpem_random_load_level_seed": 20260727,
    "fpem_use_environment_gate": true,
    "fpem_environment_gate_hidden_dim": 64,
    "fpem_environment_gate_warmup_epochs": 5,
    "fpem_environment_gate_margin_relative": 0.01,
    "fpem_environment_gate_temperature": 0.05,
    "fpem_lambda_environment_gate": 1.0,
    "fpem_lambda_load_expert": 0.2,
    "fpem_conservative_inv_override": false,
    "fpem_override_margin": 0.0,
    "fpem_override_threshold": 0.5,
    "fpem_override_threshold_grid": "0.50,0.55,0.60,0.65,0.70,0.75,0.80,0.85,0.90,0.95",
    "fpem_override_margin_grid": "",
    "fpem_override_threshold_selection_split": "val",
    "fpem_override_weight_min": 0.0,
    "fpem_override_weight_max": 20.0,
    "fpem_harmful_switch_weight": 2.0,
    "fpem_override_router_loss_weight": 1.0,
    "fpem_counterfactual_risk_router": false,
    "fpem_counterfactual_risk_stage2_start_epoch": 20,
    "fpem_counterfactual_risk_regression_weight": 1.0,
    "fpem_counterfactual_risk_ranking_weight": 0.5,
    "fpem_counterfactual_risk_router_loss_weight": 1.0,
    "fpem_counterfactual_risk_weight_min": 0.0,
    "fpem_counterfactual_risk_weight_max": 20.0,
    "fpem_counterfactual_risk_ranking_temperature": 1.0,
    "fpem_use_env_supcon": false,
    "fpem_lambda_env_supcon": 0.0,
    "fpem_env_supcon_temperature": 0.1,
    "fpem_use_inv_projector": false,
    "fpem_use_inv_env_adversarial": false,
    "fpem_lambda_inv_env_adv": 0.0,
    "fpem_grl_alpha": 1.0,
    "fpem_env_route_head_mode": "concat_input",
    "fpem_use_env_prototype_router": false,
    "fpem_env_route_target_mode": "prediction_oracle",
    "fpem_env_route_train_mode": "soft_oracle",
    "fpem_env_route_inference_mode": "mlp",
    "fpem_env_prototype_temperature": 1.0,
    "fpem_env_route_hybrid_alpha": 1.0,
    "fpem_env_route_hybrid_alpha_start": 1.0,
    "fpem_env_route_hybrid_alpha_end": 0.5,
    "fpem_env_route_hybrid_alpha_decay_epochs": 30,
    "fpem_use_sinkhorn_route": false,
    "fpem_force_uniform_route": false,
    "fpem_env_rep_ablation": "normal",
    "fpem_env_route_sinkhorn_tau": 1.0,
    "fpem_env_route_sinkhorn_iters": 5,
    "fpem_env_sinkhorn_prediction_alpha_start": 0.2,
    "fpem_env_sinkhorn_prediction_alpha_final": 1.0,
    "fpem_env_sinkhorn_environment_beta_start": 1.0,
    "fpem_env_sinkhorn_environment_beta_final": 0.2,
    "fpem_env_sinkhorn_schedule_start_epoch": 5,
    "fpem_env_sinkhorn_schedule_end_epoch": 15,
    "fpem_env_sinkhorn_temporal_lambda": 0.05,
    "fpem_env_sinkhorn_gaussian_ema": 0.05,
    "fpem_env_sinkhorn_gaussian_min_var": 0.0001,
    "fpem_sinkhorn_warmup_epochs": 10,
    "fpem_sinkhorn_soft_end_epoch": 20,
    "fpem_sinkhorn_temperature_start": 1.0,
    "fpem_sinkhorn_temperature_final": 0.3,
    "fpem_sinkhorn_lambda_common": 0.1,
    "fpem_risk_router_temperature": 1.0,
    "fpem_risk_router_lambda": 0.5,
    "fpem_risk_router_pairwise_lambda": 0.0,
    "fpem_env_teacher_ema_momentum": 0.995,
    "fpem_env_partition_start_epoch": 5,
    "fpem_env_partition_update_interval": 5,
    "fpem_env_partition_freeze_last_epochs": 15,
    "fpem_env_partition_max_batches": -1,
    "fpem_env_max_clusters": 6,
    "fpem_env_min_cluster_ratio": 0.08,
    "fpem_env_gmm_n_init": 10,
    "fpem_env_gmm_variance_floor": 0.0001,
    "fpem_env_progressive_lambda_common": 0.2,
    "fpem_env_cluster_compactness_lambda": 0.01,
    "fpem_env_cluster_consistency_lambda": 0.05,
    "fpem_env_split_perturb_std": 1e-05,
    "fpem_sinkhorn_iters": 3,
    "fpem_sinkhorn_epsilon": 0.05,
    "fpem_expert_uniform_warmup_epochs": 0,
    "fpem_env_route_balance_warmup_epochs": 0,
    "fpem_env_route_initial_temperature": 1.0,
    "fpem_env_route_final_temperature": 0.3,
    "fpem_use_cross_cov_sep": false,
    "fpem_lambda_cross_cov_sep": 0.0,
    "gci_ridge": null,
    "scd_ridge": null,
    "gci_detach_target": null,
    "scd_detach_target": null,
    "scd_alignment_weight": null,
    "save_test_selected_checkpoints": false,
    "git_commit": "1b38ed8",
    "log_dir": "/data/OuXiaoyu/STEVE_CODE/STEVE/experiments/LargeST-SD_TDS/smoke_largest_sd_agcrn_light",
    "fpem_env_period_context_day_steps_resolved": 96,
    "fpem_env_period_context_week_steps_resolved": 672,
    "fpem_load_level_thresholds": [],
    "fpem_random_train_load_levels": [],
    "fpem_load_level_train_counts": [],
    "fpem_input_scaler_mean": 225.87303439178956,
    "fpem_input_scaler_std": 178.67666305244455
  },
  "counts": {
    "train_total": 34944,
    "train_workday": 24960,
    "train_holiday": 9984,
    "train_workday_holiday_ratio": 2.5,
    "val_total": 17471,
    "val_workday": 12479,
    "val_holiday": 4992,
    "test_total": 17663,
    "test_workday": 12671,
    "test_holiday": 4992,
    "train_shuffle": true,
    "train_chronological_for_env_sinkhorn_temporal": false,
    "traffic_load_c_audit": {
      "train": {
        "shape": [
          35005,
          1,
          716,
          1
        ],
        "min": 0.0,
        "max": 5.0,
        "unique_values": [
          0.0,
          1.0,
          2.0,
          3.0,
          4.0,
          5.0
        ]
      },
      "val": {
        "shape": [
          17471,
          1,
          716,
          1
        ],
        "min": 0.0,
        "max": 5.0,
        "unique_values": [
          0.0,
          1.0,
          2.0,
          3.0,
          4.0,
          5.0
        ]
      },
      "test": {
        "shape": [
          17663,
          1,
          716,
          1
        ],
        "min": 0.0,
        "max": 5.0,
        "unique_values": [
          0.0,
          1.0,
          2.0,
          3.0,
          4.0,
          5.0
        ]
      }
    },
    "observable_load_prior": null,
    "load_level_source": null,
    "load_level_threshold_fit_split": null,
    "load_level_thresholds": [],
    "load_level_train_counts": [],
    "load_level_uses_target_or_future_load": false,
    "fpem_env_use_period_context": false,
    "fpem_env_period_context_day_steps": 96,
    "fpem_env_period_context_week_steps": 672,
    "fpem_env_period_context_train_day_coverage": 0.0,
    "fpem_env_period_context_train_week_coverage": 0.0,
    "fpem_env_period_context_val_day_coverage": 0.0,
    "fpem_env_period_context_val_week_coverage": 0.0,
    "fpem_env_period_context_test_day_coverage": 0.0,
    "fpem_env_period_context_test_week_coverage": 0.0,
    "fpem_env_period_context_computed_before_subset": false,
    "fpem_env_period_context_index_source": "disabled",
    "fpem_env_period_context_invalid_fill": "disabled"
  },
  "trainable_params": 71513,
  "frozen_params": 0,
  "optimizer_params": 71513,
  "resume_start_epoch": 1,
  "top_level_prediction_source": "model_forward_prediction",
  "frozen_invariant_parameters": [],
  "trainable_invariant_parameters": [],
  "invariant_candidate_val": null
}
EPOCH {"epoch": 1, "train_loss": 80.15011596679688, "val": {"loss": 129.613525390625, "mae": 129.613525390625, "mape": 2.3810477256774902}, "test_mixed": {"loss": NaN, "mae": NaN, "mape": NaN}, "test_workday": {"loss": NaN, "mae": NaN, "mape": NaN}, "test_holiday": {"loss": NaN, "mae": NaN, "mape": NaN}, "test_avg_mae": NaN, "best_selection_value": 129.613525390625, "best_selection_split": "val", "best_selection_metric": "val_loss", "lr": 0.003}
SUMMARY {"exp_name": "smoke_largest_sd_agcrn_light", "model": "agcrn", "ablation": "full", "best_epoch": 1, "best_val_loss": 129.613525390625, "best_checkpoint_selection_split": "val", "best_checkpoint_selection_metric": "val_loss", "test_mixed_mae": 182.94248962402344, "test_workday_mae": 182.94248962402344, "test_holiday_mae": 169.65711975097656, "test_avg_mae": 176.2998046875, "top_level_prediction_source": "model_forward_prediction", "fpem_override_threshold": 0.5, "fpem_override_margin": 0.0, "finished": true}
