{
  "args": {
    "seed": 2024,
    "device": "cuda:0",
    "mode": "train",
    "best_path": "",
    "debug": false,
    "dataset": "LargeST-SD_TDS",
    "data_dir": "/data/OuXiaoyu/STEVE_CODE/STEVE/data",
    "graph_file": "/data/OuXiaoyu/STEVE_CODE/STEVE/data/LargeST-SD_TDS/adj_mx.npz",
    "num_nodes": 716,
    "input_length": 12,
    "output_T_dim": 12,
    "batch_size": 1,
    "test_batch_size": 4,
    "len_closeness": 8,
    "len_period": 4,
    "len_trend": 0,
    "result_root": "/data/OuXiaoyu/STEVE_CODE/STEVE/experiments/LargeST-SD_TDS",
    "d_input": 1,
    "d_output": 1,
    "d_model": 32,
    "dropout": 0.1,
    "percent": 0.1,
    "shm_temp": 0.5,
    "nmb_prototype": 4,
    "yita": 0.5,
    "layers": 3,
    "K": 64,
    "bank_gamma": 0.2,
    "kw": 1,
    "mi_w": 2,
    "epochs": 100,
    "lr_init": 0.001,
    "early_stop": true,
    "early_stop_patience": 20,
    "grad_norm": true,
    "max_grad_norm": 5,
    "use_dwa": true,
    "temp": 2,
    "MMI": false,
    "lr_patience": 20,
    "lr_mode": "only",
    "use_RevIN": true,
    "confounder_dep_mode": "none",
    "confounder_extractor": "token_attention",
    "confounder_dim": 8,
    "confounder_num_heads": 4,
    "confounder_attention_dropout": 0.0,
    "confounder_graph_embed_dim": 16,
    "confounder_variational": true,
    "confounder_kl_weight": 0.0001,
    "confounder_dep_warmup_epochs": 5,
    "confounder_dep_ramp_epochs": 10,
    "confounder_projection_ridge": 0.001,
    "confounder_dep_detach_target": true,
    "gci_weight": 0.001,
    "gci_graph_align_weight": 0.1,
    "gci_edge_preserve_beta": 0.1,
    "gci_graph_hops": 1,
    "gci_symmetrize_adj": true,
    "gci_add_self_loops": true,
    "scd_weight": 0.001,
    "dep_eps": 1e-06,
    "confounder_injection": "none",
    "ablation": "full",
    "config_filename": "/data/OuXiaoyu/STEVE_CODE/STEVE/configs/LargeST_SD_TDS.yaml",
    "model": "agcrn",
    "data_seed": 2024,
    "early_stop_test_avg_mae_epoch": 0,
    "early_stop_test_avg_mae_threshold": 0.0,
    "train_work_per_holiday": 2.5,
    "exp_name": "largest_sd_tds_pure_agcrn_seed2024_0814",
    "run_name": "largest_sd_tds_pure_agcrn_seed2024_0814",
    "resume": true,
    "resume_reset_patience": true,
    "best_selection_split": "val",
    "max_train_batches": null,
    "max_eval_batches": null,
    "fpem_backbone": "agcrn",
    "agcrn_lr": 0.003,
    "agcrn_embed_dim": 10,
    "agcrn_rnn_units": 32,
    "agcrn_num_layers": 1,
    "agcrn_cheb_k": 2,
    "graphwavenet_layers": 4,
    "graphwavenet_kernel_size": 2,
    "graphwavenet_dropout": 0.1,
    "staeformer_layers": 2,
    "staeformer_heads": 4,
    "staeformer_dropout": 0.1,
    "staeformer_mlp_ratio": 2.0,
    "staeformer_input_length_max": 512,
    "fpem_use_pretrained_inv_agcrn": false,
    "fpem_pretrained_inv_agcrn_path": "/data/OuXiaoyu/STEVE_CODE/STEVE/experiments/NYCTaxi_TDS/pure_agcrn_seed2024/best_val_model.pth",
    "fpem_use_env_supervision": false,
    "fpem_lambda_env_day_cls": 0.0,
    "fpem_lambda_env_hour_cls": 0.0,
    "fpem_lambda_env_rush_cls": 0.0,
    "fpem_env_use_exogenous": true,
    "fpem_env_exogenous_hour_dim": 8,
    "fpem_env_exogenous_day_dim": 4,
    "fpem_env_exogenous_rush_dim": 4,
    "fpem_env_exogenous_load_dim": 8,
    "fpem_env_exogenous_load_num_embeddings": 6,
    "fpem_env_exogenous_scale": 0.1,
    "fpem_env_use_period_context": false,
    "fpem_env_period_context_day_steps": 0,
    "fpem_env_period_context_week_steps": 0,
    "fpem_env_period_context_scale": 0.1,
    "fpem_ignore_future_c": false,
    "fpem_use_load_level_experts": false,
    "fpem_load_level_k": 3,
    "fpem_load_level_mode": "train_quantile",
    "fpem_randomize_train_load_level": false,
    "fpem_random_load_level_seed": 20260727,
    "fpem_use_environment_gate": true,
    "fpem_environment_gate_hidden_dim": 64,
    "fpem_environment_gate_warmup_epochs": 5,
    "fpem_environment_gate_margin_relative": 0.01,
    "fpem_environment_gate_temperature": 0.05,
    "fpem_lambda_environment_gate": 1.0,
    "fpem_lambda_load_expert": 0.2,
    "fpem_conservative_inv_override": false,
    "fpem_override_margin": 0.0,
    "fpem_override_threshold": 0.5,
    "fpem_override_threshold_grid": "0.50,0.55,0.60,0.65,0.70,0.75,0.80,0.85,0.90,0.95",
    "fpem_override_margin_grid": "",
    "fpem_override_threshold_selection_split": "val",
    "fpem_override_weight_min": 0.0,
    "fpem_override_weight_max": 20.0,
    "fpem_harmful_switch_weight": 2.0,
    "fpem_override_router_loss_weight": 1.0,
    "fpem_counterfactual_risk_router": false,
    "fpem_counterfactual_risk_stage2_start_epoch": 20,
    "fpem_counterfactual_risk_regression_weight": 1.0,
    "fpem_counterfactual_risk_ranking_weight": 0.5,
    "fpem_counterfactual_risk_router_loss_weight": 1.0,
    "fpem_counterfactual_risk_weight_min": 0.0,
    "fpem_counterfactual_risk_weight_max": 20.0,
    "fpem_counterfactual_risk_ranking_temperature": 1.0,
    "fpem_use_env_supcon": false,
    "fpem_lambda_env_supcon": 0.0,
    "fpem_env_supcon_temperature": 0.1,
    "fpem_use_inv_projector": false,
    "fpem_use_inv_env_adversarial": false,
    "fpem_lambda_inv_env_adv": 0.0,
    "fpem_grl_alpha": 1.0,
    "fpem_env_route_head_mode": "concat_input",
    "fpem_use_env_prototype_router": false,
    "fpem_env_route_target_mode": "prediction_oracle",
    "fpem_env_route_train_mode": "soft_oracle",
    "fpem_env_route_inference_mode": "mlp",
    "fpem_env_prototype_temperature": 1.0,
    "fpem_env_route_hybrid_alpha": 1.0,
    "fpem_env_route_hybrid_alpha_start": 1.0,
    "fpem_env_route_hybrid_alpha_end": 0.5,
    "fpem_env_route_hybrid_alpha_decay_epochs": 30,
    "fpem_use_sinkhorn_route": false,
    "fpem_force_uniform_route": false,
    "fpem_env_rep_ablation": "normal",
    "fpem_env_route_sinkhorn_tau": 1.0,
    "fpem_env_route_sinkhorn_iters": 5,
    "fpem_env_sinkhorn_prediction_alpha_start": 0.2,
    "fpem_env_sinkhorn_prediction_alpha_final": 1.0,
    "fpem_env_sinkhorn_environment_beta_start": 1.0,
    "fpem_env_sinkhorn_environment_beta_final": 0.2,
    "fpem_env_sinkhorn_schedule_start_epoch": 5,
    "fpem_env_sinkhorn_schedule_end_epoch": 15,
    "fpem_env_sinkhorn_temporal_lambda": 0.05,
    "fpem_env_sinkhorn_gaussian_ema": 0.05,
    "fpem_env_sinkhorn_gaussian_min_var": 0.0001,
    "fpem_sinkhorn_warmup_epochs": 10,
    "fpem_sinkhorn_soft_end_epoch": 20,
    "fpem_sinkhorn_temperature_start": 1.0,
    "fpem_sinkhorn_temperature_final": 0.3,
    "fpem_sinkhorn_lambda_common": 0.1,
    "fpem_risk_router_temperature": 1.0,
    "fpem_risk_router_lambda": 0.5,
    "fpem_risk_router_pairwise_lambda": 0.0,
    "fpem_env_teacher_ema_momentum": 0.995,
    "fpem_env_partition_start_epoch": 5,
    "fpem_env_partition_update_interval": 5,
    "fpem_env_partition_freeze_last_epochs": 15,
    "fpem_env_partition_max_batches": -1,
    "fpem_env_max_clusters": 6,
    "fpem_env_min_cluster_ratio": 0.08,
    "fpem_env_gmm_n_init": 10,
    "fpem_env_gmm_variance_floor": 0.0001,
    "fpem_env_progressive_lambda_common": 0.2,
    "fpem_env_cluster_compactness_lambda": 0.01,
    "fpem_env_cluster_consistency_lambda": 0.05,
    "fpem_env_split_perturb_std": 1e-05,
    "fpem_sinkhorn_iters": 3,
    "fpem_sinkhorn_epsilon": 0.05,
    "fpem_expert_uniform_warmup_epochs": 0,
    "fpem_env_route_balance_warmup_epochs": 0,
    "fpem_env_route_initial_temperature": 1.0,
    "fpem_env_route_final_temperature": 0.3,
    "fpem_use_cross_cov_sep": false,
    "fpem_lambda_cross_cov_sep": 0.0,
    "confounder_virtual_batch_enabled": false,
    "confounder_virtual_batch_size": 8,
    "gci_ridge": null,
    "scd_ridge": null,
    "gci_detach_target": null,
    "scd_detach_target": null,
    "scd_alignment_weight": null,
    "save_test_selected_checkpoints": false,
    "git_commit": "1b38ed8",
    "log_dir": "/data/OuXiaoyu/STEVE_CODE/STEVE/experiments/LargeST-SD_TDS/largest_sd_tds_pure_agcrn_seed2024_0814",
    "fpem_env_period_context_day_steps_resolved": 288,
    "fpem_env_period_context_week_steps_resolved": 2016,
    "fpem_load_level_thresholds": [],
    "fpem_random_train_load_levels": [],
    "fpem_load_level_train_counts": [],
    "fpem_input_scaler_mean": 225.87516555057064,
    "fpem_input_scaler_std": 178.6840098101831
  },
  "counts": {
    "train_total": 34944,
    "train_workday": 24960,
    "train_holiday": 9984,
    "train_workday_holiday_ratio": 2.5,
    "val_total": 17460,
    "val_workday": 12468,
    "val_holiday": 4992,
    "test_total": 17652,
    "test_workday": 12660,
    "test_holiday": 4992,
    "train_shuffle": true,
    "train_chronological_for_env_sinkhorn_temporal": false,
    "traffic_load_c_audit": {
      "train": {
        "shape": [
          35017,
          12,
          716,
          1
        ],
        "min": 0.0,
        "max": 5.0,
        "unique_values": [
          0.0,
          1.0,
          2.0,
          3.0,
          4.0,
          5.0
        ]
      },
      "val": {
        "shape": [
          17460,
          12,
          716,
          1
        ],
        "min": 0.0,
        "max": 5.0,
        "unique_values": [
          0.0,
          1.0,
          2.0,
          3.0,
          4.0,
          5.0
        ]
      },
      "test": {
        "shape": [
          17652,
          12,
          716,
          1
        ],
        "min": 0.0,
        "max": 5.0,
        "unique_values": [
          0.0,
          1.0,
          2.0,
          3.0,
          4.0,
          5.0
        ]
      }
    },
    "observable_load_prior": null,
    "load_level_source": null,
    "load_level_threshold_fit_split": null,
    "load_level_thresholds": [],
    "load_level_train_counts": [],
    "load_level_uses_target_or_future_load": false,
    "fpem_env_use_period_context": false,
    "fpem_env_period_context_day_steps": 288,
    "fpem_env_period_context_week_steps": 2016,
    "fpem_env_period_context_train_day_coverage": 0.0,
    "fpem_env_period_context_train_week_coverage": 0.0,
    "fpem_env_period_context_val_day_coverage": 0.0,
    "fpem_env_period_context_val_week_coverage": 0.0,
    "fpem_env_period_context_test_day_coverage": 0.0,
    "fpem_env_period_context_test_week_coverage": 0.0,
    "fpem_env_period_context_computed_before_subset": false,
    "fpem_env_period_context_index_source": "disabled",
    "fpem_env_period_context_invalid_fill": "disabled"
  },
  "trainable_params": 71876,
  "frozen_params": 0,
  "optimizer_params": 71876,
  "resume_start_epoch": 1,
  "top_level_prediction_source": "model_forward_prediction",
  "frozen_invariant_parameters": [],
  "trainable_invariant_parameters": [],
  "invariant_candidate_val": null
}
{
  "args": {
    "seed": 2024,
    "device": "cuda:0",
    "mode": "train",
    "best_path": "",
    "debug": false,
    "dataset": "LargeST-SD_TDS",
    "data_dir": "/data/OuXiaoyu/STEVE_CODE/STEVE/data",
    "graph_file": "/data/OuXiaoyu/STEVE_CODE/STEVE/data/LargeST-SD_TDS/adj_mx.npz",
    "num_nodes": 716,
    "input_length": 12,
    "output_T_dim": 12,
    "batch_size": 8,
    "test_batch_size": 16,
    "len_closeness": 8,
    "len_period": 4,
    "len_trend": 0,
    "result_root": "/data/OuXiaoyu/STEVE_CODE/STEVE/experiments/LargeST-SD_TDS",
    "d_input": 1,
    "d_output": 1,
    "d_model": 32,
    "dropout": 0.1,
    "percent": 0.1,
    "shm_temp": 0.5,
    "nmb_prototype": 4,
    "yita": 0.5,
    "layers": 3,
    "K": 64,
    "bank_gamma": 0.2,
    "kw": 1,
    "mi_w": 2,
    "epochs": 100,
    "lr_init": 0.001,
    "early_stop": true,
    "early_stop_patience": 20,
    "grad_norm": true,
    "max_grad_norm": 5,
    "use_dwa": true,
    "temp": 2,
    "MMI": false,
    "lr_patience": 20,
    "lr_mode": "only",
    "use_RevIN": true,
    "confounder_dep_mode": "none",
    "confounder_extractor": "token_attention",
    "confounder_dim": 8,
    "confounder_num_heads": 4,
    "confounder_attention_dropout": 0.0,
    "confounder_graph_embed_dim": 16,
    "confounder_variational": true,
    "confounder_kl_weight": 0.0001,
    "confounder_dep_warmup_epochs": 5,
    "confounder_dep_ramp_epochs": 10,
    "confounder_projection_ridge": 0.001,
    "confounder_dep_detach_target": true,
    "gci_weight": 0.001,
    "gci_graph_align_weight": 0.1,
    "gci_edge_preserve_beta": 0.1,
    "gci_graph_hops": 1,
    "gci_symmetrize_adj": true,
    "gci_add_self_loops": true,
    "scd_weight": 0.001,
    "dep_eps": 1e-06,
    "confounder_injection": "none",
    "ablation": "full",
    "config_filename": "/data/OuXiaoyu/STEVE_CODE/STEVE/configs/LargeST_SD_TDS.yaml",
    "model": "agcrn",
    "data_seed": 2024,
    "early_stop_test_avg_mae_epoch": 0,
    "early_stop_test_avg_mae_threshold": 0.0,
    "train_work_per_holiday": 2.5,
    "exp_name": "largest_sd_tds_pure_agcrn_seed2024_0814",
    "run_name": "largest_sd_tds_pure_agcrn_seed2024_0814",
    "resume": true,
    "resume_reset_patience": true,
    "best_selection_split": "val",
    "max_train_batches": null,
    "max_eval_batches": null,
    "fpem_backbone": "agcrn",
    "agcrn_lr": 0.003,
    "agcrn_embed_dim": 10,
    "agcrn_rnn_units": 32,
    "agcrn_num_layers": 1,
    "agcrn_cheb_k": 2,
    "graphwavenet_layers": 4,
    "graphwavenet_kernel_size": 2,
    "graphwavenet_dropout": 0.1,
    "staeformer_layers": 2,
    "staeformer_heads": 4,
    "staeformer_dropout": 0.1,
    "staeformer_mlp_ratio": 2.0,
    "staeformer_input_length_max": 512,
    "fpem_use_pretrained_inv_agcrn": false,
    "fpem_pretrained_inv_agcrn_path": "/data/OuXiaoyu/STEVE_CODE/STEVE/experiments/NYCTaxi_TDS/pure_agcrn_seed2024/best_val_model.pth",
    "fpem_use_env_supervision": false,
    "fpem_lambda_env_day_cls": 0.0,
    "fpem_lambda_env_hour_cls": 0.0,
    "fpem_lambda_env_rush_cls": 0.0,
    "fpem_env_use_exogenous": true,
    "fpem_env_exogenous_hour_dim": 8,
    "fpem_env_exogenous_day_dim": 4,
    "fpem_env_exogenous_rush_dim": 4,
    "fpem_env_exogenous_load_dim": 8,
    "fpem_env_exogenous_load_num_embeddings": 6,
    "fpem_env_exogenous_scale": 0.1,
    "fpem_env_use_period_context": false,
    "fpem_env_period_context_day_steps": 0,
    "fpem_env_period_context_week_steps": 0,
    "fpem_env_period_context_scale": 0.1,
    "fpem_ignore_future_c": false,
    "fpem_use_load_level_experts": false,
    "fpem_load_level_k": 3,
    "fpem_load_level_mode": "train_quantile",
    "fpem_randomize_train_load_level": false,
    "fpem_random_load_level_seed": 20260727,
    "fpem_use_environment_gate": true,
    "fpem_environment_gate_hidden_dim": 64,
    "fpem_environment_gate_warmup_epochs": 5,
    "fpem_environment_gate_margin_relative": 0.01,
    "fpem_environment_gate_temperature": 0.05,
    "fpem_lambda_environment_gate": 1.0,
    "fpem_lambda_load_expert": 0.2,
    "fpem_conservative_inv_override": false,
    "fpem_override_margin": 0.0,
    "fpem_override_threshold": 0.5,
    "fpem_override_threshold_grid": "0.50,0.55,0.60,0.65,0.70,0.75,0.80,0.85,0.90,0.95",
    "fpem_override_margin_grid": "",
    "fpem_override_threshold_selection_split": "val",
    "fpem_override_weight_min": 0.0,
    "fpem_override_weight_max": 20.0,
    "fpem_harmful_switch_weight": 2.0,
    "fpem_override_router_loss_weight": 1.0,
    "fpem_counterfactual_risk_router": false,
    "fpem_counterfactual_risk_stage2_start_epoch": 20,
    "fpem_counterfactual_risk_regression_weight": 1.0,
    "fpem_counterfactual_risk_ranking_weight": 0.5,
    "fpem_counterfactual_risk_router_loss_weight": 1.0,
    "fpem_counterfactual_risk_weight_min": 0.0,
    "fpem_counterfactual_risk_weight_max": 20.0,
    "fpem_counterfactual_risk_ranking_temperature": 1.0,
    "fpem_use_env_supcon": false,
    "fpem_lambda_env_supcon": 0.0,
    "fpem_env_supcon_temperature": 0.1,
    "fpem_use_inv_projector": false,
    "fpem_use_inv_env_adversarial": false,
    "fpem_lambda_inv_env_adv": 0.0,
    "fpem_grl_alpha": 1.0,
    "fpem_env_route_head_mode": "concat_input",
    "fpem_use_env_prototype_router": false,
    "fpem_env_route_target_mode": "prediction_oracle",
    "fpem_env_route_train_mode": "soft_oracle",
    "fpem_env_route_inference_mode": "mlp",
    "fpem_env_prototype_temperature": 1.0,
    "fpem_env_route_hybrid_alpha": 1.0,
    "fpem_env_route_hybrid_alpha_start": 1.0,
    "fpem_env_route_hybrid_alpha_end": 0.5,
    "fpem_env_route_hybrid_alpha_decay_epochs": 30,
    "fpem_use_sinkhorn_route": false,
    "fpem_force_uniform_route": false,
    "fpem_env_rep_ablation": "normal",
    "fpem_env_route_sinkhorn_tau": 1.0,
    "fpem_env_route_sinkhorn_iters": 5,
    "fpem_env_sinkhorn_prediction_alpha_start": 0.2,
    "fpem_env_sinkhorn_prediction_alpha_final": 1.0,
    "fpem_env_sinkhorn_environment_beta_start": 1.0,
    "fpem_env_sinkhorn_environment_beta_final": 0.2,
    "fpem_env_sinkhorn_schedule_start_epoch": 5,
    "fpem_env_sinkhorn_schedule_end_epoch": 15,
    "fpem_env_sinkhorn_temporal_lambda": 0.05,
    "fpem_env_sinkhorn_gaussian_ema": 0.05,
    "fpem_env_sinkhorn_gaussian_min_var": 0.0001,
    "fpem_sinkhorn_warmup_epochs": 10,
    "fpem_sinkhorn_soft_end_epoch": 20,
    "fpem_sinkhorn_temperature_start": 1.0,
    "fpem_sinkhorn_temperature_final": 0.3,
    "fpem_sinkhorn_lambda_common": 0.1,
    "fpem_risk_router_temperature": 1.0,
    "fpem_risk_router_lambda": 0.5,
    "fpem_risk_router_pairwise_lambda": 0.0,
    "fpem_env_teacher_ema_momentum": 0.995,
    "fpem_env_partition_start_epoch": 5,
    "fpem_env_partition_update_interval": 5,
    "fpem_env_partition_freeze_last_epochs": 15,
    "fpem_env_partition_max_batches": -1,
    "fpem_env_max_clusters": 6,
    "fpem_env_min_cluster_ratio": 0.08,
    "fpem_env_gmm_n_init": 10,
    "fpem_env_gmm_variance_floor": 0.0001,
    "fpem_env_progressive_lambda_common": 0.2,
    "fpem_env_cluster_compactness_lambda": 0.01,
    "fpem_env_cluster_consistency_lambda": 0.05,
    "fpem_env_split_perturb_std": 1e-05,
    "fpem_sinkhorn_iters": 3,
    "fpem_sinkhorn_epsilon": 0.05,
    "fpem_expert_uniform_warmup_epochs": 0,
    "fpem_env_route_balance_warmup_epochs": 0,
    "fpem_env_route_initial_temperature": 1.0,
    "fpem_env_route_final_temperature": 0.3,
    "fpem_use_cross_cov_sep": false,
    "fpem_lambda_cross_cov_sep": 0.0,
    "confounder_virtual_batch_enabled": false,
    "confounder_virtual_batch_size": 8,
    "gci_ridge": null,
    "scd_ridge": null,
    "gci_detach_target": null,
    "scd_detach_target": null,
    "scd_alignment_weight": null,
    "save_test_selected_checkpoints": false,
    "git_commit": "1b38ed8",
    "log_dir": "/data/OuXiaoyu/STEVE_CODE/STEVE/experiments/LargeST-SD_TDS/largest_sd_tds_pure_agcrn_seed2024_0814",
    "fpem_env_period_context_day_steps_resolved": 288,
    "fpem_env_period_context_week_steps_resolved": 2016,
    "fpem_load_level_thresholds": [],
    "fpem_random_train_load_levels": [],
    "fpem_load_level_train_counts": [],
    "fpem_input_scaler_mean": 225.87516555057064,
    "fpem_input_scaler_std": 178.6840098101831
  },
  "counts": {
    "train_total": 34944,
    "train_workday": 24960,
    "train_holiday": 9984,
    "train_workday_holiday_ratio": 2.5,
    "val_total": 17460,
    "val_workday": 12468,
    "val_holiday": 4992,
    "test_total": 17652,
    "test_workday": 12660,
    "test_holiday": 4992,
    "train_shuffle": true,
    "train_chronological_for_env_sinkhorn_temporal": false,
    "traffic_load_c_audit": {
      "train": {
        "shape": [
          35017,
          12,
          716,
          1
        ],
        "min": 0.0,
        "max": 5.0,
        "unique_values": [
          0.0,
          1.0,
          2.0,
          3.0,
          4.0,
          5.0
        ]
      },
      "val": {
        "shape": [
          17460,
          12,
          716,
          1
        ],
        "min": 0.0,
        "max": 5.0,
        "unique_values": [
          0.0,
          1.0,
          2.0,
          3.0,
          4.0,
          5.0
        ]
      },
      "test": {
        "shape": [
          17652,
          12,
          716,
          1
        ],
        "min": 0.0,
        "max": 5.0,
        "unique_values": [
          0.0,
          1.0,
          2.0,
          3.0,
          4.0,
          5.0
        ]
      }
    },
    "observable_load_prior": null,
    "load_level_source": null,
    "load_level_threshold_fit_split": null,
    "load_level_thresholds": [],
    "load_level_train_counts": [],
    "load_level_uses_target_or_future_load": false,
    "fpem_env_use_period_context": false,
    "fpem_env_period_context_day_steps": 288,
    "fpem_env_period_context_week_steps": 2016,
    "fpem_env_period_context_train_day_coverage": 0.0,
    "fpem_env_period_context_train_week_coverage": 0.0,
    "fpem_env_period_context_val_day_coverage": 0.0,
    "fpem_env_period_context_val_week_coverage": 0.0,
    "fpem_env_period_context_test_day_coverage": 0.0,
    "fpem_env_period_context_test_week_coverage": 0.0,
    "fpem_env_period_context_computed_before_subset": false,
    "fpem_env_period_context_index_source": "disabled",
    "fpem_env_period_context_invalid_fill": "disabled"
  },
  "trainable_params": 71876,
  "frozen_params": 0,
  "optimizer_params": 71876,
  "resume_start_epoch": 1,
  "top_level_prediction_source": "model_forward_prediction",
  "frozen_invariant_parameters": [],
  "trainable_invariant_parameters": [],
  "invariant_candidate_val": null
}
EPOCH {"epoch": 1, "train_loss": 30.326160044023844, "val": {"loss": 39.04575795393724, "mae": 38.74797197727989, "mape": 0.5026045843074006}, "test_mixed": {"loss": NaN, "mae": NaN, "mape": NaN}, "test_workday": {"loss": NaN, "mae": NaN, "mape": NaN}, "test_holiday": {"loss": NaN, "mae": NaN, "mape": NaN}, "test_avg_mae": NaN, "best_selection_value": 39.04575795393724, "best_selection_split": "val", "best_selection_metric": "val_loss", "lr": 0.003}
EPOCH {"epoch": 2, "train_loss": 21.727341826363798, "val": {"loss": 28.819929292350462, "mae": 28.726177418111238, "mape": 0.3116185044466058}, "test_mixed": {"loss": NaN, "mae": NaN, "mape": NaN}, "test_workday": {"loss": NaN, "mae": NaN, "mape": NaN}, "test_holiday": {"loss": NaN, "mae": NaN, "mape": NaN}, "test_avg_mae": NaN, "best_selection_value": 28.819929292350462, "best_selection_split": "val", "best_selection_metric": "val_loss", "lr": 0.003}
EPOCH {"epoch": 3, "train_loss": 19.325768116847936, "val": {"loss": 29.224142838747074, "mae": 29.108567808114046, "mape": 0.3302017913323594}, "test_mixed": {"loss": NaN, "mae": NaN, "mape": NaN}, "test_workday": {"loss": NaN, "mae": NaN, "mape": NaN}, "test_holiday": {"loss": NaN, "mae": NaN, "mape": NaN}, "test_avg_mae": NaN, "best_selection_value": 29.224142838747074, "best_selection_split": "val", "best_selection_metric": "val_loss", "lr": 0.003}
{
  "args": {
    "seed": 2024,
    "device": "cuda:0",
    "mode": "train",
    "best_path": "",
    "debug": false,
    "dataset": "LargeST-SD_TDS",
    "data_dir": "/data/OuXiaoyu/STEVE_CODE/STEVE/data",
    "graph_file": "/data/OuXiaoyu/STEVE_CODE/STEVE/data/LargeST-SD_TDS/adj_mx.npz",
    "num_nodes": 716,
    "input_length": 12,
    "output_T_dim": 12,
    "batch_size": 8,
    "test_batch_size": 16,
    "len_closeness": 8,
    "len_period": 4,
    "len_trend": 0,
    "result_root": "/data/OuXiaoyu/STEVE_CODE/STEVE/experiments/LargeST-SD_TDS",
    "d_input": 1,
    "d_output": 1,
    "d_model": 32,
    "dropout": 0.1,
    "percent": 0.1,
    "shm_temp": 0.5,
    "nmb_prototype": 4,
    "yita": 0.5,
    "layers": 3,
    "K": 64,
    "bank_gamma": 0.2,
    "kw": 1,
    "mi_w": 2,
    "epochs": 100,
    "lr_init": 0.001,
    "early_stop": true,
    "early_stop_patience": 20,
    "grad_norm": true,
    "max_grad_norm": 5,
    "use_dwa": true,
    "temp": 2,
    "MMI": false,
    "lr_patience": 20,
    "lr_mode": "only",
    "use_RevIN": true,
    "confounder_dep_mode": "none",
    "confounder_extractor": "token_attention",
    "confounder_dim": 8,
    "confounder_num_heads": 4,
    "confounder_attention_dropout": 0.0,
    "confounder_graph_embed_dim": 16,
    "confounder_variational": true,
    "confounder_kl_weight": 0.0001,
    "confounder_dep_warmup_epochs": 5,
    "confounder_dep_ramp_epochs": 10,
    "confounder_projection_ridge": 0.001,
    "confounder_dep_detach_target": true,
    "gci_weight": 0.001,
    "gci_graph_align_weight": 0.1,
    "gci_edge_preserve_beta": 0.1,
    "gci_graph_hops": 1,
    "gci_symmetrize_adj": true,
    "gci_add_self_loops": true,
    "scd_weight": 0.001,
    "dep_eps": 1e-06,
    "confounder_injection": "none",
    "ablation": "full",
    "config_filename": "/data/OuXiaoyu/STEVE_CODE/STEVE/configs/LargeST_SD_TDS.yaml",
    "model": "agcrn",
    "data_seed": 2024,
    "early_stop_test_avg_mae_epoch": 0,
    "early_stop_test_avg_mae_threshold": 0.0,
    "train_work_per_holiday": 2.5,
    "exp_name": "largest_sd_tds_pure_agcrn_seed2024_0814",
    "run_name": "largest_sd_tds_pure_agcrn_seed2024_0814",
    "resume": true,
    "resume_reset_patience": true,
    "best_selection_split": "test",
    "max_train_batches": null,
    "max_eval_batches": null,
    "fpem_backbone": "agcrn",
    "agcrn_lr": 0.003,
    "agcrn_embed_dim": 10,
    "agcrn_rnn_units": 32,
    "agcrn_num_layers": 1,
    "agcrn_cheb_k": 2,
    "graphwavenet_layers": 4,
    "graphwavenet_kernel_size": 2,
    "graphwavenet_dropout": 0.1,
    "staeformer_layers": 2,
    "staeformer_heads": 4,
    "staeformer_dropout": 0.1,
    "staeformer_mlp_ratio": 2.0,
    "staeformer_input_length_max": 512,
    "fpem_use_pretrained_inv_agcrn": false,
    "fpem_pretrained_inv_agcrn_path": "/data/OuXiaoyu/STEVE_CODE/STEVE/experiments/NYCTaxi_TDS/pure_agcrn_seed2024/best_val_model.pth",
    "fpem_use_env_supervision": false,
    "fpem_lambda_env_day_cls": 0.0,
    "fpem_lambda_env_hour_cls": 0.0,
    "fpem_lambda_env_rush_cls": 0.0,
    "fpem_env_use_exogenous": true,
    "fpem_env_exogenous_hour_dim": 8,
    "fpem_env_exogenous_day_dim": 4,
    "fpem_env_exogenous_rush_dim": 4,
    "fpem_env_exogenous_load_dim": 8,
    "fpem_env_exogenous_load_num_embeddings": 6,
    "fpem_env_exogenous_scale": 0.1,
    "fpem_env_use_period_context": false,
    "fpem_env_period_context_day_steps": 0,
    "fpem_env_period_context_week_steps": 0,
    "fpem_env_period_context_scale": 0.1,
    "fpem_ignore_future_c": false,
    "fpem_use_load_level_experts": false,
    "fpem_load_level_k": 3,
    "fpem_load_level_mode": "train_quantile",
    "fpem_randomize_train_load_level": false,
    "fpem_random_load_level_seed": 20260727,
    "fpem_use_environment_gate": true,
    "fpem_environment_gate_hidden_dim": 64,
    "fpem_environment_gate_warmup_epochs": 5,
    "fpem_environment_gate_margin_relative": 0.01,
    "fpem_environment_gate_temperature": 0.05,
    "fpem_lambda_environment_gate": 1.0,
    "fpem_lambda_load_expert": 0.2,
    "fpem_conservative_inv_override": false,
    "fpem_override_margin": 0.0,
    "fpem_override_threshold": 0.5,
    "fpem_override_threshold_grid": "0.50,0.55,0.60,0.65,0.70,0.75,0.80,0.85,0.90,0.95",
    "fpem_override_margin_grid": "",
    "fpem_override_threshold_selection_split": "val",
    "fpem_override_weight_min": 0.0,
    "fpem_override_weight_max": 20.0,
    "fpem_harmful_switch_weight": 2.0,
    "fpem_override_router_loss_weight": 1.0,
    "fpem_counterfactual_risk_router": false,
    "fpem_counterfactual_risk_stage2_start_epoch": 20,
    "fpem_counterfactual_risk_regression_weight": 1.0,
    "fpem_counterfactual_risk_ranking_weight": 0.5,
    "fpem_counterfactual_risk_router_loss_weight": 1.0,
    "fpem_counterfactual_risk_weight_min": 0.0,
    "fpem_counterfactual_risk_weight_max": 20.0,
    "fpem_counterfactual_risk_ranking_temperature": 1.0,
    "fpem_use_env_supcon": false,
    "fpem_lambda_env_supcon": 0.0,
    "fpem_env_supcon_temperature": 0.1,
    "fpem_use_inv_projector": false,
    "fpem_use_inv_env_adversarial": false,
    "fpem_lambda_inv_env_adv": 0.0,
    "fpem_grl_alpha": 1.0,
    "fpem_env_route_head_mode": "concat_input",
    "fpem_use_env_prototype_router": false,
    "fpem_env_route_target_mode": "prediction_oracle",
    "fpem_env_route_train_mode": "soft_oracle",
    "fpem_env_route_inference_mode": "mlp",
    "fpem_env_prototype_temperature": 1.0,
    "fpem_env_route_hybrid_alpha": 1.0,
    "fpem_env_route_hybrid_alpha_start": 1.0,
    "fpem_env_route_hybrid_alpha_end": 0.5,
    "fpem_env_route_hybrid_alpha_decay_epochs": 30,
    "fpem_use_sinkhorn_route": false,
    "fpem_force_uniform_route": false,
    "fpem_env_rep_ablation": "normal",
    "fpem_env_route_sinkhorn_tau": 1.0,
    "fpem_env_route_sinkhorn_iters": 5,
    "fpem_env_sinkhorn_prediction_alpha_start": 0.2,
    "fpem_env_sinkhorn_prediction_alpha_final": 1.0,
    "fpem_env_sinkhorn_environment_beta_start": 1.0,
    "fpem_env_sinkhorn_environment_beta_final": 0.2,
    "fpem_env_sinkhorn_schedule_start_epoch": 5,
    "fpem_env_sinkhorn_schedule_end_epoch": 15,
    "fpem_env_sinkhorn_temporal_lambda": 0.05,
    "fpem_env_sinkhorn_gaussian_ema": 0.05,
    "fpem_env_sinkhorn_gaussian_min_var": 0.0001,
    "fpem_sinkhorn_warmup_epochs": 10,
    "fpem_sinkhorn_soft_end_epoch": 20,
    "fpem_sinkhorn_temperature_start": 1.0,
    "fpem_sinkhorn_temperature_final": 0.3,
    "fpem_sinkhorn_lambda_common": 0.1,
    "fpem_risk_router_temperature": 1.0,
    "fpem_risk_router_lambda": 0.5,
    "fpem_risk_router_pairwise_lambda": 0.0,
    "fpem_env_teacher_ema_momentum": 0.995,
    "fpem_env_partition_start_epoch": 5,
    "fpem_env_partition_update_interval": 5,
    "fpem_env_partition_freeze_last_epochs": 15,
    "fpem_env_partition_max_batches": -1,
    "fpem_env_max_clusters": 6,
    "fpem_env_min_cluster_ratio": 0.08,
    "fpem_env_gmm_n_init": 10,
    "fpem_env_gmm_variance_floor": 0.0001,
    "fpem_env_progressive_lambda_common": 0.2,
    "fpem_env_cluster_compactness_lambda": 0.01,
    "fpem_env_cluster_consistency_lambda": 0.05,
    "fpem_env_split_perturb_std": 1e-05,
    "fpem_sinkhorn_iters": 3,
    "fpem_sinkhorn_epsilon": 0.05,
    "fpem_expert_uniform_warmup_epochs": 0,
    "fpem_env_route_balance_warmup_epochs": 0,
    "fpem_env_route_initial_temperature": 1.0,
    "fpem_env_route_final_temperature": 0.3,
    "fpem_use_cross_cov_sep": false,
    "fpem_lambda_cross_cov_sep": 0.0,
    "confounder_virtual_batch_enabled": false,
    "confounder_virtual_batch_size": 8,
    "gci_ridge": null,
    "scd_ridge": null,
    "gci_detach_target": null,
    "scd_detach_target": null,
    "scd_alignment_weight": null,
    "save_test_selected_checkpoints": false,
    "git_commit": "1b38ed8",
    "log_dir": "/data/OuXiaoyu/STEVE_CODE/STEVE/experiments/LargeST-SD_TDS/largest_sd_tds_pure_agcrn_seed2024_0814",
    "fpem_env_period_context_day_steps_resolved": 288,
    "fpem_env_period_context_week_steps_resolved": 2016,
    "fpem_load_level_thresholds": [],
    "fpem_random_train_load_levels": [],
    "fpem_load_level_train_counts": [],
    "fpem_input_scaler_mean": 225.87516555057064,
    "fpem_input_scaler_std": 178.6840098101831
  },
  "counts": {
    "train_total": 34944,
    "train_workday": 24960,
    "train_holiday": 9984,
    "train_workday_holiday_ratio": 2.5,
    "val_total": 17460,
    "val_workday": 12468,
    "val_holiday": 4992,
    "test_total": 17652,
    "test_workday": 12660,
    "test_holiday": 4992,
    "train_shuffle": true,
    "train_chronological_for_env_sinkhorn_temporal": false,
    "traffic_load_c_audit": {
      "train": {
        "shape": [
          35017,
          12,
          716,
          1
        ],
        "min": 0.0,
        "max": 5.0,
        "unique_values": [
          0.0,
          1.0,
          2.0,
          3.0,
          4.0,
          5.0
        ]
      },
      "val": {
        "shape": [
          17460,
          12,
          716,
          1
        ],
        "min": 0.0,
        "max": 5.0,
        "unique_values": [
          0.0,
          1.0,
          2.0,
          3.0,
          4.0,
          5.0
        ]
      },
      "test": {
        "shape": [
          17652,
          12,
          716,
          1
        ],
        "min": 0.0,
        "max": 5.0,
        "unique_values": [
          0.0,
          1.0,
          2.0,
          3.0,
          4.0,
          5.0
        ]
      }
    },
    "observable_load_prior": null,
    "load_level_source": null,
    "load_level_threshold_fit_split": null,
    "load_level_thresholds": [],
    "load_level_train_counts": [],
    "load_level_uses_target_or_future_load": false,
    "fpem_env_use_period_context": false,
    "fpem_env_period_context_day_steps": 288,
    "fpem_env_period_context_week_steps": 2016,
    "fpem_env_period_context_train_day_coverage": 0.0,
    "fpem_env_period_context_train_week_coverage": 0.0,
    "fpem_env_period_context_val_day_coverage": 0.0,
    "fpem_env_period_context_val_week_coverage": 0.0,
    "fpem_env_period_context_test_day_coverage": 0.0,
    "fpem_env_period_context_test_week_coverage": 0.0,
    "fpem_env_period_context_computed_before_subset": false,
    "fpem_env_period_context_index_source": "disabled",
    "fpem_env_period_context_invalid_fill": "disabled"
  },
  "trainable_params": 71876,
  "frozen_params": 0,
  "optimizer_params": 71876,
  "resume_start_epoch": 4,
  "top_level_prediction_source": "model_forward_prediction",
  "frozen_invariant_parameters": [],
  "trainable_invariant_parameters": [],
  "invariant_candidate_val": null
}
{
  "args": {
    "seed": 2024,
    "device": "cuda:0",
    "mode": "train",
    "best_path": "",
    "debug": false,
    "dataset": "LargeST-SD_TDS",
    "data_dir": "/data/OuXiaoyu/STEVE_CODE/STEVE/data",
    "graph_file": "/data/OuXiaoyu/STEVE_CODE/STEVE/data/LargeST-SD_TDS/adj_mx.npz",
    "num_nodes": 716,
    "input_length": 12,
    "output_T_dim": 12,
    "batch_size": 8,
    "test_batch_size": 16,
    "len_closeness": 8,
    "len_period": 4,
    "len_trend": 0,
    "result_root": "/data/OuXiaoyu/STEVE_CODE/STEVE/experiments/LargeST-SD_TDS",
    "d_input": 1,
    "d_output": 1,
    "d_model": 32,
    "dropout": 0.1,
    "percent": 0.1,
    "shm_temp": 0.5,
    "nmb_prototype": 4,
    "yita": 0.5,
    "layers": 3,
    "K": 64,
    "bank_gamma": 0.2,
    "kw": 1,
    "mi_w": 2,
    "epochs": 100,
    "lr_init": 0.001,
    "early_stop": true,
    "early_stop_patience": 20,
    "grad_norm": true,
    "max_grad_norm": 5,
    "use_dwa": true,
    "temp": 2,
    "MMI": false,
    "lr_patience": 20,
    "lr_mode": "only",
    "use_RevIN": true,
    "confounder_dep_mode": "none",
    "confounder_extractor": "token_attention",
    "confounder_dim": 8,
    "confounder_num_heads": 4,
    "confounder_attention_dropout": 0.0,
    "confounder_graph_embed_dim": 16,
    "confounder_variational": true,
    "confounder_kl_weight": 0.0001,
    "confounder_dep_warmup_epochs": 5,
    "confounder_dep_ramp_epochs": 10,
    "confounder_projection_ridge": 0.001,
    "confounder_dep_detach_target": true,
    "gci_weight": 0.001,
    "gci_graph_align_weight": 0.1,
    "gci_edge_preserve_beta": 0.1,
    "gci_graph_hops": 1,
    "gci_symmetrize_adj": true,
    "gci_add_self_loops": true,
    "scd_weight": 0.001,
    "dep_eps": 1e-06,
    "confounder_injection": "none",
    "ablation": "full",
    "config_filename": "/data/OuXiaoyu/STEVE_CODE/STEVE/configs/LargeST_SD_TDS.yaml",
    "model": "agcrn",
    "data_seed": 2024,
    "early_stop_test_avg_mae_epoch": 0,
    "early_stop_test_avg_mae_threshold": 0.0,
    "train_work_per_holiday": 2.5,
    "exp_name": "largest_sd_tds_pure_agcrn_seed2024_0814",
    "run_name": "largest_sd_tds_pure_agcrn_seed2024_0814",
    "resume": true,
    "resume_reset_patience": true,
    "best_selection_split": "test",
    "max_train_batches": null,
    "max_eval_batches": null,
    "fpem_backbone": "agcrn",
    "agcrn_lr": 0.003,
    "agcrn_embed_dim": 10,
    "agcrn_rnn_units": 32,
    "agcrn_num_layers": 1,
    "agcrn_cheb_k": 2,
    "graphwavenet_layers": 4,
    "graphwavenet_kernel_size": 2,
    "graphwavenet_dropout": 0.1,
    "staeformer_layers": 2,
    "staeformer_heads": 4,
    "staeformer_dropout": 0.1,
    "staeformer_mlp_ratio": 2.0,
    "staeformer_input_length_max": 512,
    "fpem_use_pretrained_inv_agcrn": false,
    "fpem_pretrained_inv_agcrn_path": "/data/OuXiaoyu/STEVE_CODE/STEVE/experiments/NYCTaxi_TDS/pure_agcrn_seed2024/best_val_model.pth",
    "fpem_use_env_supervision": false,
    "fpem_lambda_env_day_cls": 0.0,
    "fpem_lambda_env_hour_cls": 0.0,
    "fpem_lambda_env_rush_cls": 0.0,
    "fpem_env_use_exogenous": true,
    "fpem_env_exogenous_hour_dim": 8,
    "fpem_env_exogenous_day_dim": 4,
    "fpem_env_exogenous_rush_dim": 4,
    "fpem_env_exogenous_load_dim": 8,
    "fpem_env_exogenous_load_num_embeddings": 6,
    "fpem_env_exogenous_scale": 0.1,
    "fpem_env_use_period_context": false,
    "fpem_env_period_context_day_steps": 0,
    "fpem_env_period_context_week_steps": 0,
    "fpem_env_period_context_scale": 0.1,
    "fpem_ignore_future_c": false,
    "fpem_use_load_level_experts": false,
    "fpem_load_level_k": 3,
    "fpem_load_level_mode": "train_quantile",
    "fpem_randomize_train_load_level": false,
    "fpem_random_load_level_seed": 20260727,
    "fpem_use_environment_gate": true,
    "fpem_environment_gate_hidden_dim": 64,
    "fpem_environment_gate_warmup_epochs": 5,
    "fpem_environment_gate_margin_relative": 0.01,
    "fpem_environment_gate_temperature": 0.05,
    "fpem_lambda_environment_gate": 1.0,
    "fpem_lambda_load_expert": 0.2,
    "fpem_conservative_inv_override": false,
    "fpem_override_margin": 0.0,
    "fpem_override_threshold": 0.5,
    "fpem_override_threshold_grid": "0.50,0.55,0.60,0.65,0.70,0.75,0.80,0.85,0.90,0.95",
    "fpem_override_margin_grid": "",
    "fpem_override_threshold_selection_split": "val",
    "fpem_override_weight_min": 0.0,
    "fpem_override_weight_max": 20.0,
    "fpem_harmful_switch_weight": 2.0,
    "fpem_override_router_loss_weight": 1.0,
    "fpem_counterfactual_risk_router": false,
    "fpem_counterfactual_risk_stage2_start_epoch": 20,
    "fpem_counterfactual_risk_regression_weight": 1.0,
    "fpem_counterfactual_risk_ranking_weight": 0.5,
    "fpem_counterfactual_risk_router_loss_weight": 1.0,
    "fpem_counterfactual_risk_weight_min": 0.0,
    "fpem_counterfactual_risk_weight_max": 20.0,
    "fpem_counterfactual_risk_ranking_temperature": 1.0,
    "fpem_use_env_supcon": false,
    "fpem_lambda_env_supcon": 0.0,
    "fpem_env_supcon_temperature": 0.1,
    "fpem_use_inv_projector": false,
    "fpem_use_inv_env_adversarial": false,
    "fpem_lambda_inv_env_adv": 0.0,
    "fpem_grl_alpha": 1.0,
    "fpem_env_route_head_mode": "concat_input",
    "fpem_use_env_prototype_router": false,
    "fpem_env_route_target_mode": "prediction_oracle",
    "fpem_env_route_train_mode": "soft_oracle",
    "fpem_env_route_inference_mode": "mlp",
    "fpem_env_prototype_temperature": 1.0,
    "fpem_env_route_hybrid_alpha": 1.0,
    "fpem_env_route_hybrid_alpha_start": 1.0,
    "fpem_env_route_hybrid_alpha_end": 0.5,
    "fpem_env_route_hybrid_alpha_decay_epochs": 30,
    "fpem_use_sinkhorn_route": false,
    "fpem_force_uniform_route": false,
    "fpem_env_rep_ablation": "normal",
    "fpem_env_route_sinkhorn_tau": 1.0,
    "fpem_env_route_sinkhorn_iters": 5,
    "fpem_env_sinkhorn_prediction_alpha_start": 0.2,
    "fpem_env_sinkhorn_prediction_alpha_final": 1.0,
    "fpem_env_sinkhorn_environment_beta_start": 1.0,
    "fpem_env_sinkhorn_environment_beta_final": 0.2,
    "fpem_env_sinkhorn_schedule_start_epoch": 5,
    "fpem_env_sinkhorn_schedule_end_epoch": 15,
    "fpem_env_sinkhorn_temporal_lambda": 0.05,
    "fpem_env_sinkhorn_gaussian_ema": 0.05,
    "fpem_env_sinkhorn_gaussian_min_var": 0.0001,
    "fpem_sinkhorn_warmup_epochs": 10,
    "fpem_sinkhorn_soft_end_epoch": 20,
    "fpem_sinkhorn_temperature_start": 1.0,
    "fpem_sinkhorn_temperature_final": 0.3,
    "fpem_sinkhorn_lambda_common": 0.1,
    "fpem_risk_router_temperature": 1.0,
    "fpem_risk_router_lambda": 0.5,
    "fpem_risk_router_pairwise_lambda": 0.0,
    "fpem_env_teacher_ema_momentum": 0.995,
    "fpem_env_partition_start_epoch": 5,
    "fpem_env_partition_update_interval": 5,
    "fpem_env_partition_freeze_last_epochs": 15,
    "fpem_env_partition_max_batches": -1,
    "fpem_env_max_clusters": 6,
    "fpem_env_min_cluster_ratio": 0.08,
    "fpem_env_gmm_n_init": 10,
    "fpem_env_gmm_variance_floor": 0.0001,
    "fpem_env_progressive_lambda_common": 0.2,
    "fpem_env_cluster_compactness_lambda": 0.01,
    "fpem_env_cluster_consistency_lambda": 0.05,
    "fpem_env_split_perturb_std": 1e-05,
    "fpem_sinkhorn_iters": 3,
    "fpem_sinkhorn_epsilon": 0.05,
    "fpem_expert_uniform_warmup_epochs": 0,
    "fpem_env_route_balance_warmup_epochs": 0,
    "fpem_env_route_initial_temperature": 1.0,
    "fpem_env_route_final_temperature": 0.3,
    "fpem_use_cross_cov_sep": false,
    "fpem_lambda_cross_cov_sep": 0.0,
    "confounder_virtual_batch_enabled": false,
    "confounder_virtual_batch_size": 8,
    "gci_ridge": null,
    "scd_ridge": null,
    "gci_detach_target": null,
    "scd_detach_target": null,
    "scd_alignment_weight": null,
    "save_test_selected_checkpoints": false,
    "git_commit": "1b38ed8",
    "log_dir": "/data/OuXiaoyu/STEVE_CODE/STEVE/experiments/LargeST-SD_TDS/largest_sd_tds_pure_agcrn_seed2024_0814",
    "fpem_env_period_context_day_steps_resolved": 288,
    "fpem_env_period_context_week_steps_resolved": 2016,
    "fpem_load_level_thresholds": [],
    "fpem_random_train_load_levels": [],
    "fpem_load_level_train_counts": [],
    "fpem_input_scaler_mean": 225.87516555057064,
    "fpem_input_scaler_std": 178.6840098101831
  },
  "counts": {
    "train_total": 34944,
    "train_workday": 24960,
    "train_holiday": 9984,
    "train_workday_holiday_ratio": 2.5,
    "val_total": 17460,
    "val_workday": 12468,
    "val_holiday": 4992,
    "test_total": 17652,
    "test_workday": 12660,
    "test_holiday": 4992,
    "train_shuffle": true,
    "train_chronological_for_env_sinkhorn_temporal": false,
    "traffic_load_c_audit": {
      "train": {
        "shape": [
          35017,
          12,
          716,
          1
        ],
        "min": 0.0,
        "max": 5.0,
        "unique_values": [
          0.0,
          1.0,
          2.0,
          3.0,
          4.0,
          5.0
        ]
      },
      "val": {
        "shape": [
          17460,
          12,
          716,
          1
        ],
        "min": 0.0,
        "max": 5.0,
        "unique_values": [
          0.0,
          1.0,
          2.0,
          3.0,
          4.0,
          5.0
        ]
      },
      "test": {
        "shape": [
          17652,
          12,
          716,
          1
        ],
        "min": 0.0,
        "max": 5.0,
        "unique_values": [
          0.0,
          1.0,
          2.0,
          3.0,
          4.0,
          5.0
        ]
      }
    },
    "observable_load_prior": null,
    "load_level_source": null,
    "load_level_threshold_fit_split": null,
    "load_level_thresholds": [],
    "load_level_train_counts": [],
    "load_level_uses_target_or_future_load": false,
    "fpem_env_use_period_context": false,
    "fpem_env_period_context_day_steps": 288,
    "fpem_env_period_context_week_steps": 2016,
    "fpem_env_period_context_train_day_coverage": 0.0,
    "fpem_env_period_context_train_week_coverage": 0.0,
    "fpem_env_period_context_val_day_coverage": 0.0,
    "fpem_env_period_context_val_week_coverage": 0.0,
    "fpem_env_period_context_test_day_coverage": 0.0,
    "fpem_env_period_context_test_week_coverage": 0.0,
    "fpem_env_period_context_computed_before_subset": false,
    "fpem_env_period_context_index_source": "disabled",
    "fpem_env_period_context_invalid_fill": "disabled"
  },
  "trainable_params": 71876,
  "frozen_params": 0,
  "optimizer_params": 71876,
  "resume_start_epoch": 4,
  "top_level_prediction_source": "model_forward_prediction",
  "frozen_invariant_parameters": [],
  "trainable_invariant_parameters": [],
  "invariant_candidate_val": null
}
{
  "args": {
    "seed": 2024,
    "device": "cuda:0",
    "mode": "train",
    "best_path": "",
    "debug": false,
    "dataset": "LargeST-SD_TDS",
    "data_dir": "/data/OuXiaoyu/STEVE_CODE/STEVE/data",
    "graph_file": "/data/OuXiaoyu/STEVE_CODE/STEVE/data/LargeST-SD_TDS/adj_mx.npz",
    "num_nodes": 716,
    "input_length": 12,
    "output_T_dim": 12,
    "batch_size": 8,
    "test_batch_size": 16,
    "len_closeness": 8,
    "len_period": 4,
    "len_trend": 0,
    "result_root": "/data/OuXiaoyu/STEVE_CODE/STEVE/experiments/LargeST-SD_TDS",
    "d_input": 1,
    "d_output": 1,
    "d_model": 32,
    "dropout": 0.1,
    "percent": 0.1,
    "shm_temp": 0.5,
    "nmb_prototype": 4,
    "yita": 0.5,
    "layers": 3,
    "K": 64,
    "bank_gamma": 0.2,
    "kw": 1,
    "mi_w": 2,
    "epochs": 100,
    "lr_init": 0.001,
    "early_stop": true,
    "early_stop_patience": 20,
    "grad_norm": true,
    "max_grad_norm": 5,
    "use_dwa": true,
    "temp": 2,
    "MMI": false,
    "lr_patience": 20,
    "lr_mode": "only",
    "use_RevIN": true,
    "confounder_dep_mode": "none",
    "confounder_extractor": "token_attention",
    "confounder_dim": 8,
    "confounder_num_heads": 4,
    "confounder_attention_dropout": 0.0,
    "confounder_graph_embed_dim": 16,
    "confounder_variational": true,
    "confounder_kl_weight": 0.0001,
    "confounder_dep_warmup_epochs": 5,
    "confounder_dep_ramp_epochs": 10,
    "confounder_projection_ridge": 0.001,
    "confounder_dep_detach_target": true,
    "gci_weight": 0.001,
    "gci_graph_align_weight": 0.1,
    "gci_edge_preserve_beta": 0.1,
    "gci_graph_hops": 1,
    "gci_symmetrize_adj": true,
    "gci_add_self_loops": true,
    "scd_weight": 0.001,
    "dep_eps": 1e-06,
    "confounder_injection": "none",
    "ablation": "full",
    "config_filename": "/data/OuXiaoyu/STEVE_CODE/STEVE/configs/LargeST_SD_TDS.yaml",
    "model": "agcrn",
    "data_seed": 2024,
    "early_stop_test_avg_mae_epoch": 0,
    "early_stop_test_avg_mae_threshold": 0.0,
    "train_work_per_holiday": 2.5,
    "exp_name": "largest_sd_tds_pure_agcrn_seed2024_0814",
    "run_name": "largest_sd_tds_pure_agcrn_seed2024_0814",
    "resume": true,
    "resume_reset_patience": true,
    "best_selection_split": "test",
    "max_train_batches": null,
    "max_eval_batches": null,
    "fpem_backbone": "agcrn",
    "agcrn_lr": 0.003,
    "agcrn_embed_dim": 10,
    "agcrn_rnn_units": 32,
    "agcrn_num_layers": 1,
    "agcrn_cheb_k": 2,
    "graphwavenet_layers": 4,
    "graphwavenet_kernel_size": 2,
    "graphwavenet_dropout": 0.1,
    "staeformer_layers": 2,
    "staeformer_heads": 4,
    "staeformer_dropout": 0.1,
    "staeformer_mlp_ratio": 2.0,
    "staeformer_input_length_max": 512,
    "fpem_use_pretrained_inv_agcrn": false,
    "fpem_pretrained_inv_agcrn_path": "/data/OuXiaoyu/STEVE_CODE/STEVE/experiments/NYCTaxi_TDS/pure_agcrn_seed2024/best_val_model.pth",
    "fpem_use_env_supervision": false,
    "fpem_lambda_env_day_cls": 0.0,
    "fpem_lambda_env_hour_cls": 0.0,
    "fpem_lambda_env_rush_cls": 0.0,
    "fpem_env_use_exogenous": true,
    "fpem_env_exogenous_hour_dim": 8,
    "fpem_env_exogenous_day_dim": 4,
    "fpem_env_exogenous_rush_dim": 4,
    "fpem_env_exogenous_load_dim": 8,
    "fpem_env_exogenous_load_num_embeddings": 6,
    "fpem_env_exogenous_scale": 0.1,
    "fpem_env_use_period_context": false,
    "fpem_env_period_context_day_steps": 0,
    "fpem_env_period_context_week_steps": 0,
    "fpem_env_period_context_scale": 0.1,
    "fpem_ignore_future_c": false,
    "fpem_use_load_level_experts": false,
    "fpem_load_level_k": 3,
    "fpem_load_level_mode": "train_quantile",
    "fpem_randomize_train_load_level": false,
    "fpem_random_load_level_seed": 20260727,
    "fpem_use_environment_gate": true,
    "fpem_environment_gate_hidden_dim": 64,
    "fpem_environment_gate_warmup_epochs": 5,
    "fpem_environment_gate_margin_relative": 0.01,
    "fpem_environment_gate_temperature": 0.05,
    "fpem_lambda_environment_gate": 1.0,
    "fpem_lambda_load_expert": 0.2,
    "fpem_conservative_inv_override": false,
    "fpem_override_margin": 0.0,
    "fpem_override_threshold": 0.5,
    "fpem_override_threshold_grid": "0.50,0.55,0.60,0.65,0.70,0.75,0.80,0.85,0.90,0.95",
    "fpem_override_margin_grid": "",
    "fpem_override_threshold_selection_split": "val",
    "fpem_override_weight_min": 0.0,
    "fpem_override_weight_max": 20.0,
    "fpem_harmful_switch_weight": 2.0,
    "fpem_override_router_loss_weight": 1.0,
    "fpem_counterfactual_risk_router": false,
    "fpem_counterfactual_risk_stage2_start_epoch": 20,
    "fpem_counterfactual_risk_regression_weight": 1.0,
    "fpem_counterfactual_risk_ranking_weight": 0.5,
    "fpem_counterfactual_risk_router_loss_weight": 1.0,
    "fpem_counterfactual_risk_weight_min": 0.0,
    "fpem_counterfactual_risk_weight_max": 20.0,
    "fpem_counterfactual_risk_ranking_temperature": 1.0,
    "fpem_use_env_supcon": false,
    "fpem_lambda_env_supcon": 0.0,
    "fpem_env_supcon_temperature": 0.1,
    "fpem_use_inv_projector": false,
    "fpem_use_inv_env_adversarial": false,
    "fpem_lambda_inv_env_adv": 0.0,
    "fpem_grl_alpha": 1.0,
    "fpem_env_route_head_mode": "concat_input",
    "fpem_use_env_prototype_router": false,
    "fpem_env_route_target_mode": "prediction_oracle",
    "fpem_env_route_train_mode": "soft_oracle",
    "fpem_env_route_inference_mode": "mlp",
    "fpem_env_prototype_temperature": 1.0,
    "fpem_env_route_hybrid_alpha": 1.0,
    "fpem_env_route_hybrid_alpha_start": 1.0,
    "fpem_env_route_hybrid_alpha_end": 0.5,
    "fpem_env_route_hybrid_alpha_decay_epochs": 30,
    "fpem_use_sinkhorn_route": false,
    "fpem_force_uniform_route": false,
    "fpem_env_rep_ablation": "normal",
    "fpem_env_route_sinkhorn_tau": 1.0,
    "fpem_env_route_sinkhorn_iters": 5,
    "fpem_env_sinkhorn_prediction_alpha_start": 0.2,
    "fpem_env_sinkhorn_prediction_alpha_final": 1.0,
    "fpem_env_sinkhorn_environment_beta_start": 1.0,
    "fpem_env_sinkhorn_environment_beta_final": 0.2,
    "fpem_env_sinkhorn_schedule_start_epoch": 5,
    "fpem_env_sinkhorn_schedule_end_epoch": 15,
    "fpem_env_sinkhorn_temporal_lambda": 0.05,
    "fpem_env_sinkhorn_gaussian_ema": 0.05,
    "fpem_env_sinkhorn_gaussian_min_var": 0.0001,
    "fpem_sinkhorn_warmup_epochs": 10,
    "fpem_sinkhorn_soft_end_epoch": 20,
    "fpem_sinkhorn_temperature_start": 1.0,
    "fpem_sinkhorn_temperature_final": 0.3,
    "fpem_sinkhorn_lambda_common": 0.1,
    "fpem_risk_router_temperature": 1.0,
    "fpem_risk_router_lambda": 0.5,
    "fpem_risk_router_pairwise_lambda": 0.0,
    "fpem_env_teacher_ema_momentum": 0.995,
    "fpem_env_partition_start_epoch": 5,
    "fpem_env_partition_update_interval": 5,
    "fpem_env_partition_freeze_last_epochs": 15,
    "fpem_env_partition_max_batches": -1,
    "fpem_env_max_clusters": 6,
    "fpem_env_min_cluster_ratio": 0.08,
    "fpem_env_gmm_n_init": 10,
    "fpem_env_gmm_variance_floor": 0.0001,
    "fpem_env_progressive_lambda_common": 0.2,
    "fpem_env_cluster_compactness_lambda": 0.01,
    "fpem_env_cluster_consistency_lambda": 0.05,
    "fpem_env_split_perturb_std": 1e-05,
    "fpem_sinkhorn_iters": 3,
    "fpem_sinkhorn_epsilon": 0.05,
    "fpem_expert_uniform_warmup_epochs": 0,
    "fpem_env_route_balance_warmup_epochs": 0,
    "fpem_env_route_initial_temperature": 1.0,
    "fpem_env_route_final_temperature": 0.3,
    "fpem_use_cross_cov_sep": false,
    "fpem_lambda_cross_cov_sep": 0.0,
    "confounder_virtual_batch_enabled": false,
    "confounder_virtual_batch_size": 8,
    "gci_ridge": null,
    "scd_ridge": null,
    "gci_detach_target": null,
    "scd_detach_target": null,
    "scd_alignment_weight": null,
    "save_test_selected_checkpoints": true,
    "git_commit": "1b38ed8",
    "log_dir": "/data/OuXiaoyu/STEVE_CODE/STEVE/experiments/LargeST-SD_TDS/largest_sd_tds_pure_agcrn_seed2024_0814",
    "fpem_env_period_context_day_steps_resolved": 288,
    "fpem_env_period_context_week_steps_resolved": 2016,
    "fpem_load_level_thresholds": [],
    "fpem_random_train_load_levels": [],
    "fpem_load_level_train_counts": [],
    "fpem_input_scaler_mean": 225.87516555057064,
    "fpem_input_scaler_std": 178.6840098101831
  },
  "counts": {
    "train_total": 34944,
    "train_workday": 24960,
    "train_holiday": 9984,
    "train_workday_holiday_ratio": 2.5,
    "val_total": 17460,
    "val_workday": 12468,
    "val_holiday": 4992,
    "test_total": 17652,
    "test_workday": 12660,
    "test_holiday": 4992,
    "train_shuffle": true,
    "train_chronological_for_env_sinkhorn_temporal": false,
    "traffic_load_c_audit": {
      "train": {
        "shape": [
          35017,
          12,
          716,
          1
        ],
        "min": 0.0,
        "max": 5.0,
        "unique_values": [
          0.0,
          1.0,
          2.0,
          3.0,
          4.0,
          5.0
        ]
      },
      "val": {
        "shape": [
          17460,
          12,
          716,
          1
        ],
        "min": 0.0,
        "max": 5.0,
        "unique_values": [
          0.0,
          1.0,
          2.0,
          3.0,
          4.0,
          5.0
        ]
      },
      "test": {
        "shape": [
          17652,
          12,
          716,
          1
        ],
        "min": 0.0,
        "max": 5.0,
        "unique_values": [
          0.0,
          1.0,
          2.0,
          3.0,
          4.0,
          5.0
        ]
      }
    },
    "observable_load_prior": null,
    "load_level_source": null,
    "load_level_threshold_fit_split": null,
    "load_level_thresholds": [],
    "load_level_train_counts": [],
    "load_level_uses_target_or_future_load": false,
    "fpem_env_use_period_context": false,
    "fpem_env_period_context_day_steps": 288,
    "fpem_env_period_context_week_steps": 2016,
    "fpem_env_period_context_train_day_coverage": 0.0,
    "fpem_env_period_context_train_week_coverage": 0.0,
    "fpem_env_period_context_val_day_coverage": 0.0,
    "fpem_env_period_context_val_week_coverage": 0.0,
    "fpem_env_period_context_test_day_coverage": 0.0,
    "fpem_env_period_context_test_week_coverage": 0.0,
    "fpem_env_period_context_computed_before_subset": false,
    "fpem_env_period_context_index_source": "disabled",
    "fpem_env_period_context_invalid_fill": "disabled"
  },
  "trainable_params": 71876,
  "frozen_params": 0,
  "optimizer_params": 71876,
  "resume_start_epoch": 4,
  "top_level_prediction_source": "model_forward_prediction",
  "frozen_invariant_parameters": [],
  "trainable_invariant_parameters": [],
  "invariant_candidate_val": null
}
EPOCH {"epoch": 4, "train_loss": 18.366984742246704, "val": {"loss": 27.71820741258698, "mae": 27.610219824928922, "mape": 0.31703292113888837}, "test_mixed": {"loss": 26.599773705005646, "mae": 26.59008303192905, "mape": 0.23182052661730343}, "test_workday": {"loss": 27.82804496480961, "mae": 27.842762578947276, "mape": 0.22034294456078773}, "test_holiday": {"loss": 23.481854353195583, "mae": 23.409881796330474, "mape": 0.2609588810549562}, "test_avg_mae": 25.626322187638877, "best_selection_value": 25.626322187638877, "best_selection_split": "test_avg_DIAGNOSTIC", "best_selection_metric": "test_avg_mae", "lr": 0.003}
EPOCH {"epoch": 5, "train_loss": 17.844838036503983, "val": {"loss": 27.763147347139352, "mae": 27.692734699015602, "mape": 0.3006522378555544}, "test_mixed": {"loss": 27.10778101630833, "mae": 27.1297163420003, "mape": 0.22241637920029872}, "test_workday": {"loss": 28.257299770008434, "mae": 28.30371535453209, "mape": 0.20964873003836965}, "test_holiday": {"loss": 24.18977187230037, "mae": 24.149262865983907, "mape": 0.2548298513744917}, "test_avg_mae": 26.226489110258, "best_selection_value": 26.226489110258, "best_selection_split": "test_avg_DIAGNOSTIC", "best_selection_metric": "test_avg_mae", "lr": 0.003}
EPOCH {"epoch": 6, "train_loss": 17.510356408335788, "val": {"loss": 25.549892969620533, "mae": 25.555236257955926, "mape": 0.2523176378178762}, "test_mixed": {"loss": 24.971095417720683, "mae": 25.045096555305292, "mape": 0.18832179433876164}, "test_workday": {"loss": 27.278594874372384, "mae": 27.38170700603604, "mape": 0.1859760525332988}, "test_holiday": {"loss": 19.11359679698944, "mae": 19.113099453401333, "mape": 0.19427697338346245}, "test_avg_mae": 23.247403229718685, "best_selection_value": 23.247403229718685, "best_selection_split": "test_avg_DIAGNOSTIC", "best_selection_metric": "test_avg_mae", "lr": 0.003}
EPOCH {"epoch": 7, "train_loss": 17.268155487684105, "val": {"loss": 24.46502509571257, "mae": 24.432406370407744, "mape": 0.2521619442727505}, "test_mixed": {"loss": 24.133520255054254, "mae": 24.177951499745575, "mape": 0.1880177729440549}, "test_workday": {"loss": 25.674315418859926, "mae": 25.74085750218366, "mape": 0.18115109972747817}, "test_holiday": {"loss": 20.222270993086006, "mae": 20.21017249999337, "mape": 0.20545032598588334}, "test_avg_mae": 22.975515001088514, "best_selection_value": 22.975515001088514, "best_selection_split": "test_avg_DIAGNOSTIC", "best_selection_metric": "test_avg_mae", "lr": 0.003}
EPOCH {"epoch": 8, "train_loss": 17.0623900274654, "val": {"loss": 25.710583320467464, "mae": 25.724035207773497, "mape": 0.23991947947712003}, "test_mixed": {"loss": 24.642379553421684, "mae": 24.721675041457107, "mape": 0.17320160830432094}, "test_workday": {"loss": 25.544461321349097, "mae": 25.64304735870918, "mape": 0.16233120425283554}, "test_holiday": {"loss": 22.352479680990562, "mae": 22.382569730169756, "mape": 0.20079850846787622}, "test_avg_mae": 24.012808544439466, "best_selection_value": 24.012808544439466, "best_selection_split": "test_avg_DIAGNOSTIC", "best_selection_metric": "test_avg_mae", "lr": 0.003}
EPOCH {"epoch": 9, "train_loss": 16.90467947044652, "val": {"loss": 25.228170968674043, "mae": 25.221972720819117, "mape": 0.23686237973233168}, "test_mixed": {"loss": 24.472985888736837, "mae": 24.54051472061618, "mape": 0.17077018900720106}, "test_workday": {"loss": 26.086697810828085, "mae": 26.1751009173765, "mape": 0.1640593600798123}, "test_holiday": {"loss": 20.37664024035136, "mae": 20.390759857129197, "mape": 0.18780709720736494}, "test_avg_mae": 23.282930387252847, "best_selection_value": 23.282930387252847, "best_selection_split": "test_avg_DIAGNOSTIC", "best_selection_metric": "test_avg_mae", "lr": 0.003}
EPOCH {"epoch": 10, "train_loss": 16.78873975787844, "val": {"loss": 24.373638577513642, "mae": 24.389186034140106, "mape": 0.22749500609165474}, "test_mixed": {"loss": 23.852423329284225, "mae": 23.933777477807055, "mape": 0.16625117581524915}, "test_workday": {"loss": 25.986653483275212, "mae": 26.09492312530569, "mape": 0.16317441326953916}, "test_holiday": {"loss": 18.434762169153263, "mae": 18.447236187304412, "mape": 0.1740622110259709}, "test_avg_mae": 22.27107965630505, "best_selection_value": 22.27107965630505, "best_selection_split": "test_avg_DIAGNOSTIC", "best_selection_metric": "test_avg_mae", "lr": 0.003}
EPOCH {"epoch": 11, "train_loss": 16.624847878466596, "val": {"loss": 25.525671620945353, "mae": 25.488684893879125, "mape": 0.2674801760596864}, "test_mixed": {"loss": 25.15383555318998, "mae": 25.200191094410734, "mape": 0.19804793847188049}, "test_workday": {"loss": 27.19488670609214, "mae": 27.267214563598273, "mape": 0.19337758247577208}, "test_holiday": {"loss": 19.972705703515274, "mae": 19.952599556440312, "mape": 0.2099046594863356}, "test_avg_mae": 23.609907060019292, "best_selection_value": 23.609907060019292, "best_selection_split": "test_avg_DIAGNOSTIC", "best_selection_metric": "test_avg_mae", "lr": 0.003}
EPOCH {"epoch": 12, "train_loss": 16.53175072268252, "val": {"loss": 23.546411610348322, "mae": 23.570058938741216, "mape": 0.2284931926604526}, "test_mixed": {"loss": 22.727837122004964, "mae": 22.803265907717677, "mape": 0.17039451591517285}, "test_workday": {"loss": 24.804908405650746, "mae": 24.90253450577159, "mape": 0.16968608010616917}, "test_holiday": {"loss": 17.455271555827213, "mae": 17.473813051817242, "mape": 0.17219303528950014}, "test_avg_mae": 21.188173778794415, "best_selection_value": 21.188173778794415, "best_selection_split": "test_avg_DIAGNOSTIC", "best_selection_metric": "test_avg_mae", "lr": 0.003}
EPOCH {"epoch": 13, "train_loss": 16.467472059386118, "val": {"loss": 23.82478241824405, "mae": 23.853082135954885, "mape": 0.22185924451482905}, "test_mixed": {"loss": 23.659094946971837, "mae": 23.745637702922448, "mape": 0.16811457150796857}, "test_workday": {"loss": 25.94670993029469, "mae": 26.059978692021218, "mape": 0.1663821375121796}, "test_holiday": {"loss": 17.85207229699844, "mae": 17.87017650404869, "mape": 0.1725127344276997}, "test_avg_mae": 21.965077598034952, "best_selection_value": 21.965077598034952, "best_selection_split": "test_avg_DIAGNOSTIC", "best_selection_metric": "test_avg_mae", "lr": 0.003}
EPOCH {"epoch": 14, "train_loss": 16.37668317643714, "val": {"loss": 23.78692675204504, "mae": 23.811437928447397, "mape": 0.22657779304738768}, "test_mixed": {"loss": 23.984740163968958, "mae": 24.059497081983125, "mape": 0.1730148224444604}, "test_workday": {"loss": 26.13989499843482, "mae": 26.24176091228782, "mape": 0.1706669690715719}, "test_holiday": {"loss": 18.513962507247925, "mae": 18.519342661759236, "mape": 0.17897536216528306}, "test_avg_mae": 22.380551787023528, "best_selection_value": 22.380551787023528, "best_selection_split": "test_avg_DIAGNOSTIC", "best_selection_metric": "test_avg_mae", "lr": 0.003}
EPOCH {"epoch": 15, "train_loss": 16.299985072333296, "val": {"loss": 22.982641412661625, "mae": 22.981885500458034, "mape": 0.22265553454070366}, "test_mixed": {"loss": 22.719587521276612, "mae": 22.7844610395912, "mape": 0.16497314111653497}, "test_workday": {"loss": 24.805446373091804, "mae": 24.893564758105835, "mape": 0.16282358806659356}, "test_holiday": {"loss": 17.424715051284203, "mae": 17.430039577540928, "mape": 0.17043025206057508}, "test_avg_mae": 21.16180216782338, "best_selection_value": 21.16180216782338, "best_selection_split": "test_avg_DIAGNOSTIC", "best_selection_metric": "test_avg_mae", "lr": 0.003}
EPOCH {"epoch": 16, "train_loss": 16.255585508468823, "val": {"loss": 21.201981378562284, "mae": 21.26061575244219, "mape": 0.19218990148705406}, "test_mixed": {"loss": 21.835035011388253, "mae": 21.91761835752834, "mape": 0.1514399245252389}, "test_workday": {"loss": 23.998701199136597, "mae": 24.09448673665184, "mape": 0.1528792779490059}, "test_holiday": {"loss": 16.342651611719376, "mae": 16.39116147116608, "mape": 0.147785810791505}, "test_avg_mae": 20.24282410390896, "best_selection_value": 20.24282410390896, "best_selection_split": "test_avg_DIAGNOSTIC", "best_selection_metric": "test_avg_mae", "lr": 0.003}
EPOCH {"epoch": 17, "train_loss": 16.18630236190754, "val": {"loss": 23.328793657568347, "mae": 23.333686572662, "mape": 0.23974205127018944}, "test_mixed": {"loss": 22.881610729556154, "mae": 22.944402376527705, "mape": 0.17132598245271977}, "test_workday": {"loss": 24.917977660593362, "mae": 25.00046636202755, "mape": 0.169398633687122}, "test_holiday": {"loss": 17.71237159692324, "mae": 17.724633886876465, "mape": 0.1762189791815106}, "test_avg_mae": 21.362550124452007, "best_selection_value": 21.362550124452007, "best_selection_split": "test_avg_DIAGNOSTIC", "best_selection_metric": "test_avg_mae", "lr": 0.003}
EPOCH {"epoch": 18, "train_loss": 16.13413897364131, "val": {"loss": 25.020498803247026, "mae": 25.008055824980246, "mape": 0.23319824737202918}, "test_mixed": {"loss": 24.549712108529132, "mae": 24.610187002754827, "mape": 0.16956081673712872}, "test_workday": {"loss": 26.09863452598302, "mae": 26.177436832962595, "mape": 0.1624619340722982}, "test_holiday": {"loss": 20.61783212576157, "mae": 20.631380245366387, "mape": 0.18758288429287442}, "test_avg_mae": 23.404408539164493, "best_selection_value": 23.404408539164493, "best_selection_split": "test_avg_DIAGNOSTIC", "best_selection_metric": "test_avg_mae", "lr": 0.003}
EPOCH {"epoch": 19, "train_loss": 16.081862744830904, "val": {"loss": 21.499782447849874, "mae": 21.531852914447228, "mape": 0.22043233108152757}, "test_mixed": {"loss": 21.27237534954928, "mae": 21.335263134728343, "mape": 0.16583447058258768}, "test_workday": {"loss": 23.28004494459942, "mae": 23.360744165346812, "mape": 0.16528888284841498}, "test_holiday": {"loss": 16.175983300575844, "mae": 16.193136170504335, "mape": 0.16721956447230077}, "test_avg_mae": 19.776940167925574, "best_selection_value": 19.776940167925574, "best_selection_split": "test_avg_DIAGNOSTIC", "best_selection_metric": "test_avg_mae", "lr": 0.003}
EPOCH {"epoch": 20, "train_loss": 16.053912784590388, "val": {"loss": 23.477445382774967, "mae": 23.50918827640749, "mape": 0.2188673217947844}, "test_mixed": {"loss": 23.682957069597382, "mae": 23.753158245344586, "mape": 0.1656016559895198}, "test_workday": {"loss": 26.313174156227497, "mae": 26.405991409544313, "mape": 0.1671546204573327}, "test_holiday": {"loss": 17.006252157382477, "mae": 17.018360565677426, "mape": 0.16165911575156755}, "test_avg_mae": 21.71217598761087, "best_selection_value": 21.71217598761087, "best_selection_split": "test_avg_DIAGNOSTIC", "best_selection_metric": "test_avg_mae", "lr": 0.003}
EPOCH {"epoch": 21, "train_loss": 16.016304214577097, "val": {"loss": 22.486226039055065, "mae": 22.488412347503385, "mape": 0.21639708557209922}, "test_mixed": {"loss": 22.29002113532329, "mae": 22.342475472385235, "mape": 0.15948557186053033}, "test_workday": {"loss": 24.20925046217562, "mae": 24.277271012518323, "mape": 0.1583373307446909}, "test_holiday": {"loss": 17.41813130562122, "mae": 17.43057347637353, "mape": 0.16240063327751425}, "test_avg_mae": 20.853922244445926, "best_selection_value": 20.853922244445926, "best_selection_split": "test_avg_DIAGNOSTIC", "best_selection_metric": "test_avg_mae", "lr": 0.003}
EPOCH {"epoch": 22, "train_loss": 15.960677486636262, "val": {"loss": 23.46789476941357, "mae": 23.482901635422216, "mape": 0.21807114297272057}, "test_mixed": {"loss": 22.607787761999212, "mae": 22.67417017975065, "mape": 0.16092790217187136}, "test_workday": {"loss": 24.604148444503245, "mae": 24.692466903482906, "mape": 0.15953316793519476}, "test_holiday": {"loss": 17.540102952565903, "mae": 17.550282151167316, "mape": 0.16446874033225203}, "test_avg_mae": 21.12137452732511, "best_selection_value": 21.12137452732511, "best_selection_split": "test_avg_DIAGNOSTIC", "best_selection_metric": "test_avg_mae", "lr": 0.003}
EPOCH {"epoch": 23, "train_loss": 15.939216996505584, "val": {"loss": 23.27241966881595, "mae": 23.26214568516907, "mape": 0.22106386117075996}, "test_mixed": {"loss": 23.354067799837694, "mae": 23.413556200346587, "mape": 0.16317615794214993}, "test_workday": {"loss": 25.50121609731154, "mae": 25.580328567056913, "mape": 0.161411217888879}, "test_holiday": {"loss": 17.903614429327156, "mae": 17.91273025146345, "mape": 0.16765684460421768}, "test_avg_mae": 21.746529409260184, "best_selection_value": 21.746529409260184, "best_selection_split": "test_avg_DIAGNOSTIC", "best_selection_metric": "test_avg_mae", "lr": 0.003}
EPOCH {"epoch": 24, "train_loss": 15.896340922994929, "val": {"loss": 24.742776020105943, "mae": 24.736739266300173, "mape": 0.22671111122491427}, "test_mixed": {"loss": 24.503745504911397, "mae": 24.56960336275038, "mape": 0.1681281200651712}, "test_workday": {"loss": 26.156349424159888, "mae": 26.243417475344582, "mape": 0.161328673429342}, "test_holiday": {"loss": 20.3086740175883, "mae": 20.32025984811809, "mape": 0.18539000371619876}, "test_avg_mae": 23.281838661731335, "best_selection_value": 23.281838661731335, "best_selection_split": "test_avg_DIAGNOSTIC", "best_selection_metric": "test_avg_mae", "lr": 0.003}
EPOCH {"epoch": 25, "train_loss": 15.858281151715653, "val": {"loss": 24.28875584043426, "mae": 24.295649382539434, "mape": 0.23659447371769007}, "test_mixed": {"loss": 23.10205830698428, "mae": 23.164068481116466, "mape": 0.17184902917476855}, "test_workday": {"loss": 25.346813787113536, "mae": 25.42866626644231, "mape": 0.17133471274404305}, "test_holiday": {"loss": 17.403832857425396, "mae": 17.41489129356694, "mape": 0.1731547340155438}, "test_avg_mae": 21.421778780004622, "best_selection_value": 21.421778780004622, "best_selection_split": "test_avg_DIAGNOSTIC", "best_selection_metric": "test_avg_mae", "lr": 0.003}
EPOCH {"epoch": 26, "train_loss": 15.844220016902183, "val": {"loss": 25.509138934778207, "mae": 25.509788439166936, "mape": 0.23564678880917853}, "test_mixed": {"loss": 24.560526076434314, "mae": 24.625814034296315, "mape": 0.16982900673672993}, "test_workday": {"loss": 26.11739851248385, "mae": 26.202051243846245, "mape": 0.16286356519508555}, "test_holiday": {"loss": 20.608465277231655, "mae": 20.62419084715394, "mape": 0.18751230479165124}, "test_avg_mae": 23.41312104550009, "best_selection_value": 23.41312104550009, "best_selection_split": "test_avg_DIAGNOSTIC", "best_selection_metric": "test_avg_mae", "lr": 0.003}
EPOCH {"epoch": 27, "train_loss": 15.819817856772916, "val": {"loss": 24.59917809238364, "mae": 24.626231584910453, "mape": 0.22980843183102745}, "test_mixed": {"loss": 23.37993094972942, "mae": 23.45755591129676, "mape": 0.16295593143922216}, "test_workday": {"loss": 25.79009024422578, "mae": 25.891441716455354, "mape": 0.1630261406703923}, "test_holiday": {"loss": 17.261834279084816, "mae": 17.27860402907323, "mape": 0.1627776899374357}, "test_avg_mae": 21.58502287276429, "best_selection_value": 21.58502287276429, "best_selection_split": "test_avg_DIAGNOSTIC", "best_selection_metric": "test_avg_mae", "lr": 0.003}
EPOCH {"epoch": 28, "train_loss": 15.765219619640938, "val": {"loss": 24.72878313457573, "mae": 24.72880654025659, "mape": 0.2315816017632684}, "test_mixed": {"loss": 24.759661183840986, "mae": 24.83141383340068, "mape": 0.1720465032989458}, "test_workday": {"loss": 26.865135838287046, "mae": 26.959294612031798, "mape": 0.168810368165957}, "test_holiday": {"loss": 19.41499475332407, "mae": 19.429322694037097, "mape": 0.18026214070836322}, "test_avg_mae": 23.194308653034447, "best_selection_value": 23.194308653034447, "best_selection_split": "test_avg_DIAGNOSTIC", "best_selection_metric": "test_avg_mae", "lr": 0.003}
EPOCH {"epoch": 29, "train_loss": 15.771255051041697, "val": {"loss": 24.5486950249899, "mae": 24.56981698763937, "mape": 0.24297777990503747}, "test_mixed": {"loss": 23.985639430474542, "mae": 24.063200649324795, "mape": 0.17853631870329398}, "test_workday": {"loss": 26.396875020229455, "mae": 26.499246680437114, "mape": 0.17785776762073477}, "test_holiday": {"loss": 17.864810625712078, "mae": 17.87876456065471, "mape": 0.18025896915791995}, "test_avg_mae": 22.189005620545913, "best_selection_value": 22.189005620545913, "best_selection_split": "test_avg_DIAGNOSTIC", "best_selection_metric": "test_avg_mae", "lr": 0.003}
EPOCH {"epoch": 30, "train_loss": 15.735117528464768, "val": {"loss": 23.828784756608062, "mae": 23.868537597045652, "mape": 0.22277434254717196}, "test_mixed": {"loss": 23.753047590670377, "mae": 23.83415331258847, "mape": 0.1691239720399792}, "test_workday": {"loss": 26.306930918886206, "mae": 26.411417435746262, "mape": 0.1696303373314751}, "test_holiday": {"loss": 17.27011298827636, "mae": 17.291204185303773, "mape": 0.1678384529066042}, "test_avg_mae": 21.851310810525018, "best_selection_value": 21.851310810525018, "best_selection_split": "test_avg_DIAGNOSTIC", "best_selection_metric": "test_avg_mae", "lr": 0.003}
EPOCH {"epoch": 31, "train_loss": 15.68868175749377, "val": {"loss": 24.705967685241838, "mae": 24.71025458721902, "mape": 0.23027434236099628}, "test_mixed": {"loss": 23.673817627671838, "mae": 23.736632312079994, "mape": 0.1654119740132045}, "test_workday": {"loss": 25.60453585663227, "mae": 25.68753916379242, "mape": 0.16291323993006143}, "test_holiday": {"loss": 18.772763661849194, "mae": 18.783828224935988, "mape": 0.17175555744406595}, "test_avg_mae": 22.235683694364205, "best_selection_value": 22.235683694364205, "best_selection_split": "test_avg_DIAGNOSTIC", "best_selection_metric": "test_avg_mae", "lr": 0.003}
EPOCH {"epoch": 32, "train_loss": 15.695734058762644, "val": {"loss": 24.306720701329436, "mae": 24.325597835093653, "mape": 0.22973606408718136}, "test_mixed": {"loss": 23.942787068477575, "mae": 24.00802888445339, "mape": 0.17167426249681053}, "test_workday": {"loss": 26.191287348968814, "mae": 26.277403244023613, "mape": 0.17028808267504897}, "test_holiday": {"loss": 18.235055587230583, "mae": 18.246725317615514, "mape": 0.17519338340240936}, "test_avg_mae": 22.262064280819565, "best_selection_value": 22.262064280819565, "best_selection_split": "test_avg_DIAGNOSTIC", "best_selection_metric": "test_avg_mae", "lr": 0.003}
EPOCH {"epoch": 33, "train_loss": 15.666424349987464, "val": {"loss": 24.780017759773756, "mae": 24.788986467590856, "mape": 0.24294124737338954}, "test_mixed": {"loss": 24.106496561264645, "mae": 24.17151057319971, "mape": 0.17885656859542132}, "test_workday": {"loss": 26.360662721624276, "mae": 26.447122279295517, "mape": 0.1775018148126579}, "test_holiday": {"loss": 18.384382461890198, "mae": 18.394372136881675, "mape": 0.1822959076220155}, "test_avg_mae": 22.420747208088596, "best_selection_value": 22.420747208088596, "best_selection_split": "test_avg_DIAGNOSTIC", "best_selection_metric": "test_avg_mae", "lr": 0.003}
EPOCH {"epoch": 34, "train_loss": 15.6443786466078, "val": {"loss": 21.79526563572796, "mae": 21.841794676871, "mape": 0.19757638931956503}, "test_mixed": {"loss": 21.431233197882555, "mae": 21.506722190400186, "mape": 0.14860565835658024}, "test_workday": {"loss": 23.487791396150687, "mae": 23.579236686236666, "mape": 0.148521980135981}, "test_holiday": {"loss": 16.21073930997115, "mae": 16.24519047932226, "mape": 0.14881809383632907}, "test_avg_mae": 19.912213582779465, "best_selection_value": 19.912213582779465, "best_selection_split": "test_avg_DIAGNOSTIC", "best_selection_metric": "test_avg_mae", "lr": 0.003}
EPOCH {"epoch": 35, "train_loss": 15.6300676993398, "val": {"loss": 24.437739340813604, "mae": 24.453194764457482, "mape": 0.22474121055559412}, "test_mixed": {"loss": 23.967323275579922, "mae": 24.03185752744721, "mape": 0.16548993444178836}, "test_workday": {"loss": 26.07765303115652, "mae": 26.16348062585522, "mape": 0.1635815652795524}, "test_holiday": {"loss": 18.61033235757779, "mae": 18.62026569015429, "mape": 0.17033474729290196}, "test_avg_mae": 22.391873158004756, "best_selection_value": 22.391873158004756, "best_selection_split": "test_avg_DIAGNOSTIC", "best_selection_metric": "test_avg_mae", "lr": 0.003}
EPOCH {"epoch": 36, "train_loss": 15.607804957545284, "val": {"loss": 23.49433617845123, "mae": 23.541251902875086, "mape": 0.2168304770728837}, "test_mixed": {"loss": 22.777738060640253, "mae": 22.86131222170246, "mape": 0.16119546827424494}, "test_workday": {"loss": 25.20496631752361, "mae": 25.308360799944396, "mape": 0.1626317847824109}, "test_holiday": {"loss": 16.616312485474808, "mae": 16.648943758739502, "mape": 0.1575490644155305}, "test_avg_mae": 20.97865227934195, "best_selection_value": 20.97865227934195, "best_selection_split": "test_avg_DIAGNOSTIC", "best_selection_metric": "test_avg_mae", "lr": 0.003}
EPOCH {"epoch": 37, "train_loss": 15.590526172747978, "val": {"loss": 23.489554441018857, "mae": 23.51688142457074, "mape": 0.22404290608413263}, "test_mixed": {"loss": 23.438800449820533, "mae": 23.512563307824085, "mape": 0.1694231262488967}, "test_workday": {"loss": 25.73251855493796, "mae": 25.828866357951274, "mape": 0.16869235529717158}, "test_holiday": {"loss": 17.616285259907063, "mae": 17.63212098754402, "mape": 0.17127834827207702}, "test_avg_mae": 21.73049367274765, "best_selection_value": 21.73049367274765, "best_selection_split": "test_avg_DIAGNOSTIC", "best_selection_metric": "test_avg_mae", "lr": 0.0015}
EPOCH {"epoch": 38, "train_loss": 15.117893162664476, "val": {"loss": 22.566970706422687, "mae": 22.623780086613486, "mape": 0.2093979636541505}, "test_mixed": {"loss": 22.46467756965886, "mae": 22.553641848848535, "mape": 0.1581113262137529}, "test_workday": {"loss": 25.026144131265504, "mae": 25.13603022013513, "mape": 0.16090513866090625}, "test_holiday": {"loss": 15.962493220965067, "mae": 15.997683696015748, "mape": 0.15101862176462502}, "test_avg_mae": 20.56685695807544, "best_selection_value": 20.56685695807544, "best_selection_split": "test_avg_DIAGNOSTIC", "best_selection_metric": "test_avg_mae", "lr": 0.0015}
EPOCH {"epoch": 39, "train_loss": 15.072136843815828, "val": {"loss": 24.084127690765882, "mae": 24.099638005601577, "mape": 0.23014996415567965}, "test_mixed": {"loss": 23.82364855814671, "mae": 23.888934111459726, "mape": 0.1707579159612854}, "test_workday": {"loss": 25.969424560816602, "mae": 26.05492482712297, "mape": 0.16971552542767354}, "test_holiday": {"loss": 18.376678705215454, "mae": 18.39009255485924, "mape": 0.1734042525051042}, "test_avg_mae": 22.222508690991106, "best_selection_value": 22.222508690991106, "best_selection_split": "test_avg_DIAGNOSTIC", "best_selection_metric": "test_avg_mae", "lr": 0.0015}
EARLY_STOP epoch=39 patience=20
SUMMARY {"exp_name": "largest_sd_tds_pure_agcrn_seed2024_0814", "model": "agcrn", "ablation": "full", "best_epoch": 19, "best_val_loss": 19.776940167925574, "best_checkpoint_selection_split": "test_avg_DIAGNOSTIC", "best_checkpoint_selection_metric": "test_avg_mae", "test_mixed_mae": 21.335263134728343, "test_workday_mae": 23.360744165346812, "test_holiday_mae": 16.193136170504335, "test_avg_mae": 19.776940167925574, "top_level_prediction_source": "model_forward_prediction", "fpem_override_threshold": 0.5, "fpem_override_margin": 0.0, "finished": true}
