[StableST] loaded pretrained invariant AGCRN encoder and prediction head from /data/OuXiaoyu/STEVE_CODE/STEVE/experiments/NYCTaxi_TDS/pure_agcrn_seed2024/best_val_model.pth; missing=[] unexpected=[]
/data/OuXiaoyu/miniconda3/envs/basicts/lib/python3.11/site-packages/torch/optim/lr_scheduler.py:62: UserWarning: The verbose parameter is deprecated. Please use get_last_lr() to access the learning rate.
  warnings.warn(
{
  "args": {
    "seed": 2024,
    "device": "cuda:0",
    "mode": "train",
    "best_path": "/home/zhangwt/remote/StableST/experiments/NYCTaxi/20240510-014845/best_model.pth",
    "debug": false,
    "data_dir": "/data/OuXiaoyu/STEVE_CODE/STEVE/data",
    "dataset": "NYCTaxi_TDS",
    "input_length": 35,
    "batch_size": 16,
    "test_batch_size": 16,
    "graph_file": "/data/OuXiaoyu/STEVE_CODE/STEVE/data/NYCTaxi_TDS/adj_mx.npz",
    "num_nodes": 200,
    "len_closeness": 8,
    "len_period": 27,
    "len_trend": 0,
    "d_input": 2,
    "d_output": 2,
    "d_model": 64,
    "dropout": 0.1,
    "percent": 0.1,
    "shm_temp": 0.5,
    "nmb_prototype": 4,
    "yita": 0.5,
    "layers": 3,
    "K": 64,
    "bank_gamma": 0.2,
    "kw": 1,
    "mi_w": 2,
    "epochs": 100,
    "lr_init": 0.001,
    "early_stop": true,
    "early_stop_patience": 30,
    "grad_norm": true,
    "max_grad_norm": 5,
    "use_dwa": true,
    "temp": 2,
    "MMI": false,
    "lr_patience": 20,
    "lr_mode": "only",
    "use_RevIN": true,
    "ablation": "obs_k3_original_learned_experts",
    "config_filename": "/data/OuXiaoyu/STEVE_CODE/STEVE/configs/NYCTaxi.yaml",
    "model": "steve",
    "data_seed": 2024,
    "early_stop_test_avg_mae_epoch": 0,
    "early_stop_test_avg_mae_threshold": 12.0,
    "train_work_per_holiday": 2.5,
    "exp_name": "fpem_agcrn_aligned_pretrained_inv_observable_load_hard_router_0727_v1_obs_k3_original_learned_experts_seed2024",
    "run_name": "fpem_agcrn_aligned_pretrained_inv_observable_load_hard_router_0727_v1_obs_k3_original_learned_experts_seed2024",
    "result_root": "/data/OuXiaoyu/STEVE_CODE/STEVE/experiments/NYCTaxi_TDS",
    "resume": true,
    "resume_reset_patience": true,
    "max_train_batches": null,
    "max_eval_batches": null,
    "fpem_backbone": "agcrn",
    "agcrn_lr": 0.003,
    "agcrn_embed_dim": 10,
    "agcrn_rnn_units": 64,
    "agcrn_num_layers": 2,
    "agcrn_cheb_k": 2,
    "graphwavenet_layers": 4,
    "graphwavenet_kernel_size": 2,
    "graphwavenet_dropout": 0.1,
    "staeformer_layers": 2,
    "staeformer_heads": 4,
    "staeformer_dropout": 0.1,
    "staeformer_mlp_ratio": 2.0,
    "staeformer_input_length_max": 512,
    "fpem_use_pretrained_inv_agcrn": true,
    "fpem_pretrained_inv_agcrn_path": "/data/OuXiaoyu/STEVE_CODE/STEVE/experiments/NYCTaxi_TDS/pure_agcrn_seed2024/best_val_model.pth",
    "fpem_use_env_supervision": false,
    "fpem_lambda_env_day_cls": 0.0,
    "fpem_lambda_env_hour_cls": 0.0,
    "fpem_lambda_env_rush_cls": 0.0,
    "fpem_env_use_exogenous": true,
    "fpem_env_exogenous_hour_dim": 8,
    "fpem_env_exogenous_day_dim": 4,
    "fpem_env_exogenous_rush_dim": 4,
    "fpem_env_exogenous_load_dim": 8,
    "fpem_env_exogenous_load_num_embeddings": 6,
    "fpem_env_exogenous_scale": 0.1,
    "fpem_ignore_future_c": true,
    "fpem_use_load_level_experts": false,
    "fpem_load_level_k": 3,
    "fpem_load_level_mode": "train_quantile",
    "fpem_randomize_train_load_level": false,
    "fpem_random_load_level_seed": 20260727,
    "fpem_use_environment_gate": false,
    "fpem_environment_gate_hidden_dim": 64,
    "fpem_environment_gate_warmup_epochs": 5,
    "fpem_environment_gate_margin_relative": 0.01,
    "fpem_environment_gate_temperature": 0.05,
    "fpem_lambda_environment_gate": 1.0,
    "fpem_lambda_load_expert": 0.2,
    "fpem_use_env_supcon": false,
    "fpem_lambda_env_supcon": 0.0,
    "fpem_env_supcon_temperature": 0.1,
    "fpem_use_inv_projector": false,
    "fpem_use_inv_env_adversarial": false,
    "fpem_lambda_inv_env_adv": 0.0,
    "fpem_grl_alpha": 1.0,
    "fpem_env_route_head_mode": "hyper_inv_film_proto_input_add",
    "fpem_use_env_prototype_router": false,
    "fpem_env_route_target_mode": "prediction_oracle",
    "fpem_env_route_train_mode": "soft_oracle",
    "fpem_env_route_inference_mode": "mlp",
    "fpem_env_prototype_temperature": 1.0,
    "fpem_env_route_hybrid_alpha": 1.0,
    "fpem_env_route_hybrid_alpha_start": 1.0,
    "fpem_env_route_hybrid_alpha_end": 0.5,
    "fpem_env_route_hybrid_alpha_decay_epochs": 30,
    "fpem_use_sinkhorn_route": false,
    "fpem_force_uniform_route": false,
    "fpem_env_rep_ablation": "normal",
    "fpem_env_route_sinkhorn_tau": 1.0,
    "fpem_env_route_sinkhorn_iters": 5,
    "fpem_env_sinkhorn_prediction_alpha_start": 0.2,
    "fpem_env_sinkhorn_prediction_alpha_final": 1.0,
    "fpem_env_sinkhorn_environment_beta_start": 1.0,
    "fpem_env_sinkhorn_environment_beta_final": 0.2,
    "fpem_env_sinkhorn_schedule_start_epoch": 5,
    "fpem_env_sinkhorn_schedule_end_epoch": 15,
    "fpem_env_sinkhorn_temporal_lambda": 0.05,
    "fpem_env_sinkhorn_gaussian_ema": 0.05,
    "fpem_env_sinkhorn_gaussian_min_var": 0.0001,
    "fpem_sinkhorn_warmup_epochs": 10,
    "fpem_sinkhorn_soft_end_epoch": 20,
    "fpem_sinkhorn_temperature_start": 1.0,
    "fpem_sinkhorn_temperature_final": 0.3,
    "fpem_sinkhorn_lambda_common": 0.1,
    "fpem_risk_router_temperature": 1.0,
    "fpem_risk_router_lambda": 0.5,
    "fpem_risk_router_pairwise_lambda": 0.0,
    "fpem_env_teacher_ema_momentum": 0.995,
    "fpem_env_partition_start_epoch": 5,
    "fpem_env_partition_update_interval": 5,
    "fpem_env_partition_freeze_last_epochs": 15,
    "fpem_env_partition_max_batches": -1,
    "fpem_env_max_clusters": 6,
    "fpem_env_min_cluster_ratio": 0.08,
    "fpem_env_gmm_n_init": 10,
    "fpem_env_gmm_variance_floor": 0.0001,
    "fpem_env_progressive_lambda_common": 0.2,
    "fpem_env_cluster_compactness_lambda": 0.01,
    "fpem_env_cluster_consistency_lambda": 0.05,
    "fpem_env_split_perturb_std": 1e-05,
    "fpem_sinkhorn_iters": 3,
    "fpem_sinkhorn_epsilon": 0.05,
    "fpem_expert_uniform_warmup_epochs": 5,
    "fpem_env_route_balance_warmup_epochs": 10,
    "fpem_env_route_initial_temperature": 1.0,
    "fpem_env_route_final_temperature": 0.3,
    "fpem_use_cross_cov_sep": false,
    "fpem_lambda_cross_cov_sep": 0.0,
    "save_test_selected_checkpoints": false,
    "fpem_use_confounder_extractor": false,
    "fpem_use_env_mask": false,
    "fpem_confounder_use_mask": false,
    "fpem_lambda_mask_sparse": 0.0,
    "fpem_lambda_mask_entropy": 0.0,
    "fpem_lambda_inv_pred": 0.0,
    "fpem_use_env_route": true,
    "fpem_env_route_k": 3,
    "fpem_env_route_warmup_epochs": 0,
    "fpem_env_route_tau": 1.0,
    "fpem_env_route_oracle_tau": 0.3,
    "fpem_env_route_hidden_dim": 64,
    "fpem_env_route_lambda_final": 1.0,
    "fpem_env_route_lambda_global": 0.0,
    "fpem_env_route_lambda_route_soft": 0.5,
    "fpem_env_route_lambda_expert": 0.2,
    "fpem_env_route_lambda_router_oracle": 1.0,
    "fpem_env_route_lambda_balance": 0.1,
    "fpem_env_route_lambda_diverse": 0.02,
    "fpem_env_route_lambda_proto_align": 0.01,
    "fpem_env_route_lambda_entropy": 0.0,
    "fpem_hyper_alpha_mode": "fixed_one",
    "fpem_lambda_hyper_delta_norm": 0.0001,
    "fpem_use_club_mi": false,
    "fpem_lambda_club_mi": 0.0,
    "fpem_use_env_fusion": false,
    "fpem_env_route_use_inv_fallback_expert": false,
    "fpem_use_future_mi": false,
    "fpem_lambda_future_mi": 0.0,
    "fpem_future_mi_target_mode": "env_encoder",
    "fpem_future_mi_warmup_epochs": 5,
    "fpem_future_mi_hidden_dim": 64,
    "fpem_future_mi_detach_target": true,
    "fpem_use_swap": false,
    "fpem_lambda_swap": 0.0,
    "fpem_swap_warmup_epochs": 30,
    "fpem_swap_margin": 0.01,
    "fpem_swap_gain_eta": 0.0,
    "fpem_swap_gain_tau": 0.05,
    "fpem_lambda_swap_diff": 1.0,
    "fpem_lambda_swap_same": 0.05,
    "fpem_swap_only_diff_route": true,
    "fpem_swap_detach_inv": true,
    "fpem_swap_detach_env": false,
    "fpem_use_swap_fallback_router_loss": false,
    "fpem_lambda_swap_fallback_router": 0.0,
    "fpem_use_grad_consensus": false,
    "fpem_gc_pred_loss_only": true,
    "fpem_use_observable_load_prior": true,
    "fpem_observable_load_prior_cache": "/data/OuXiaoyu/STEVE_CODE/STEVE/data/NYCTaxi/observable_load_prior_k3_v1.npz",
    "fpem_observable_load_random_seed": 314159,
    "fpem_use_random_balanced_assignment": false,
    "fpem_use_hard_environment_router": false,
    "git_commit": "1b38ed8",
    "log_dir": "/data/OuXiaoyu/STEVE_CODE/STEVE/experiments/NYCTaxi_TDS/fpem_agcrn_aligned_pretrained_inv_observable_load_hard_router_0727_v1_obs_k3_original_learned_experts_seed2024",
    "fpem_observable_load_prior_summary": {
      "path": "/data/OuXiaoyu/STEVE_CODE/STEVE/data/NYCTaxi/observable_load_prior_k3_v1.npz",
      "cache_version": 1,
      "created": false,
      "CP_shape": [
        200,
        2
      ],
      "CP_zero_count": 0,
      "thresholds": [
        0.165,
        0.20350000000000001
      ],
      "random_assignment_seed": 314159,
      "metadata": {
        "cache_version": 1,
        "formula": "c_obs=clip(ceil(5*x[:,-1]/CP),0,5); CP=max(train_x,axis=(0,1)); CP==0 -> c_obs=0",
        "load_score": "mean(c_obs/5 over nodes and channels)",
        "quantiles": [
          0.3333333333333333,
          0.6666666666666666
        ],
        "random_assignment_seed": 314159,
        "source_x_shapes": {
          "test": [
            546,
            35,
            200,
            2
          ],
          "train": [
            1912,
            35,
            200,
            2
          ],
          "val": [
            274,
            35,
            200,
            2
          ]
        },
        "threshold_fit_split": "train",
        "uses_stored_c": false,
        "uses_target_y": false
      },
      "splits": {
        "train": {
          "samples": 1912,
          "c_obs_shape": [
            1912,
            200,
            2
          ],
          "score_min": 0.005,
          "score_max": 0.32,
          "expert_counts": [
            639,
            636,
            637
          ],
          "random_expert_counts": [
            639,
            636,
            637
          ]
        },
        "val": {
          "samples": 274,
          "c_obs_shape": [
            274,
            200,
            2
          ],
          "score_min": 0.0925,
          "score_max": 0.311,
          "expert_counts": [
            73,
            81,
            120
          ],
          "random_expert_counts": [
            73,
            81,
            120
          ]
        },
        "test": {
          "samples": 546,
          "c_obs_shape": [
            546,
            200,
            2
          ],
          "score_min": 0.08850000000000001,
          "score_max": 0.331,
          "expert_counts": [
            125,
            183,
            238
          ],
          "random_expert_counts": [
            125,
            183,
            238
          ]
        }
      }
    },
    "fpem_load_level_thresholds": [
      0.165,
      0.20350000000000001
    ],
    "fpem_load_level_train_counts": [
      639,
      636,
      637
    ],
    "fpem_load_level_source": "cached c_obs=clip(ceil(5*x[:, -1]/train-only CP),0,5)",
    "fpem_load_level_threshold_fit_split": "raw train",
    "fpem_load_level_uses_target_or_future_load": false,
    "fpem_input_scaler_mean": 38.48429196519959,
    "fpem_input_scaler_std": 103.72333844876623
  },
  "counts": {
    "train_total": 1680,
    "train_workday": 1200,
    "train_holiday": 480,
    "train_workday_holiday_ratio": 2.5,
    "val_total": 274,
    "val_workday": 178,
    "val_holiday": 96,
    "test_total": 546,
    "test_workday": 354,
    "test_holiday": 192,
    "train_shuffle": true,
    "train_chronological_for_env_sinkhorn_temporal": false,
    "traffic_load_c_audit": {
      "ignored": true,
      "loaded_into_training_or_inference": false,
      "reason": "stored c is derived from future y[:,0]"
    },
    "observable_load_prior": {
      "path": "/data/OuXiaoyu/STEVE_CODE/STEVE/data/NYCTaxi/observable_load_prior_k3_v1.npz",
      "cache_version": 1,
      "created": false,
      "CP_shape": [
        200,
        2
      ],
      "CP_zero_count": 0,
      "thresholds": [
        0.165,
        0.20350000000000001
      ],
      "random_assignment_seed": 314159,
      "metadata": {
        "cache_version": 1,
        "formula": "c_obs=clip(ceil(5*x[:,-1]/CP),0,5); CP=max(train_x,axis=(0,1)); CP==0 -> c_obs=0",
        "load_score": "mean(c_obs/5 over nodes and channels)",
        "quantiles": [
          0.3333333333333333,
          0.6666666666666666
        ],
        "random_assignment_seed": 314159,
        "source_x_shapes": {
          "test": [
            546,
            35,
            200,
            2
          ],
          "train": [
            1912,
            35,
            200,
            2
          ],
          "val": [
            274,
            35,
            200,
            2
          ]
        },
        "threshold_fit_split": "train",
        "uses_stored_c": false,
        "uses_target_y": false
      },
      "splits": {
        "train": {
          "samples": 1912,
          "c_obs_shape": [
            1912,
            200,
            2
          ],
          "score_min": 0.005,
          "score_max": 0.32,
          "expert_counts": [
            639,
            636,
            637
          ],
          "random_expert_counts": [
            639,
            636,
            637
          ]
        },
        "val": {
          "samples": 274,
          "c_obs_shape": [
            274,
            200,
            2
          ],
          "score_min": 0.0925,
          "score_max": 0.311,
          "expert_counts": [
            73,
            81,
            120
          ],
          "random_expert_counts": [
            73,
            81,
            120
          ]
        },
        "test": {
          "samples": 546,
          "c_obs_shape": [
            546,
            200,
            2
          ],
          "score_min": 0.08850000000000001,
          "score_max": 0.331,
          "expert_counts": [
            125,
            183,
            238
          ],
          "random_expert_counts": [
            125,
            183,
            238
          ]
        }
      }
    },
    "load_level_source": "cached c_obs=clip(ceil(5*x[:, -1]/train-only CP),0,5)",
    "load_level_threshold_fit_split": "raw train",
    "load_level_thresholds": [
      0.165,
      0.20350000000000001
    ],
    "load_level_train_counts": [
      639,
      636,
      637
    ],
    "load_level_uses_target_or_future_load": false
  },
  "trainable_params": 889985,
  "frozen_params": 1704924,
  "optimizer_params": 889985,
  "resume_start_epoch": 1,
  "top_level_prediction_source": "model_forward_prediction",
  "frozen_invariant_parameters": [
    "encoder_inv.node_embeddings",
    "encoder_inv.cells.0.gate.weights_pool",
    "encoder_inv.cells.0.gate.bias_pool",
    "encoder_inv.cells.0.update.weights_pool",
    "encoder_inv.cells.0.update.bias_pool",
    "encoder_inv.cells.1.gate.weights_pool",
    "encoder_inv.cells.1.gate.bias_pool",
    "encoder_inv.cells.1.update.weights_pool",
    "encoder_inv.cells.1.update.bias_pool",
    "tcl4h.weight",
    "tcl4h.bias",
    "invariant_predict_conv_2.weight",
    "invariant_predict_conv_2.bias"
  ],
  "trainable_invariant_parameters": [],
  "invariant_candidate_val": {
    "mae": 11.673948287963867,
    "mape": 0.18977294862270355
  }
}
EXPERT_COLLAPSE_WARNING epoch=1 zero_assignment_streak=3
EXPERT_COLLAPSE_WARNING epoch=1 zero_assignment_streak=4
EXPERT_COLLAPSE_WARNING epoch=1 zero_assignment_streak=5
EXPERT_COLLAPSE_WARNING epoch=1 zero_assignment_streak=6
EXPERT_COLLAPSE_WARNING epoch=1 zero_assignment_streak=7
EXPERT_COLLAPSE_WARNING epoch=1 zero_assignment_streak=8
EXPERT_COLLAPSE_WARNING epoch=1 zero_assignment_streak=9
EXPERT_COLLAPSE_WARNING epoch=1 zero_assignment_streak=10
EXPERT_COLLAPSE_WARNING epoch=1 zero_assignment_streak=11
EXPERT_COLLAPSE_WARNING epoch=1 zero_assignment_streak=12
EXPERT_COLLAPSE_WARNING epoch=1 zero_assignment_streak=13
EXPERT_COLLAPSE_WARNING epoch=1 zero_assignment_streak=14
EXPERT_COLLAPSE_WARNING epoch=1 zero_assignment_streak=15
EXPERT_COLLAPSE_WARNING epoch=1 zero_assignment_streak=16
EXPERT_COLLAPSE_WARNING epoch=1 zero_assignment_streak=17
EXPERT_COLLAPSE_WARNING epoch=1 zero_assignment_streak=18
EXPERT_COLLAPSE_WARNING epoch=1 zero_assignment_streak=19
EXPERT_COLLAPSE_WARNING epoch=1 zero_assignment_streak=3
EXPERT_COLLAPSE_WARNING epoch=1 zero_assignment_streak=4
EXPERT_COLLAPSE_WARNING epoch=1 zero_assignment_streak=5
EXPERT_COLLAPSE_WARNING epoch=1 zero_assignment_streak=6
EXPERT_COLLAPSE_WARNING epoch=1 zero_assignment_streak=7
EXPERT_COLLAPSE_WARNING epoch=1 zero_assignment_streak=8
EXPERT_COLLAPSE_WARNING epoch=1 zero_assignment_streak=9
EXPERT_COLLAPSE_WARNING epoch=1 zero_assignment_streak=10
EXPERT_COLLAPSE_WARNING epoch=1 zero_assignment_streak=11
EXPERT_COLLAPSE_WARNING epoch=1 zero_assignment_streak=12
EXPERT_COLLAPSE_WARNING epoch=1 zero_assignment_streak=13
EXPERT_COLLAPSE_WARNING epoch=1 zero_assignment_streak=14
EXPERT_COLLAPSE_WARNING epoch=1 zero_assignment_streak=15
EXPERT_COLLAPSE_WARNING epoch=1 zero_assignment_streak=16
EXPERT_COLLAPSE_WARNING epoch=1 zero_assignment_streak=17
EXPERT_COLLAPSE_WARNING epoch=1 zero_assignment_streak=18
EXPERT_COLLAPSE_WARNING epoch=1 zero_assignment_streak=19
EXPERT_COLLAPSE_WARNING epoch=1 zero_assignment_streak=20
EXPERT_COLLAPSE_WARNING epoch=1 zero_assignment_streak=21
EXPERT_COLLAPSE_WARNING epoch=1 zero_assignment_streak=22
EXPERT_COLLAPSE_WARNING epoch=1 zero_assignment_streak=23
EXPERT_COLLAPSE_WARNING epoch=1 zero_assignment_streak=24
EXPERT_COLLAPSE_WARNING epoch=1 zero_assignment_streak=25
EXPERT_COLLAPSE_WARNING epoch=1 zero_assignment_streak=26
EXPERT_COLLAPSE_WARNING epoch=1 zero_assignment_streak=27
EXPERT_COLLAPSE_WARNING epoch=1 zero_assignment_streak=28
EXPERT_COLLAPSE_WARNING epoch=1 zero_assignment_streak=29
EXPERT_COLLAPSE_WARNING epoch=1 zero_assignment_streak=30
EXPERT_COLLAPSE_WARNING epoch=1 zero_assignment_streak=31
EXPERT_COLLAPSE_WARNING epoch=1 zero_assignment_streak=32
EXPERT_COLLAPSE_WARNING epoch=1 zero_assignment_streak=33
EXPERT_COLLAPSE_WARNING epoch=1 zero_assignment_streak=34
EXPERT_COLLAPSE_WARNING epoch=1 zero_assignment_streak=35
EXPERT_COLLAPSE_WARNING epoch=1 zero_assignment_streak=36
EXPERT_COLLAPSE_WARNING epoch=1 zero_assignment_streak=37
EXPERT_COLLAPSE_WARNING epoch=1 zero_assignment_streak=38
EXPERT_COLLAPSE_WARNING epoch=1 zero_assignment_streak=39
EXPERT_COLLAPSE_WARNING epoch=1 zero_assignment_streak=40
EXPERT_COLLAPSE_WARNING epoch=1 zero_assignment_streak=41
EXPERT_COLLAPSE_WARNING epoch=1 zero_assignment_streak=42
EXPERT_COLLAPSE_WARNING epoch=1 zero_assignment_streak=43
EXPERT_COLLAPSE_WARNING epoch=1 zero_assignment_streak=44
EXPERT_COLLAPSE_WARNING epoch=1 zero_assignment_streak=45
EXPERT_COLLAPSE_WARNING epoch=1 zero_assignment_streak=46
EXPERT_COLLAPSE_WARNING epoch=1 zero_assignment_streak=47
EXPERT_COLLAPSE_WARNING epoch=1 zero_assignment_streak=48
EXPERT_COLLAPSE_WARNING epoch=1 zero_assignment_streak=49
EXPERT_COLLAPSE_WARNING epoch=1 zero_assignment_streak=50
EXPERT_COLLAPSE_WARNING epoch=1 zero_assignment_streak=51
EXPERT_COLLAPSE_WARNING epoch=1 zero_assignment_streak=52
EXPERT_COLLAPSE_WARNING epoch=1 zero_assignment_streak=53
EXPERT_COLLAPSE_WARNING epoch=1 zero_assignment_streak=54
EXPERT_COLLAPSE_WARNING epoch=1 zero_assignment_streak=55
EXPERT_COLLAPSE_WARNING epoch=1 zero_assignment_streak=56
EXPERT_COLLAPSE_WARNING epoch=1 zero_assignment_streak=57
EXPERT_COLLAPSE_WARNING epoch=1 zero_assignment_streak=58
EXPERT_COLLAPSE_WARNING epoch=1 zero_assignment_streak=59
EXPERT_COLLAPSE_WARNING epoch=1 zero_assignment_streak=60
EXPERT_COLLAPSE_WARNING epoch=1 zero_assignment_streak=61
EXPERT_COLLAPSE_WARNING epoch=1 zero_assignment_streak=62
EXPERT_COLLAPSE_WARNING epoch=1 zero_assignment_streak=63
EXPERT_COLLAPSE_WARNING epoch=1 zero_assignment_streak=64
EXPERT_COLLAPSE_WARNING epoch=1 zero_assignment_streak=65
EXPERT_COLLAPSE_WARNING epoch=1 zero_assignment_streak=66
EXPERT_COLLAPSE_WARNING epoch=1 zero_assignment_streak=67
EXPERT_COLLAPSE_WARNING epoch=1 zero_assignment_streak=68
EXPERT_COLLAPSE_WARNING epoch=1 zero_assignment_streak=69
EXPERT_COLLAPSE_WARNING epoch=1 zero_assignment_streak=70
EXPERT_COLLAPSE_WARNING epoch=1 zero_assignment_streak=71
EXPERT_COLLAPSE_WARNING epoch=1 zero_assignment_streak=72
EXPERT_COLLAPSE_WARNING epoch=1 zero_assignment_streak=73
EXPERT_COLLAPSE_WARNING epoch=1 zero_assignment_streak=74
EXPERT_COLLAPSE_WARNING epoch=1 zero_assignment_streak=75
EXPERT_COLLAPSE_WARNING epoch=1 zero_assignment_streak=76
EXPERT_COLLAPSE_WARNING epoch=1 zero_assignment_streak=77
EXPERT_COLLAPSE_WARNING epoch=1 zero_assignment_streak=78
EXPERT_COLLAPSE_WARNING epoch=1 zero_assignment_streak=79
EXPERT_COLLAPSE_WARNING epoch=1 zero_assignment_streak=80
EXPERT_COLLAPSE_WARNING epoch=1 zero_assignment_streak=81
EPOCH {"epoch": 1, "train_loss": 116.52019889468238, "val": {"loss": 19.0195927090115, "mae": 18.528079986572266, "mape": 0.4397695064544678}, "test_mixed": {"loss": NaN, "mae": NaN, "mape": NaN}, "test_workday": {"loss": NaN, "mae": NaN, "mape": NaN}, "test_holiday": {"loss": NaN, "mae": NaN, "mape": NaN}, "test_avg_mae": NaN, "lr": 0.001, "fpem_logs": {"fpem/fpem_env_use_exogenous": 1.0, "fpem/env_exogenous_available": 1.0, "fpem/env_exogenous_time_available": 1.0, "fpem/env_exogenous_load_available": 1.0, "fpem/env_exogenous_feature_dim": 32.0, "fpem/env_exogenous_embedding_norm": 2.5064114706856864, "fpem/env_exogenous_load_embedding_norm": 1.6543852420080276, "fpem/env_rep_ablation_normal": 1.0, "fpem/env_rep_ablation_zero": 0.0, "fpem/env_rep_ablation_shuffle_batch": 0.0, "fpem/env_rep_ablation_mode_id": 0.0, "fpem/mask_loss": 0.0, "fpem/mask_sparse_loss": 0.0, "fpem/mask_entropy_loss": 0.0, "fpem/mask_mean": 1.0, "fpem/mask_entropy": 0.0, "fpem/mask_active_ratio": 1.0, "fpem/fusion_alpha_mean": 0.0, "fpem/fusion_alpha_std": 0.0, "fpem/fusion_alpha_min": 0.0, "fpem/fusion_alpha_max": 0.0, "fpem/env_route_loss": 73.67967049734933, "fpem/env_route_L_final": 42.840486254010884, "fpem/env_route_L_global": 9.212280341557094, "fpem/env_route_L_route_soft": 42.840486254010884, "fpem/env_route_L_expert": 42.03078876677014, "fpem/env_route_L_router_oracle": 0.993500873872212, "fpem/env_route_L_balance": 0.03480332332796284, "fpem/env_route_L_diverse": 0.9539371893519447, "fpem/env_route_L_proto_align": -0.3276221133868343, "fpem/env_route_entropy": 0.9068274832907177, "fpem/env_route_q_max_mean": 0.5632192015647888, "fpem/env_route_train_mode_gradient_compat": 0.0, "fpem/env_route_train_mode_hard_prediction_sinkhorn": 0.0, "fpem/env_route_gradient_compat_aux": 0.0, "fpem/hard_sinkhorn_enabled": 0.0, "fpem/sinkhorn_soft_entropy": 0.0, "fpem/sinkhorn_selected_loss": 0.0, "fpem/router_assignment_accuracy": 0.0, "fpem/router_assignment_agreement": 0.0, "fpem/oracle_hard_mae": 0.0, "fpem/router_hard_mae": 0.0, "fpem/router_regret": 0.0, "fpem/hard_sinkhorn_balance_repaired": 0.0, "fpem/sinkhorn_soft_row_sum_mean": 0.0, "fpem/hyper_alpha_mean": 1.0, "fpem/hyper_delta_norm": 0.41997869993738435, "fpem/hyper_route_proto_mode_uniform_warmup": 1.0, "fpem/hyper_route_proto_mode_uniform_fixed": 0.0, "fpem/hyper_route_proto_mode_sinkhorn": 0.0, "fpem/hyper_route_proto_mode_softmax": 0.0, "fpem/fallback_q_mean": 0.0, "fpem/fallback_q_max": 0.0, "fpem/env_q_sum_mean": 0.0, "fpem/oracle_fallback_rate": 0.0, "fpem/route_count_fallback": 0.0, "fpem/env_route_head_mode": 1.0, "fpem/route_entropy_mean": 0.9068274832907177, "fpem/route_mean_distribution_entropy": 0.9317082586742583, "fpem/effective_expert_number": 2.5466905480339412, "fpem/max_expert_usage_ratio": 0.8196428571428571, "fpem/min_expert_usage_ratio": 0.0035714285714285713, "fpem/prototype_pairwise_cosine": 0.24108019038325265, "fpem/expert_prediction_pairwise_cosine": 0.9539371893519447, "fpem/expert_collapse_warning": 0.9142857142857143, "fpem/env_route_target_mode_env_prototype": 0.0, "fpem/env_route_target_mode_hybrid": 0.0, "fpem/env_route_hybrid_alpha": 0.0, "fpem/env_route_count_head_0": 12.80952380952381, "fpem/env_route_oracle_count_head_0": 7.857142857142857, "fpem/route_count_env_head_0": 12.80952380952381, "fpem/route_soft_mean_expert_0": 0.5389349619547527, "fpem/route_hard_count_expert_0": 12.80952380952381, "fpem/hard_count_expert_0": 0.0, "fpem/sinkhorn_soft_col_mass_expert_0": 0.0, "fpem/hyper_alpha_head_0": 1.0, "fpem/hyper_gamma_norm_head_0": 4.942203072419701, "fpem/hyper_beta_norm_head_0": 1.2087339671944002, "fpem/expert_cross_mae_group_0_expert_0": 0.0, "fpem/expert_cross_mae_group_0_expert_1": 0.0, "fpem/expert_cross_mae_group_0_expert_2": 0.0, "fpem/env_route_count_head_1": 0.5047619047619047, "fpem/env_route_oracle_count_head_1": 2.1619047619047618, "fpem/route_count_env_head_1": 0.5047619047619047, "fpem/route_soft_mean_expert_1": 0.1547056781394141, "fpem/route_hard_count_expert_1": 0.5047619047619047, "fpem/hard_count_expert_1": 0.0, "fpem/sinkhorn_soft_col_mass_expert_1": 0.0, "fpem/hyper_alpha_head_1": 1.0, "fpem/hyper_gamma_norm_head_1": 3.0220678102823775, "fpem/hyper_beta_norm_head_1": 1.1471414179912591, "fpem/expert_cross_mae_group_1_expert_0": 0.0, "fpem/expert_cross_mae_group_1_expert_1": 0.0, "fpem/expert_cross_mae_group_1_expert_2": 0.0, "fpem/env_route_count_head_2": 2.6857142857142855, "fpem/env_route_oracle_count_head_2": 5.980952380952381, "fpem/route_count_env_head_2": 2.6857142857142855, "fpem/route_soft_mean_expert_2": 0.3063593679240772, "fpem/route_hard_count_expert_2": 2.6857142857142855, "fpem/hard_count_expert_2": 0.0, "fpem/sinkhorn_soft_col_mass_expert_2": 0.0, "fpem/hyper_alpha_head_2": 1.0, "fpem/hyper_gamma_norm_head_2": 5.358509771942183, "fpem/hyper_beta_norm_head_2": 1.2292311253281132, "fpem/expert_cross_mae_group_2_expert_0": 0.0, "fpem/expert_cross_mae_group_2_expert_1": 0.0, "fpem/expert_cross_mae_group_2_expert_2": 0.0, "fpem/future_mi_loss": 0.0, "fpem/future_mi_valid": 0.0, "fpem/future_mi_logvar_mean": 0.0, "fpem/future_mi_target_mode_env_encoder": 0.0, "fpem/swap_loss": 0.0, "fpem/swap_diff_loss": 0.0, "fpem/swap_same_loss": 0.0, "fpem/swap_gain_mean": 0.0, "fpem/swap_s_gain_mean": 0.0, "fpem/swap_fallback_router_loss": 0.0, "fpem/swap_fallback_q_mean": 0.0, "fpem/swap_prediction_delta": 0.0, "fpem/swap_route_delta": 0.0, "fpem/swap_hyper_alpha_delta": 0.0, "fpem/swap_hyper_delta_norm": 0.0, "fpem/loss_env_day": 0.0, "fpem/loss_env_hour": 0.0, "fpem/loss_env_rush": 0.0, "fpem/env_day_acc": 0.0, "fpem/env_hour_acc": 0.0, "fpem/env_rush_acc": 0.0, "fpem/loss_env_supcon": 0.0, "fpem/env_supcon_valid_pairs": 0.0, "fpem/loss_inv_env_adv": 0.0, "fpem/inv_day_acc": 0.0, "fpem/inv_hour_acc": 0.0, "fpem/inv_rush_acc": 0.0, "fpem/loss_cross_cov_sep": 0.0, "fpem/primary_loss": 42.840486254010884, "fpem/inv_pred_loss": 9.212280341557094, "fpem/primary_uses_route": 1.0, "fpem/primary_uses_env_fusion": 0.0, "fpem/backbone_agcrn": 1.0, "fpem/backbone_graphwavenet": 0.0, "fpem/backbone_staeformer": 0.0, "fpem/gc_pred_loss_only": 1.0, "fpem/env_route_head_mode_hyper_proto": 1.0, "fpem/fpem_force_uniform_route": 0.0, "fpem/hard_prediction_sinkhorn_total_replaces_primary": 0.0, "fpem/hard_prediction_environment_sinkhorn_total_replaces_primary": 0.0, "fpem/warmup_risk_sinkhorn_total_replaces_primary": 0.0, "fpem/progressive_gmm_environment_total_replaces_primary": 0.0, "fpem/lambda_club_mi": 0.0}}
EXPERT_COLLAPSE_WARNING epoch=2 zero_assignment_streak=82
EXPERT_COLLAPSE_WARNING epoch=2 zero_assignment_streak=83
EXPERT_COLLAPSE_WARNING epoch=2 zero_assignment_streak=84
EXPERT_COLLAPSE_WARNING epoch=2 zero_assignment_streak=85
EXPERT_COLLAPSE_WARNING epoch=2 zero_assignment_streak=86
EXPERT_COLLAPSE_WARNING epoch=2 zero_assignment_streak=87
EXPERT_COLLAPSE_WARNING epoch=2 zero_assignment_streak=88
EXPERT_COLLAPSE_WARNING epoch=2 zero_assignment_streak=89
EXPERT_COLLAPSE_WARNING epoch=2 zero_assignment_streak=90
EXPERT_COLLAPSE_WARNING epoch=2 zero_assignment_streak=91
EXPERT_COLLAPSE_WARNING epoch=2 zero_assignment_streak=92
EXPERT_COLLAPSE_WARNING epoch=2 zero_assignment_streak=93
EXPERT_COLLAPSE_WARNING epoch=2 zero_assignment_streak=94
EXPERT_COLLAPSE_WARNING epoch=2 zero_assignment_streak=95
EXPERT_COLLAPSE_WARNING epoch=2 zero_assignment_streak=96
EXPERT_COLLAPSE_WARNING epoch=2 zero_assignment_streak=97
EXPERT_COLLAPSE_WARNING epoch=2 zero_assignment_streak=98
EXPERT_COLLAPSE_WARNING epoch=2 zero_assignment_streak=99
EXPERT_COLLAPSE_WARNING epoch=2 zero_assignment_streak=100
EXPERT_COLLAPSE_WARNING epoch=2 zero_assignment_streak=101
EXPERT_COLLAPSE_WARNING epoch=2 zero_assignment_streak=102
EXPERT_COLLAPSE_WARNING epoch=2 zero_assignment_streak=103
EXPERT_COLLAPSE_WARNING epoch=2 zero_assignment_streak=104
EXPERT_COLLAPSE_WARNING epoch=2 zero_assignment_streak=105
EXPERT_COLLAPSE_WARNING epoch=2 zero_assignment_streak=106
EXPERT_COLLAPSE_WARNING epoch=2 zero_assignment_streak=107
EXPERT_COLLAPSE_WARNING epoch=2 zero_assignment_streak=108
EXPERT_COLLAPSE_WARNING epoch=2 zero_assignment_streak=3
EXPERT_COLLAPSE_WARNING epoch=2 zero_assignment_streak=4
EXPERT_COLLAPSE_WARNING epoch=2 zero_assignment_streak=5
EXPERT_COLLAPSE_WARNING epoch=2 zero_assignment_streak=6
EXPERT_COLLAPSE_WARNING epoch=2 zero_assignment_streak=7
EXPERT_COLLAPSE_WARNING epoch=2 zero_assignment_streak=8
EXPERT_COLLAPSE_WARNING epoch=2 zero_assignment_streak=9
EXPERT_COLLAPSE_WARNING epoch=2 zero_assignment_streak=3
EXPERT_COLLAPSE_WARNING epoch=2 zero_assignment_streak=4
EXPERT_COLLAPSE_WARNING epoch=2 zero_assignment_streak=5
EXPERT_COLLAPSE_WARNING epoch=2 zero_assignment_streak=6
EXPERT_COLLAPSE_WARNING epoch=2 zero_assignment_streak=7
EXPERT_COLLAPSE_WARNING epoch=2 zero_assignment_streak=8
EXPERT_COLLAPSE_WARNING epoch=2 zero_assignment_streak=9
EXPERT_COLLAPSE_WARNING epoch=2 zero_assignment_streak=10
EXPERT_COLLAPSE_WARNING epoch=2 zero_assignment_streak=11
EXPERT_COLLAPSE_WARNING epoch=2 zero_assignment_streak=12
EXPERT_COLLAPSE_WARNING epoch=2 zero_assignment_streak=13
EXPERT_COLLAPSE_WARNING epoch=2 zero_assignment_streak=14
EXPERT_COLLAPSE_WARNING epoch=2 zero_assignment_streak=15
EXPERT_COLLAPSE_WARNING epoch=2 zero_assignment_streak=16
EXPERT_COLLAPSE_WARNING epoch=2 zero_assignment_streak=17
EXPERT_COLLAPSE_WARNING epoch=2 zero_assignment_streak=18
EXPERT_COLLAPSE_WARNING epoch=2 zero_assignment_streak=19
EXPERT_COLLAPSE_WARNING epoch=2 zero_assignment_streak=20
EXPERT_COLLAPSE_WARNING epoch=2 zero_assignment_streak=21
EXPERT_COLLAPSE_WARNING epoch=2 zero_assignment_streak=22
EXPERT_COLLAPSE_WARNING epoch=2 zero_assignment_streak=23
EXPERT_COLLAPSE_WARNING epoch=2 zero_assignment_streak=24
EXPERT_COLLAPSE_WARNING epoch=2 zero_assignment_streak=25
EXPERT_COLLAPSE_WARNING epoch=2 zero_assignment_streak=26
EXPERT_COLLAPSE_WARNING epoch=2 zero_assignment_streak=27
EXPERT_COLLAPSE_WARNING epoch=2 zero_assignment_streak=28
EXPERT_COLLAPSE_WARNING epoch=2 zero_assignment_streak=29
EXPERT_COLLAPSE_WARNING epoch=2 zero_assignment_streak=30
EXPERT_COLLAPSE_WARNING epoch=2 zero_assignment_streak=31
EXPERT_COLLAPSE_WARNING epoch=2 zero_assignment_streak=32
EXPERT_COLLAPSE_WARNING epoch=2 zero_assignment_streak=33
EXPERT_COLLAPSE_WARNING epoch=2 zero_assignment_streak=34
EXPERT_COLLAPSE_WARNING epoch=2 zero_assignment_streak=35
EXPERT_COLLAPSE_WARNING epoch=2 zero_assignment_streak=36
EXPERT_COLLAPSE_WARNING epoch=2 zero_assignment_streak=37
EXPERT_COLLAPSE_WARNING epoch=2 zero_assignment_streak=38
EXPERT_COLLAPSE_WARNING epoch=2 zero_assignment_streak=39
EXPERT_COLLAPSE_WARNING epoch=2 zero_assignment_streak=40
EXPERT_COLLAPSE_WARNING epoch=2 zero_assignment_streak=41
EXPERT_COLLAPSE_WARNING epoch=2 zero_assignment_streak=42
EXPERT_COLLAPSE_WARNING epoch=2 zero_assignment_streak=43
EXPERT_COLLAPSE_WARNING epoch=2 zero_assignment_streak=44
EXPERT_COLLAPSE_WARNING epoch=2 zero_assignment_streak=45
EXPERT_COLLAPSE_WARNING epoch=2 zero_assignment_streak=46
EXPERT_COLLAPSE_WARNING epoch=2 zero_assignment_streak=47
EXPERT_COLLAPSE_WARNING epoch=2 zero_assignment_streak=48
EXPERT_COLLAPSE_WARNING epoch=2 zero_assignment_streak=49
EXPERT_COLLAPSE_WARNING epoch=2 zero_assignment_streak=50
EXPERT_COLLAPSE_WARNING epoch=2 zero_assignment_streak=51
EXPERT_COLLAPSE_WARNING epoch=2 zero_assignment_streak=52
EXPERT_COLLAPSE_WARNING epoch=2 zero_assignment_streak=53
EXPERT_COLLAPSE_WARNING epoch=2 zero_assignment_streak=54
EXPERT_COLLAPSE_WARNING epoch=2 zero_assignment_streak=55
EXPERT_COLLAPSE_WARNING epoch=2 zero_assignment_streak=56
EXPERT_COLLAPSE_WARNING epoch=2 zero_assignment_streak=57
EXPERT_COLLAPSE_WARNING epoch=2 zero_assignment_streak=58
EXPERT_COLLAPSE_WARNING epoch=2 zero_assignment_streak=59
EXPERT_COLLAPSE_WARNING epoch=2 zero_assignment_streak=60
EXPERT_COLLAPSE_WARNING epoch=2 zero_assignment_streak=61
EXPERT_COLLAPSE_WARNING epoch=2 zero_assignment_streak=62
EXPERT_COLLAPSE_WARNING epoch=2 zero_assignment_streak=63
EXPERT_COLLAPSE_WARNING epoch=2 zero_assignment_streak=64
EXPERT_COLLAPSE_WARNING epoch=2 zero_assignment_streak=65
EXPERT_COLLAPSE_WARNING epoch=2 zero_assignment_streak=66
EXPERT_COLLAPSE_WARNING epoch=2 zero_assignment_streak=67
EPOCH {"epoch": 2, "train_loss": 47.790450177873886, "val": {"loss": 16.131957319047714, "mae": 16.086383819580078, "mape": 0.44094979763031006}, "test_mixed": {"loss": NaN, "mae": NaN, "mape": NaN}, "test_workday": {"loss": NaN, "mae": NaN, "mape": NaN}, "test_holiday": {"loss": NaN, "mae": NaN, "mape": NaN}, "test_avg_mae": NaN, "lr": 0.001, "fpem_logs": {"fpem/fpem_env_use_exogenous": 1.0, "fpem/env_exogenous_available": 1.0, "fpem/env_exogenous_time_available": 1.0, "fpem/env_exogenous_load_available": 1.0, "fpem/env_exogenous_feature_dim": 32.0, "fpem/env_exogenous_embedding_norm": 2.535144460768927, "fpem/env_exogenous_load_embedding_norm": 1.6801083871296474, "fpem/env_rep_ablation_normal": 1.0, "fpem/env_rep_ablation_zero": 0.0, "fpem/env_rep_ablation_shuffle_batch": 0.0, "fpem/env_rep_ablation_mode_id": 0.0, "fpem/mask_loss": 0.0, "fpem/mask_sparse_loss": 0.0, "fpem/mask_entropy_loss": 0.0, "fpem/mask_mean": 1.0, "fpem/mask_entropy": 0.0, "fpem/mask_active_ratio": 1.0, "fpem/fusion_alpha_mean": 0.0, "fpem/fusion_alpha_std": 0.0, "fpem/fusion_alpha_min": 0.0, "fpem/fusion_alpha_max": 0.0, "fpem/env_route_loss": 30.41583451770601, "fpem/env_route_L_final": 17.374518385387603, "fpem/env_route_L_global": 9.217653056553432, "fpem/env_route_L_route_soft": 17.374518385387603, "fpem/env_route_L_expert": 17.941946983337402, "fpem/env_route_L_router_oracle": 0.7507835689045134, "fpem/env_route_L_balance": 0.02814175303848017, "fpem/env_route_L_diverse": 0.963499174799238, "fpem/env_route_L_proto_align": -0.7200210491816202, "fpem/env_route_entropy": 0.9195693657511756, "fpem/env_route_q_max_mean": 0.5282489348025549, "fpem/env_route_train_mode_gradient_compat": 0.0, "fpem/env_route_train_mode_hard_prediction_sinkhorn": 0.0, "fpem/env_route_gradient_compat_aux": 0.0, "fpem/hard_sinkhorn_enabled": 0.0, "fpem/sinkhorn_soft_entropy": 0.0, "fpem/sinkhorn_selected_loss": 0.0, "fpem/router_assignment_accuracy": 0.0, "fpem/router_assignment_agreement": 0.0, "fpem/oracle_hard_mae": 0.0, "fpem/router_hard_mae": 0.0, "fpem/router_regret": 0.0, "fpem/hard_sinkhorn_balance_repaired": 0.0, "fpem/sinkhorn_soft_row_sum_mean": 0.0, "fpem/hyper_alpha_mean": 1.0, "fpem/hyper_delta_norm": 0.9738972805795215, "fpem/hyper_route_proto_mode_uniform_warmup": 1.0, "fpem/hyper_route_proto_mode_uniform_fixed": 0.0, "fpem/hyper_route_proto_mode_sinkhorn": 0.0, "fpem/hyper_route_proto_mode_softmax": 0.0, "fpem/fallback_q_mean": 0.0, "fpem/fallback_q_max": 0.0, "fpem/env_q_sum_mean": 0.0, "fpem/oracle_fallback_rate": 0.0, "fpem/route_count_fallback": 0.0, "fpem/env_route_head_mode": 1.0, "fpem/route_entropy_mean": 0.9195693657511756, "fpem/route_mean_distribution_entropy": 0.9505884687105814, "fpem/effective_expert_number": 2.588317514601208, "fpem/max_expert_usage_ratio": 0.7452380952380953, "fpem/min_expert_usage_ratio": 0.0011904761904761906, "fpem/prototype_pairwise_cosine": 0.5759392857551575, "fpem/expert_prediction_pairwise_cosine": 0.963499174799238, "fpem/expert_collapse_warning": 0.9428571428571428, "fpem/env_route_target_mode_env_prototype": 0.0, "fpem/env_route_target_mode_hybrid": 0.0, "fpem/env_route_hybrid_alpha": 0.0, "fpem/env_route_count_head_0": 11.666666666666666, "fpem/env_route_oracle_count_head_0": 9.257142857142858, "fpem/route_count_env_head_0": 11.666666666666666, "fpem/route_soft_mean_expert_0": 0.4969693777107057, "fpem/route_hard_count_expert_0": 11.666666666666666, "fpem/hard_count_expert_0": 0.0, "fpem/sinkhorn_soft_col_mass_expert_0": 0.0, "fpem/hyper_alpha_head_0": 1.0, "fpem/hyper_gamma_norm_head_0": 8.714127481551397, "fpem/hyper_beta_norm_head_0": 1.35650764079321, "fpem/expert_cross_mae_group_0_expert_0": 0.0, "fpem/expert_cross_mae_group_0_expert_1": 0.0, "fpem/expert_cross_mae_group_0_expert_2": 0.0, "fpem/env_route_count_head_1": 0.01904761904761905, "fpem/env_route_oracle_count_head_1": 0.5142857142857142, "fpem/route_count_env_head_1": 0.01904761904761905, "fpem/route_soft_mean_expert_1": 0.1091145830495017, "fpem/route_hard_count_expert_1": 0.01904761904761905, "fpem/hard_count_expert_1": 0.0, "fpem/sinkhorn_soft_col_mass_expert_1": 0.0, "fpem/hyper_alpha_head_1": 1.0, "fpem/hyper_gamma_norm_head_1": 4.136408512932913, "fpem/hyper_beta_norm_head_1": 1.192592343829927, "fpem/expert_cross_mae_group_1_expert_0": 0.0, "fpem/expert_cross_mae_group_1_expert_1": 0.0, "fpem/expert_cross_mae_group_1_expert_2": 0.0, "fpem/env_route_count_head_2": 4.314285714285714, "fpem/env_route_oracle_count_head_2": 6.228571428571429, "fpem/route_count_env_head_2": 4.314285714285714, "fpem/route_soft_mean_expert_2": 0.3939160434972672, "fpem/route_hard_count_expert_2": 4.314285714285714, "fpem/hard_count_expert_2": 0.0, "fpem/sinkhorn_soft_col_mass_expert_2": 0.0, "fpem/hyper_alpha_head_2": 1.0, "fpem/hyper_gamma_norm_head_2": 9.366347549075172, "fpem/hyper_beta_norm_head_2": 1.413143901597886, "fpem/expert_cross_mae_group_2_expert_0": 0.0, "fpem/expert_cross_mae_group_2_expert_1": 0.0, "fpem/expert_cross_mae_group_2_expert_2": 0.0, "fpem/future_mi_loss": 0.0, "fpem/future_mi_valid": 0.0, "fpem/future_mi_logvar_mean": 0.0, "fpem/future_mi_target_mode_env_encoder": 0.0, "fpem/swap_loss": 0.0, "fpem/swap_diff_loss": 0.0, "fpem/swap_same_loss": 0.0, "fpem/swap_gain_mean": 0.0, "fpem/swap_s_gain_mean": 0.0, "fpem/swap_fallback_router_loss": 0.0, "fpem/swap_fallback_q_mean": 0.0, "fpem/swap_prediction_delta": 0.0, "fpem/swap_route_delta": 0.0, "fpem/swap_hyper_alpha_delta": 0.0, "fpem/swap_hyper_delta_norm": 0.0, "fpem/loss_env_day": 0.0, "fpem/loss_env_hour": 0.0, "fpem/loss_env_rush": 0.0, "fpem/env_day_acc": 0.0, "fpem/env_hour_acc": 0.0, "fpem/env_rush_acc": 0.0, "fpem/loss_env_supcon": 0.0, "fpem/env_supcon_valid_pairs": 0.0, "fpem/loss_inv_env_adv": 0.0, "fpem/inv_day_acc": 0.0, "fpem/inv_hour_acc": 0.0, "fpem/inv_rush_acc": 0.0, "fpem/loss_cross_cov_sep": 0.0, "fpem/primary_loss": 17.374518385387603, "fpem/inv_pred_loss": 9.217653056553432, "fpem/primary_uses_route": 1.0, "fpem/primary_uses_env_fusion": 0.0, "fpem/backbone_agcrn": 1.0, "fpem/backbone_graphwavenet": 0.0, "fpem/backbone_staeformer": 0.0, "fpem/gc_pred_loss_only": 1.0, "fpem/env_route_head_mode_hyper_proto": 1.0, "fpem/fpem_force_uniform_route": 0.0, "fpem/hard_prediction_sinkhorn_total_replaces_primary": 0.0, "fpem/hard_prediction_environment_sinkhorn_total_replaces_primary": 0.0, "fpem/warmup_risk_sinkhorn_total_replaces_primary": 0.0, "fpem/progressive_gmm_environment_total_replaces_primary": 0.0, "fpem/lambda_club_mi": 0.0}}
EXPERT_COLLAPSE_WARNING epoch=3 zero_assignment_streak=68
EXPERT_COLLAPSE_WARNING epoch=3 zero_assignment_streak=69
EXPERT_COLLAPSE_WARNING epoch=3 zero_assignment_streak=70
EXPERT_COLLAPSE_WARNING epoch=3 zero_assignment_streak=71
EXPERT_COLLAPSE_WARNING epoch=3 zero_assignment_streak=72
EXPERT_COLLAPSE_WARNING epoch=3 zero_assignment_streak=73
EXPERT_COLLAPSE_WARNING epoch=3 zero_assignment_streak=74
EXPERT_COLLAPSE_WARNING epoch=3 zero_assignment_streak=75
EXPERT_COLLAPSE_WARNING epoch=3 zero_assignment_streak=76
EXPERT_COLLAPSE_WARNING epoch=3 zero_assignment_streak=77
EXPERT_COLLAPSE_WARNING epoch=3 zero_assignment_streak=78
EXPERT_COLLAPSE_WARNING epoch=3 zero_assignment_streak=79
EXPERT_COLLAPSE_WARNING epoch=3 zero_assignment_streak=80
EXPERT_COLLAPSE_WARNING epoch=3 zero_assignment_streak=81
EXPERT_COLLAPSE_WARNING epoch=3 zero_assignment_streak=82
EXPERT_COLLAPSE_WARNING epoch=3 zero_assignment_streak=83
EXPERT_COLLAPSE_WARNING epoch=3 zero_assignment_streak=84
EXPERT_COLLAPSE_WARNING epoch=3 zero_assignment_streak=85
EXPERT_COLLAPSE_WARNING epoch=3 zero_assignment_streak=86
EXPERT_COLLAPSE_WARNING epoch=3 zero_assignment_streak=87
EXPERT_COLLAPSE_WARNING epoch=3 zero_assignment_streak=88
EXPERT_COLLAPSE_WARNING epoch=3 zero_assignment_streak=89
EXPERT_COLLAPSE_WARNING epoch=3 zero_assignment_streak=90
EXPERT_COLLAPSE_WARNING epoch=3 zero_assignment_streak=91
EXPERT_COLLAPSE_WARNING epoch=3 zero_assignment_streak=92
EXPERT_COLLAPSE_WARNING epoch=3 zero_assignment_streak=93
EXPERT_COLLAPSE_WARNING epoch=3 zero_assignment_streak=94
EXPERT_COLLAPSE_WARNING epoch=3 zero_assignment_streak=95
EXPERT_COLLAPSE_WARNING epoch=3 zero_assignment_streak=96
EXPERT_COLLAPSE_WARNING epoch=3 zero_assignment_streak=97
EXPERT_COLLAPSE_WARNING epoch=3 zero_assignment_streak=98
EXPERT_COLLAPSE_WARNING epoch=3 zero_assignment_streak=99
EXPERT_COLLAPSE_WARNING epoch=3 zero_assignment_streak=100
EXPERT_COLLAPSE_WARNING epoch=3 zero_assignment_streak=101
EXPERT_COLLAPSE_WARNING epoch=3 zero_assignment_streak=102
EXPERT_COLLAPSE_WARNING epoch=3 zero_assignment_streak=103
EXPERT_COLLAPSE_WARNING epoch=3 zero_assignment_streak=104
EXPERT_COLLAPSE_WARNING epoch=3 zero_assignment_streak=105
EXPERT_COLLAPSE_WARNING epoch=3 zero_assignment_streak=106
EXPERT_COLLAPSE_WARNING epoch=3 zero_assignment_streak=107
EXPERT_COLLAPSE_WARNING epoch=3 zero_assignment_streak=108
EXPERT_COLLAPSE_WARNING epoch=3 zero_assignment_streak=109
EXPERT_COLLAPSE_WARNING epoch=3 zero_assignment_streak=110
EXPERT_COLLAPSE_WARNING epoch=3 zero_assignment_streak=111
EXPERT_COLLAPSE_WARNING epoch=3 zero_assignment_streak=112
EXPERT_COLLAPSE_WARNING epoch=3 zero_assignment_streak=113
EXPERT_COLLAPSE_WARNING epoch=3 zero_assignment_streak=114
EXPERT_COLLAPSE_WARNING epoch=3 zero_assignment_streak=115
EXPERT_COLLAPSE_WARNING epoch=3 zero_assignment_streak=116
EXPERT_COLLAPSE_WARNING epoch=3 zero_assignment_streak=117
EXPERT_COLLAPSE_WARNING epoch=3 zero_assignment_streak=118
EXPERT_COLLAPSE_WARNING epoch=3 zero_assignment_streak=119
EXPERT_COLLAPSE_WARNING epoch=3 zero_assignment_streak=120
EXPERT_COLLAPSE_WARNING epoch=3 zero_assignment_streak=121
EXPERT_COLLAPSE_WARNING epoch=3 zero_assignment_streak=122
EXPERT_COLLAPSE_WARNING epoch=3 zero_assignment_streak=123
EXPERT_COLLAPSE_WARNING epoch=3 zero_assignment_streak=124
EXPERT_COLLAPSE_WARNING epoch=3 zero_assignment_streak=125
EXPERT_COLLAPSE_WARNING epoch=3 zero_assignment_streak=126
EXPERT_COLLAPSE_WARNING epoch=3 zero_assignment_streak=127
EXPERT_COLLAPSE_WARNING epoch=3 zero_assignment_streak=128
EXPERT_COLLAPSE_WARNING epoch=3 zero_assignment_streak=129
EXPERT_COLLAPSE_WARNING epoch=3 zero_assignment_streak=130
EXPERT_COLLAPSE_WARNING epoch=3 zero_assignment_streak=131
EXPERT_COLLAPSE_WARNING epoch=3 zero_assignment_streak=132
EXPERT_COLLAPSE_WARNING epoch=3 zero_assignment_streak=133
EXPERT_COLLAPSE_WARNING epoch=3 zero_assignment_streak=134
EXPERT_COLLAPSE_WARNING epoch=3 zero_assignment_streak=135
EXPERT_COLLAPSE_WARNING epoch=3 zero_assignment_streak=136
EXPERT_COLLAPSE_WARNING epoch=3 zero_assignment_streak=137
EXPERT_COLLAPSE_WARNING epoch=3 zero_assignment_streak=138
EXPERT_COLLAPSE_WARNING epoch=3 zero_assignment_streak=139
EXPERT_COLLAPSE_WARNING epoch=3 zero_assignment_streak=140
EXPERT_COLLAPSE_WARNING epoch=3 zero_assignment_streak=141
EXPERT_COLLAPSE_WARNING epoch=3 zero_assignment_streak=142
EXPERT_COLLAPSE_WARNING epoch=3 zero_assignment_streak=143
EXPERT_COLLAPSE_WARNING epoch=3 zero_assignment_streak=144
EXPERT_COLLAPSE_WARNING epoch=3 zero_assignment_streak=145
EXPERT_COLLAPSE_WARNING epoch=3 zero_assignment_streak=146
EXPERT_COLLAPSE_WARNING epoch=3 zero_assignment_streak=147
EXPERT_COLLAPSE_WARNING epoch=3 zero_assignment_streak=148
EXPERT_COLLAPSE_WARNING epoch=3 zero_assignment_streak=149
EXPERT_COLLAPSE_WARNING epoch=3 zero_assignment_streak=150
EXPERT_COLLAPSE_WARNING epoch=3 zero_assignment_streak=151
EXPERT_COLLAPSE_WARNING epoch=3 zero_assignment_streak=152
EXPERT_COLLAPSE_WARNING epoch=3 zero_assignment_streak=153
EXPERT_COLLAPSE_WARNING epoch=3 zero_assignment_streak=154
EXPERT_COLLAPSE_WARNING epoch=3 zero_assignment_streak=155
EXPERT_COLLAPSE_WARNING epoch=3 zero_assignment_streak=156
EXPERT_COLLAPSE_WARNING epoch=3 zero_assignment_streak=157
EXPERT_COLLAPSE_WARNING epoch=3 zero_assignment_streak=158
EXPERT_COLLAPSE_WARNING epoch=3 zero_assignment_streak=159
EXPERT_COLLAPSE_WARNING epoch=3 zero_assignment_streak=160
EXPERT_COLLAPSE_WARNING epoch=3 zero_assignment_streak=161
EXPERT_COLLAPSE_WARNING epoch=3 zero_assignment_streak=162
EXPERT_COLLAPSE_WARNING epoch=3 zero_assignment_streak=163
EXPERT_COLLAPSE_WARNING epoch=3 zero_assignment_streak=164
EXPERT_COLLAPSE_WARNING epoch=3 zero_assignment_streak=165
EXPERT_COLLAPSE_WARNING epoch=3 zero_assignment_streak=166
EXPERT_COLLAPSE_WARNING epoch=3 zero_assignment_streak=167
EXPERT_COLLAPSE_WARNING epoch=3 zero_assignment_streak=168
EXPERT_COLLAPSE_WARNING epoch=3 zero_assignment_streak=169
EXPERT_COLLAPSE_WARNING epoch=3 zero_assignment_streak=170
EXPERT_COLLAPSE_WARNING epoch=3 zero_assignment_streak=171
EXPERT_COLLAPSE_WARNING epoch=3 zero_assignment_streak=172
EPOCH {"epoch": 3, "train_loss": 38.801964060465494, "val": {"loss": 15.482993443806967, "mae": 15.24846076965332, "mape": 0.33235424757003784}, "test_mixed": {"loss": NaN, "mae": NaN, "mape": NaN}, "test_workday": {"loss": NaN, "mae": NaN, "mape": NaN}, "test_holiday": {"loss": NaN, "mae": NaN, "mape": NaN}, "test_avg_mae": NaN, "lr": 0.001, "fpem_logs": {"fpem/fpem_env_use_exogenous": 1.0, "fpem/env_exogenous_available": 1.0, "fpem/env_exogenous_time_available": 1.0, "fpem/env_exogenous_load_available": 1.0, "fpem/env_exogenous_feature_dim": 32.0, "fpem/env_exogenous_embedding_norm": 2.5551596936725436, "fpem/env_exogenous_load_embedding_norm": 1.7039084695634388, "fpem/env_rep_ablation_normal": 1.0, "fpem/env_rep_ablation_zero": 0.0, "fpem/env_rep_ablation_shuffle_batch": 0.0, "fpem/env_rep_ablation_mode_id": 0.0, "fpem/mask_loss": 0.0, "fpem/mask_sparse_loss": 0.0, "fpem/mask_entropy_loss": 0.0, "fpem/mask_mean": 1.0, "fpem/mask_entropy": 0.0, "fpem/mask_active_ratio": 1.0, "fpem/fusion_alpha_mean": 0.0, "fpem/fusion_alpha_std": 0.0, "fpem/fusion_alpha_min": 0.0, "fpem/fusion_alpha_max": 0.0, "fpem/env_route_loss": 25.690760403587703, "fpem/env_route_L_final": 14.639572143554688, "fpem/env_route_L_global": 9.213351599375407, "fpem/env_route_L_route_soft": 14.639572143554688, "fpem/env_route_L_expert": 15.14299524398077, "fpem/env_route_L_router_oracle": 0.6889994172822862, "fpem/env_route_L_balance": 0.03461480213417893, "fpem/env_route_L_diverse": 0.9689799751554217, "fpem/env_route_L_proto_align": -0.9037229481197538, "fpem/env_route_entropy": 0.8790387102535793, "fpem/env_route_q_max_mean": 0.5348164876302083, "fpem/env_route_train_mode_gradient_compat": 0.0, "fpem/env_route_train_mode_hard_prediction_sinkhorn": 0.0, "fpem/env_route_gradient_compat_aux": 0.0, "fpem/hard_sinkhorn_enabled": 0.0, "fpem/sinkhorn_soft_entropy": 0.0, "fpem/sinkhorn_selected_loss": 0.0, "fpem/router_assignment_accuracy": 0.0, "fpem/router_assignment_agreement": 0.0, "fpem/oracle_hard_mae": 0.0, "fpem/router_hard_mae": 0.0, "fpem/router_regret": 0.0, "fpem/hard_sinkhorn_balance_repaired": 0.0, "fpem/sinkhorn_soft_row_sum_mean": 0.0, "fpem/hyper_alpha_mean": 1.0, "fpem/hyper_delta_norm": 1.2198774417241414, "fpem/hyper_route_proto_mode_uniform_warmup": 1.0, "fpem/hyper_route_proto_mode_uniform_fixed": 0.0, "fpem/hyper_route_proto_mode_sinkhorn": 0.0, "fpem/hyper_route_proto_mode_softmax": 0.0, "fpem/fallback_q_mean": 0.0, "fpem/fallback_q_max": 0.0, "fpem/env_q_sum_mean": 0.0, "fpem/oracle_fallback_rate": 0.0, "fpem/route_count_fallback": 0.0, "fpem/env_route_head_mode": 1.0, "fpem/route_entropy_mean": 0.8790387102535793, "fpem/route_mean_distribution_entropy": 0.9059422288622175, "fpem/effective_expert_number": 2.4753875073932465, "fpem/max_expert_usage_ratio": 0.7309523809523809, "fpem/min_expert_usage_ratio": 0.0, "fpem/prototype_pairwise_cosine": 0.8366583421116783, "fpem/expert_prediction_pairwise_cosine": 0.9689799751554217, "fpem/expert_collapse_warning": 1.0, "fpem/env_route_target_mode_env_prototype": 0.0, "fpem/env_route_target_mode_hybrid": 0.0, "fpem/env_route_hybrid_alpha": 0.0, "fpem/env_route_count_head_0": 10.8, "fpem/env_route_oracle_count_head_0": 8.723809523809523, "fpem/route_count_env_head_0": 10.8, "fpem/route_soft_mean_expert_0": 0.49844696266310556, "fpem/route_hard_count_expert_0": 10.8, "fpem/hard_count_expert_0": 0.0, "fpem/sinkhorn_soft_col_mass_expert_0": 0.0, "fpem/hyper_alpha_head_0": 1.0, "fpem/hyper_gamma_norm_head_0": 9.951877475920178, "fpem/hyper_beta_norm_head_0": 1.3365772406260172, "fpem/expert_cross_mae_group_0_expert_0": 0.0, "fpem/expert_cross_mae_group_0_expert_1": 0.0, "fpem/expert_cross_mae_group_0_expert_2": 0.0, "fpem/env_route_count_head_1": 0.0, "fpem/env_route_oracle_count_head_1": 0.20952380952380953, "fpem/route_count_env_head_1": 0.0, "fpem/route_soft_mean_expert_1": 0.07925385715706008, "fpem/route_hard_count_expert_1": 0.0, "fpem/hard_count_expert_1": 0.0, "fpem/sinkhorn_soft_col_mass_expert_1": 0.0, "fpem/hyper_alpha_head_1": 1.0, "fpem/hyper_gamma_norm_head_1": 4.492054167247954, "fpem/hyper_beta_norm_head_1": 1.1486618030638922, "fpem/expert_cross_mae_group_1_expert_0": 0.0, "fpem/expert_cross_mae_group_1_expert_1": 0.0, "fpem/expert_cross_mae_group_1_expert_2": 0.0, "fpem/env_route_count_head_2": 5.2, "fpem/env_route_oracle_count_head_2": 7.066666666666666, "fpem/route_count_env_head_2": 5.2, "fpem/route_soft_mean_expert_2": 0.4222991869563148, "fpem/route_hard_count_expert_2": 5.2, "fpem/hard_count_expert_2": 0.0, "fpem/sinkhorn_soft_col_mass_expert_2": 0.0, "fpem/hyper_alpha_head_2": 1.0, "fpem/hyper_gamma_norm_head_2": 10.447260139102028, "fpem/hyper_beta_norm_head_2": 1.3917060182208107, "fpem/expert_cross_mae_group_2_expert_0": 0.0, "fpem/expert_cross_mae_group_2_expert_1": 0.0, "fpem/expert_cross_mae_group_2_expert_2": 0.0, "fpem/future_mi_loss": 0.0, "fpem/future_mi_valid": 0.0, "fpem/future_mi_logvar_mean": 0.0, "fpem/future_mi_target_mode_env_encoder": 0.0, "fpem/swap_loss": 0.0, "fpem/swap_diff_loss": 0.0, "fpem/swap_same_loss": 0.0, "fpem/swap_gain_mean": 0.0, "fpem/swap_s_gain_mean": 0.0, "fpem/swap_fallback_router_loss": 0.0, "fpem/swap_fallback_q_mean": 0.0, "fpem/swap_prediction_delta": 0.0, "fpem/swap_route_delta": 0.0, "fpem/swap_hyper_alpha_delta": 0.0, "fpem/swap_hyper_delta_norm": 0.0, "fpem/loss_env_day": 0.0, "fpem/loss_env_hour": 0.0, "fpem/loss_env_rush": 0.0, "fpem/env_day_acc": 0.0, "fpem/env_hour_acc": 0.0, "fpem/env_rush_acc": 0.0, "fpem/loss_env_supcon": 0.0, "fpem/env_supcon_valid_pairs": 0.0, "fpem/loss_inv_env_adv": 0.0, "fpem/inv_day_acc": 0.0, "fpem/inv_hour_acc": 0.0, "fpem/inv_rush_acc": 0.0, "fpem/loss_cross_cov_sep": 0.0, "fpem/primary_loss": 14.639572143554688, "fpem/inv_pred_loss": 9.213351599375407, "fpem/primary_uses_route": 1.0, "fpem/primary_uses_env_fusion": 0.0, "fpem/backbone_agcrn": 1.0, "fpem/backbone_graphwavenet": 0.0, "fpem/backbone_staeformer": 0.0, "fpem/gc_pred_loss_only": 1.0, "fpem/env_route_head_mode_hyper_proto": 1.0, "fpem/fpem_force_uniform_route": 0.0, "fpem/hard_prediction_sinkhorn_total_replaces_primary": 0.0, "fpem/hard_prediction_environment_sinkhorn_total_replaces_primary": 0.0, "fpem/warmup_risk_sinkhorn_total_replaces_primary": 0.0, "fpem/progressive_gmm_environment_total_replaces_primary": 0.0, "fpem/lambda_club_mi": 0.0}}
EXPERT_COLLAPSE_WARNING epoch=4 zero_assignment_streak=173
EXPERT_COLLAPSE_WARNING epoch=4 zero_assignment_streak=174
EXPERT_COLLAPSE_WARNING epoch=4 zero_assignment_streak=175
EXPERT_COLLAPSE_WARNING epoch=4 zero_assignment_streak=176
EXPERT_COLLAPSE_WARNING epoch=4 zero_assignment_streak=177
EXPERT_COLLAPSE_WARNING epoch=4 zero_assignment_streak=178
EXPERT_COLLAPSE_WARNING epoch=4 zero_assignment_streak=179
EXPERT_COLLAPSE_WARNING epoch=4 zero_assignment_streak=180
EXPERT_COLLAPSE_WARNING epoch=4 zero_assignment_streak=181
EXPERT_COLLAPSE_WARNING epoch=4 zero_assignment_streak=182
EXPERT_COLLAPSE_WARNING epoch=4 zero_assignment_streak=183
EXPERT_COLLAPSE_WARNING epoch=4 zero_assignment_streak=184
EXPERT_COLLAPSE_WARNING epoch=4 zero_assignment_streak=185
EXPERT_COLLAPSE_WARNING epoch=4 zero_assignment_streak=186
EXPERT_COLLAPSE_WARNING epoch=4 zero_assignment_streak=187
EXPERT_COLLAPSE_WARNING epoch=4 zero_assignment_streak=188
EXPERT_COLLAPSE_WARNING epoch=4 zero_assignment_streak=189
EXPERT_COLLAPSE_WARNING epoch=4 zero_assignment_streak=190
EXPERT_COLLAPSE_WARNING epoch=4 zero_assignment_streak=191
EXPERT_COLLAPSE_WARNING epoch=4 zero_assignment_streak=192
EXPERT_COLLAPSE_WARNING epoch=4 zero_assignment_streak=193
EXPERT_COLLAPSE_WARNING epoch=4 zero_assignment_streak=194
EXPERT_COLLAPSE_WARNING epoch=4 zero_assignment_streak=195
EXPERT_COLLAPSE_WARNING epoch=4 zero_assignment_streak=196
EXPERT_COLLAPSE_WARNING epoch=4 zero_assignment_streak=197
EXPERT_COLLAPSE_WARNING epoch=4 zero_assignment_streak=198
EXPERT_COLLAPSE_WARNING epoch=4 zero_assignment_streak=199
EXPERT_COLLAPSE_WARNING epoch=4 zero_assignment_streak=200
EXPERT_COLLAPSE_WARNING epoch=4 zero_assignment_streak=201
EXPERT_COLLAPSE_WARNING epoch=4 zero_assignment_streak=202
EXPERT_COLLAPSE_WARNING epoch=4 zero_assignment_streak=203
EXPERT_COLLAPSE_WARNING epoch=4 zero_assignment_streak=204
EXPERT_COLLAPSE_WARNING epoch=4 zero_assignment_streak=205
EXPERT_COLLAPSE_WARNING epoch=4 zero_assignment_streak=206
EXPERT_COLLAPSE_WARNING epoch=4 zero_assignment_streak=207
EXPERT_COLLAPSE_WARNING epoch=4 zero_assignment_streak=208
EXPERT_COLLAPSE_WARNING epoch=4 zero_assignment_streak=3
EXPERT_COLLAPSE_WARNING epoch=4 zero_assignment_streak=4
EXPERT_COLLAPSE_WARNING epoch=4 zero_assignment_streak=5
EXPERT_COLLAPSE_WARNING epoch=4 zero_assignment_streak=6
EXPERT_COLLAPSE_WARNING epoch=4 zero_assignment_streak=7
EXPERT_COLLAPSE_WARNING epoch=4 zero_assignment_streak=8
EXPERT_COLLAPSE_WARNING epoch=4 zero_assignment_streak=9
EXPERT_COLLAPSE_WARNING epoch=4 zero_assignment_streak=10
EXPERT_COLLAPSE_WARNING epoch=4 zero_assignment_streak=11
EXPERT_COLLAPSE_WARNING epoch=4 zero_assignment_streak=12
EXPERT_COLLAPSE_WARNING epoch=4 zero_assignment_streak=13
EXPERT_COLLAPSE_WARNING epoch=4 zero_assignment_streak=14
EXPERT_COLLAPSE_WARNING epoch=4 zero_assignment_streak=15
EXPERT_COLLAPSE_WARNING epoch=4 zero_assignment_streak=16
EXPERT_COLLAPSE_WARNING epoch=4 zero_assignment_streak=17
EXPERT_COLLAPSE_WARNING epoch=4 zero_assignment_streak=18
EXPERT_COLLAPSE_WARNING epoch=4 zero_assignment_streak=19
EXPERT_COLLAPSE_WARNING epoch=4 zero_assignment_streak=20
EXPERT_COLLAPSE_WARNING epoch=4 zero_assignment_streak=21
EXPERT_COLLAPSE_WARNING epoch=4 zero_assignment_streak=22
EXPERT_COLLAPSE_WARNING epoch=4 zero_assignment_streak=23
EXPERT_COLLAPSE_WARNING epoch=4 zero_assignment_streak=24
EXPERT_COLLAPSE_WARNING epoch=4 zero_assignment_streak=25
EXPERT_COLLAPSE_WARNING epoch=4 zero_assignment_streak=26
EXPERT_COLLAPSE_WARNING epoch=4 zero_assignment_streak=27
EXPERT_COLLAPSE_WARNING epoch=4 zero_assignment_streak=28
EXPERT_COLLAPSE_WARNING epoch=4 zero_assignment_streak=29
EXPERT_COLLAPSE_WARNING epoch=4 zero_assignment_streak=30
EXPERT_COLLAPSE_WARNING epoch=4 zero_assignment_streak=31
EXPERT_COLLAPSE_WARNING epoch=4 zero_assignment_streak=32
EXPERT_COLLAPSE_WARNING epoch=4 zero_assignment_streak=33
EXPERT_COLLAPSE_WARNING epoch=4 zero_assignment_streak=34
EXPERT_COLLAPSE_WARNING epoch=4 zero_assignment_streak=35
EXPERT_COLLAPSE_WARNING epoch=4 zero_assignment_streak=36
EXPERT_COLLAPSE_WARNING epoch=4 zero_assignment_streak=37
EXPERT_COLLAPSE_WARNING epoch=4 zero_assignment_streak=38
EXPERT_COLLAPSE_WARNING epoch=4 zero_assignment_streak=39
EXPERT_COLLAPSE_WARNING epoch=4 zero_assignment_streak=40
EXPERT_COLLAPSE_WARNING epoch=4 zero_assignment_streak=41
EXPERT_COLLAPSE_WARNING epoch=4 zero_assignment_streak=42
EXPERT_COLLAPSE_WARNING epoch=4 zero_assignment_streak=43
EXPERT_COLLAPSE_WARNING epoch=4 zero_assignment_streak=44
EXPERT_COLLAPSE_WARNING epoch=4 zero_assignment_streak=45
EXPERT_COLLAPSE_WARNING epoch=4 zero_assignment_streak=46
EXPERT_COLLAPSE_WARNING epoch=4 zero_assignment_streak=47
EXPERT_COLLAPSE_WARNING epoch=4 zero_assignment_streak=48
EXPERT_COLLAPSE_WARNING epoch=4 zero_assignment_streak=49
EXPERT_COLLAPSE_WARNING epoch=4 zero_assignment_streak=50
EXPERT_COLLAPSE_WARNING epoch=4 zero_assignment_streak=51
EXPERT_COLLAPSE_WARNING epoch=4 zero_assignment_streak=52
EXPERT_COLLAPSE_WARNING epoch=4 zero_assignment_streak=53
EXPERT_COLLAPSE_WARNING epoch=4 zero_assignment_streak=54
EXPERT_COLLAPSE_WARNING epoch=4 zero_assignment_streak=55
EXPERT_COLLAPSE_WARNING epoch=4 zero_assignment_streak=56
EXPERT_COLLAPSE_WARNING epoch=4 zero_assignment_streak=57
EXPERT_COLLAPSE_WARNING epoch=4 zero_assignment_streak=58
EXPERT_COLLAPSE_WARNING epoch=4 zero_assignment_streak=59
EXPERT_COLLAPSE_WARNING epoch=4 zero_assignment_streak=60
EXPERT_COLLAPSE_WARNING epoch=4 zero_assignment_streak=61
EXPERT_COLLAPSE_WARNING epoch=4 zero_assignment_streak=62
EXPERT_COLLAPSE_WARNING epoch=4 zero_assignment_streak=63
EXPERT_COLLAPSE_WARNING epoch=4 zero_assignment_streak=64
EXPERT_COLLAPSE_WARNING epoch=4 zero_assignment_streak=65
EXPERT_COLLAPSE_WARNING epoch=4 zero_assignment_streak=66
EXPERT_COLLAPSE_WARNING epoch=4 zero_assignment_streak=67
EXPERT_COLLAPSE_WARNING epoch=4 zero_assignment_streak=68
EPOCH {"epoch": 4, "train_loss": 38.64289421808152, "val": {"loss": 15.31498130162557, "mae": 15.325567245483398, "mape": 0.4277356266975403}, "test_mixed": {"loss": NaN, "mae": NaN, "mape": NaN}, "test_workday": {"loss": NaN, "mae": NaN, "mape": NaN}, "test_holiday": {"loss": NaN, "mae": NaN, "mape": NaN}, "test_avg_mae": NaN, "lr": 0.001, "fpem_logs": {"fpem/fpem_env_use_exogenous": 1.0, "fpem/env_exogenous_available": 1.0, "fpem/env_exogenous_time_available": 1.0, "fpem/env_exogenous_load_available": 1.0, "fpem/env_exogenous_feature_dim": 32.0, "fpem/env_exogenous_embedding_norm": 2.574859446570987, "fpem/env_exogenous_load_embedding_norm": 1.7339228266761417, "fpem/env_rep_ablation_normal": 1.0, "fpem/env_rep_ablation_zero": 0.0, "fpem/env_rep_ablation_shuffle_batch": 0.0, "fpem/env_rep_ablation_mode_id": 0.0, "fpem/mask_loss": 0.0, "fpem/mask_sparse_loss": 0.0, "fpem/mask_entropy_loss": 0.0, "fpem/mask_mean": 1.0, "fpem/mask_entropy": 0.0, "fpem/mask_active_ratio": 1.0, "fpem/fusion_alpha_mean": 0.0, "fpem/fusion_alpha_std": 0.0, "fpem/fusion_alpha_min": 0.0, "fpem/fusion_alpha_max": 0.0, "fpem/env_route_loss": 24.839705857776462, "fpem/env_route_L_final": 14.184558922903879, "fpem/env_route_L_global": 9.215882928030831, "fpem/env_route_L_route_soft": 14.184558922903879, "fpem/env_route_L_expert": 14.346732975187756, "fpem/env_route_L_router_oracle": 0.6803419482140314, "fpem/env_route_L_balance": 0.033367517377649036, "fpem/env_route_L_diverse": 0.9824543039004008, "fpem/env_route_L_proto_align": -0.9807219414483933, "fpem/env_route_entropy": 0.8827550104686193, "fpem/env_route_q_max_mean": 0.521056497380847, "fpem/env_route_train_mode_gradient_compat": 0.0, "fpem/env_route_train_mode_hard_prediction_sinkhorn": 0.0, "fpem/env_route_gradient_compat_aux": 0.0, "fpem/hard_sinkhorn_enabled": 0.0, "fpem/sinkhorn_soft_entropy": 0.0, "fpem/sinkhorn_selected_loss": 0.0, "fpem/router_assignment_accuracy": 0.0, "fpem/router_assignment_agreement": 0.0, "fpem/oracle_hard_mae": 0.0, "fpem/router_hard_mae": 0.0, "fpem/router_regret": 0.0, "fpem/hard_sinkhorn_balance_repaired": 0.0, "fpem/sinkhorn_soft_row_sum_mean": 0.0, "fpem/hyper_alpha_mean": 1.0, "fpem/hyper_delta_norm": 1.3383472646985735, "fpem/hyper_route_proto_mode_uniform_warmup": 1.0, "fpem/hyper_route_proto_mode_uniform_fixed": 0.0, "fpem/hyper_route_proto_mode_sinkhorn": 0.0, "fpem/hyper_route_proto_mode_softmax": 0.0, "fpem/fallback_q_mean": 0.0, "fpem/fallback_q_max": 0.0, "fpem/env_q_sum_mean": 0.0, "fpem/oracle_fallback_rate": 0.0, "fpem/route_count_fallback": 0.0, "fpem/env_route_head_mode": 1.0, "fpem/route_entropy_mean": 0.8827550104686193, "fpem/route_mean_distribution_entropy": 0.9095292812301999, "fpem/effective_expert_number": 2.4849608966282437, "fpem/max_expert_usage_ratio": 0.6833333333333333, "fpem/min_expert_usage_ratio": 0.0005952380952380953, "fpem/prototype_pairwise_cosine": 0.9648220380147298, "fpem/expert_prediction_pairwise_cosine": 0.9824543039004008, "fpem/expert_collapse_warning": 0.9714285714285714, "fpem/env_route_target_mode_env_prototype": 0.0, "fpem/env_route_target_mode_hybrid": 0.0, "fpem/env_route_hybrid_alpha": 0.0, "fpem/env_route_count_head_0": 10.571428571428571, "fpem/env_route_oracle_count_head_0": 7.942857142857143, "fpem/route_count_env_head_0": 10.571428571428571, "fpem/route_soft_mean_expert_0": 0.4911707599957784, "fpem/route_hard_count_expert_0": 10.571428571428571, "fpem/hard_count_expert_0": 0.0, "fpem/sinkhorn_soft_col_mass_expert_0": 0.0, "fpem/hyper_alpha_head_0": 1.0, "fpem/hyper_gamma_norm_head_0": 10.517990602765764, "fpem/hyper_beta_norm_head_0": 1.2859877166293916, "fpem/expert_cross_mae_group_0_expert_0": 0.0, "fpem/expert_cross_mae_group_0_expert_1": 0.0, "fpem/expert_cross_mae_group_0_expert_2": 0.0, "fpem/env_route_count_head_1": 0.009523809523809525, "fpem/env_route_oracle_count_head_1": 0.4095238095238095, "fpem/route_count_env_head_1": 0.009523809523809525, "fpem/route_soft_mean_expert_1": 0.07973002482737813, "fpem/route_hard_count_expert_1": 0.009523809523809525, "fpem/hard_count_expert_1": 0.0, "fpem/sinkhorn_soft_col_mass_expert_1": 0.0, "fpem/hyper_alpha_head_1": 1.0, "fpem/hyper_gamma_norm_head_1": 4.82061348869687, "fpem/hyper_beta_norm_head_1": 1.0397254501070294, "fpem/expert_cross_mae_group_1_expert_0": 0.0, "fpem/expert_cross_mae_group_1_expert_1": 0.0, "fpem/expert_cross_mae_group_1_expert_2": 0.0, "fpem/env_route_count_head_2": 5.419047619047619, "fpem/env_route_oracle_count_head_2": 7.647619047619048, "fpem/route_count_env_head_2": 5.419047619047619, "fpem/route_soft_mean_expert_2": 0.429099220321292, "fpem/route_hard_count_expert_2": 5.419047619047619, "fpem/hard_count_expert_2": 0.0, "fpem/sinkhorn_soft_col_mass_expert_2": 0.0, "fpem/hyper_alpha_head_2": 1.0, "fpem/hyper_gamma_norm_head_2": 10.857375290280297, "fpem/hyper_beta_norm_head_2": 1.3186873628979638, "fpem/expert_cross_mae_group_2_expert_0": 0.0, "fpem/expert_cross_mae_group_2_expert_1": 0.0, "fpem/expert_cross_mae_group_2_expert_2": 0.0, "fpem/future_mi_loss": 0.0, "fpem/future_mi_valid": 0.0, "fpem/future_mi_logvar_mean": 0.0, "fpem/future_mi_target_mode_env_encoder": 0.0, "fpem/swap_loss": 0.0, "fpem/swap_diff_loss": 0.0, "fpem/swap_same_loss": 0.0, "fpem/swap_gain_mean": 0.0, "fpem/swap_s_gain_mean": 0.0, "fpem/swap_fallback_router_loss": 0.0, "fpem/swap_fallback_q_mean": 0.0, "fpem/swap_prediction_delta": 0.0, "fpem/swap_route_delta": 0.0, "fpem/swap_hyper_alpha_delta": 0.0, "fpem/swap_hyper_delta_norm": 0.0, "fpem/loss_env_day": 0.0, "fpem/loss_env_hour": 0.0, "fpem/loss_env_rush": 0.0, "fpem/env_day_acc": 0.0, "fpem/env_hour_acc": 0.0, "fpem/env_rush_acc": 0.0, "fpem/loss_env_supcon": 0.0, "fpem/env_supcon_valid_pairs": 0.0, "fpem/loss_inv_env_adv": 0.0, "fpem/inv_day_acc": 0.0, "fpem/inv_hour_acc": 0.0, "fpem/inv_rush_acc": 0.0, "fpem/loss_cross_cov_sep": 0.0, "fpem/primary_loss": 14.184558922903879, "fpem/inv_pred_loss": 9.215882928030831, "fpem/primary_uses_route": 1.0, "fpem/primary_uses_env_fusion": 0.0, "fpem/backbone_agcrn": 1.0, "fpem/backbone_graphwavenet": 0.0, "fpem/backbone_staeformer": 0.0, "fpem/gc_pred_loss_only": 1.0, "fpem/env_route_head_mode_hyper_proto": 1.0, "fpem/fpem_force_uniform_route": 0.0, "fpem/hard_prediction_sinkhorn_total_replaces_primary": 0.0, "fpem/hard_prediction_environment_sinkhorn_total_replaces_primary": 0.0, "fpem/warmup_risk_sinkhorn_total_replaces_primary": 0.0, "fpem/progressive_gmm_environment_total_replaces_primary": 0.0, "fpem/lambda_club_mi": 0.0}}
EXPERT_COLLAPSE_WARNING epoch=5 zero_assignment_streak=69
EXPERT_COLLAPSE_WARNING epoch=5 zero_assignment_streak=70
EXPERT_COLLAPSE_WARNING epoch=5 zero_assignment_streak=71
EXPERT_COLLAPSE_WARNING epoch=5 zero_assignment_streak=72
EXPERT_COLLAPSE_WARNING epoch=5 zero_assignment_streak=73
EXPERT_COLLAPSE_WARNING epoch=5 zero_assignment_streak=74
EXPERT_COLLAPSE_WARNING epoch=5 zero_assignment_streak=75
EXPERT_COLLAPSE_WARNING epoch=5 zero_assignment_streak=76
EXPERT_COLLAPSE_WARNING epoch=5 zero_assignment_streak=77
EXPERT_COLLAPSE_WARNING epoch=5 zero_assignment_streak=78
EXPERT_COLLAPSE_WARNING epoch=5 zero_assignment_streak=79
EXPERT_COLLAPSE_WARNING epoch=5 zero_assignment_streak=80
EXPERT_COLLAPSE_WARNING epoch=5 zero_assignment_streak=81
EXPERT_COLLAPSE_WARNING epoch=5 zero_assignment_streak=82
EXPERT_COLLAPSE_WARNING epoch=5 zero_assignment_streak=83
EXPERT_COLLAPSE_WARNING epoch=5 zero_assignment_streak=84
EXPERT_COLLAPSE_WARNING epoch=5 zero_assignment_streak=85
EXPERT_COLLAPSE_WARNING epoch=5 zero_assignment_streak=86
EXPERT_COLLAPSE_WARNING epoch=5 zero_assignment_streak=87
EXPERT_COLLAPSE_WARNING epoch=5 zero_assignment_streak=88
EXPERT_COLLAPSE_WARNING epoch=5 zero_assignment_streak=89
EXPERT_COLLAPSE_WARNING epoch=5 zero_assignment_streak=90
EXPERT_COLLAPSE_WARNING epoch=5 zero_assignment_streak=91
EXPERT_COLLAPSE_WARNING epoch=5 zero_assignment_streak=92
EXPERT_COLLAPSE_WARNING epoch=5 zero_assignment_streak=93
EXPERT_COLLAPSE_WARNING epoch=5 zero_assignment_streak=94
EXPERT_COLLAPSE_WARNING epoch=5 zero_assignment_streak=95
EXPERT_COLLAPSE_WARNING epoch=5 zero_assignment_streak=96
EXPERT_COLLAPSE_WARNING epoch=5 zero_assignment_streak=97
EXPERT_COLLAPSE_WARNING epoch=5 zero_assignment_streak=98
EXPERT_COLLAPSE_WARNING epoch=5 zero_assignment_streak=99
EXPERT_COLLAPSE_WARNING epoch=5 zero_assignment_streak=100
EXPERT_COLLAPSE_WARNING epoch=5 zero_assignment_streak=101
EXPERT_COLLAPSE_WARNING epoch=5 zero_assignment_streak=102
EXPERT_COLLAPSE_WARNING epoch=5 zero_assignment_streak=103
EXPERT_COLLAPSE_WARNING epoch=5 zero_assignment_streak=104
EXPERT_COLLAPSE_WARNING epoch=5 zero_assignment_streak=105
EXPERT_COLLAPSE_WARNING epoch=5 zero_assignment_streak=106
EXPERT_COLLAPSE_WARNING epoch=5 zero_assignment_streak=107
EXPERT_COLLAPSE_WARNING epoch=5 zero_assignment_streak=108
EXPERT_COLLAPSE_WARNING epoch=5 zero_assignment_streak=109
EXPERT_COLLAPSE_WARNING epoch=5 zero_assignment_streak=110
EXPERT_COLLAPSE_WARNING epoch=5 zero_assignment_streak=111
EXPERT_COLLAPSE_WARNING epoch=5 zero_assignment_streak=112
EXPERT_COLLAPSE_WARNING epoch=5 zero_assignment_streak=113
EXPERT_COLLAPSE_WARNING epoch=5 zero_assignment_streak=114
EXPERT_COLLAPSE_WARNING epoch=5 zero_assignment_streak=115
EXPERT_COLLAPSE_WARNING epoch=5 zero_assignment_streak=116
EXPERT_COLLAPSE_WARNING epoch=5 zero_assignment_streak=117
EXPERT_COLLAPSE_WARNING epoch=5 zero_assignment_streak=118
EXPERT_COLLAPSE_WARNING epoch=5 zero_assignment_streak=119
EXPERT_COLLAPSE_WARNING epoch=5 zero_assignment_streak=120
EXPERT_COLLAPSE_WARNING epoch=5 zero_assignment_streak=121
EXPERT_COLLAPSE_WARNING epoch=5 zero_assignment_streak=122
EXPERT_COLLAPSE_WARNING epoch=5 zero_assignment_streak=123
EXPERT_COLLAPSE_WARNING epoch=5 zero_assignment_streak=124
EXPERT_COLLAPSE_WARNING epoch=5 zero_assignment_streak=125
EXPERT_COLLAPSE_WARNING epoch=5 zero_assignment_streak=126
EXPERT_COLLAPSE_WARNING epoch=5 zero_assignment_streak=127
EXPERT_COLLAPSE_WARNING epoch=5 zero_assignment_streak=128
EXPERT_COLLAPSE_WARNING epoch=5 zero_assignment_streak=129
EXPERT_COLLAPSE_WARNING epoch=5 zero_assignment_streak=130
EXPERT_COLLAPSE_WARNING epoch=5 zero_assignment_streak=131
EXPERT_COLLAPSE_WARNING epoch=5 zero_assignment_streak=132
EXPERT_COLLAPSE_WARNING epoch=5 zero_assignment_streak=133
EXPERT_COLLAPSE_WARNING epoch=5 zero_assignment_streak=134
EXPERT_COLLAPSE_WARNING epoch=5 zero_assignment_streak=135
EXPERT_COLLAPSE_WARNING epoch=5 zero_assignment_streak=136
EXPERT_COLLAPSE_WARNING epoch=5 zero_assignment_streak=137
EXPERT_COLLAPSE_WARNING epoch=5 zero_assignment_streak=138
EXPERT_COLLAPSE_WARNING epoch=5 zero_assignment_streak=139
EXPERT_COLLAPSE_WARNING epoch=5 zero_assignment_streak=140
EXPERT_COLLAPSE_WARNING epoch=5 zero_assignment_streak=141
EXPERT_COLLAPSE_WARNING epoch=5 zero_assignment_streak=142
EXPERT_COLLAPSE_WARNING epoch=5 zero_assignment_streak=143
EXPERT_COLLAPSE_WARNING epoch=5 zero_assignment_streak=144
EXPERT_COLLAPSE_WARNING epoch=5 zero_assignment_streak=145
EXPERT_COLLAPSE_WARNING epoch=5 zero_assignment_streak=146
EXPERT_COLLAPSE_WARNING epoch=5 zero_assignment_streak=147
EXPERT_COLLAPSE_WARNING epoch=5 zero_assignment_streak=148
EXPERT_COLLAPSE_WARNING epoch=5 zero_assignment_streak=149
EXPERT_COLLAPSE_WARNING epoch=5 zero_assignment_streak=150
EXPERT_COLLAPSE_WARNING epoch=5 zero_assignment_streak=151
EXPERT_COLLAPSE_WARNING epoch=5 zero_assignment_streak=152
EXPERT_COLLAPSE_WARNING epoch=5 zero_assignment_streak=153
EXPERT_COLLAPSE_WARNING epoch=5 zero_assignment_streak=154
EXPERT_COLLAPSE_WARNING epoch=5 zero_assignment_streak=155
EXPERT_COLLAPSE_WARNING epoch=5 zero_assignment_streak=156
EXPERT_COLLAPSE_WARNING epoch=5 zero_assignment_streak=157
EXPERT_COLLAPSE_WARNING epoch=5 zero_assignment_streak=158
EXPERT_COLLAPSE_WARNING epoch=5 zero_assignment_streak=159
EXPERT_COLLAPSE_WARNING epoch=5 zero_assignment_streak=160
EXPERT_COLLAPSE_WARNING epoch=5 zero_assignment_streak=161
EXPERT_COLLAPSE_WARNING epoch=5 zero_assignment_streak=162
EXPERT_COLLAPSE_WARNING epoch=5 zero_assignment_streak=163
EXPERT_COLLAPSE_WARNING epoch=5 zero_assignment_streak=164
EXPERT_COLLAPSE_WARNING epoch=5 zero_assignment_streak=165
EXPERT_COLLAPSE_WARNING epoch=5 zero_assignment_streak=166
EXPERT_COLLAPSE_WARNING epoch=5 zero_assignment_streak=167
EXPERT_COLLAPSE_WARNING epoch=5 zero_assignment_streak=168
EXPERT_COLLAPSE_WARNING epoch=5 zero_assignment_streak=169
EXPERT_COLLAPSE_WARNING epoch=5 zero_assignment_streak=170
EXPERT_COLLAPSE_WARNING epoch=5 zero_assignment_streak=171
EXPERT_COLLAPSE_WARNING epoch=5 zero_assignment_streak=172
EXPERT_COLLAPSE_WARNING epoch=5 zero_assignment_streak=173
EPOCH {"epoch": 5, "train_loss": 38.423175284976054, "val": {"loss": 19.556372589535183, "mae": 18.68680763244629, "mape": 0.572239875793457}, "test_mixed": {"loss": NaN, "mae": NaN, "mape": NaN}, "test_workday": {"loss": NaN, "mae": NaN, "mape": NaN}, "test_holiday": {"loss": NaN, "mae": NaN, "mape": NaN}, "test_avg_mae": NaN, "lr": 0.001, "fpem_logs": {"fpem/fpem_env_use_exogenous": 1.0, "fpem/env_exogenous_available": 1.0, "fpem/env_exogenous_time_available": 1.0, "fpem/env_exogenous_load_available": 1.0, "fpem/env_exogenous_feature_dim": 32.0, "fpem/env_exogenous_embedding_norm": 2.5840189570472356, "fpem/env_exogenous_load_embedding_norm": 1.755891846475147, "fpem/env_rep_ablation_normal": 1.0, "fpem/env_rep_ablation_zero": 0.0, "fpem/env_rep_ablation_shuffle_batch": 0.0, "fpem/env_rep_ablation_mode_id": 0.0, "fpem/mask_loss": 0.0, "fpem/mask_sparse_loss": 0.0, "fpem/mask_entropy_loss": 0.0, "fpem/mask_mean": 1.0, "fpem/mask_entropy": 0.0, "fpem/mask_active_ratio": 1.0, "fpem/fusion_alpha_mean": 0.0, "fpem/fusion_alpha_std": 0.0, "fpem/fusion_alpha_min": 0.0, "fpem/fusion_alpha_max": 0.0, "fpem/env_route_loss": 24.51923495701381, "fpem/env_route_L_final": 13.971648552304222, "fpem/env_route_L_global": 9.219015811738513, "fpem/env_route_L_route_soft": 13.971648552304222, "fpem/env_route_L_expert": 14.327980640956334, "fpem/env_route_L_router_oracle": 0.6830272004717872, "fpem/env_route_L_balance": 0.03506764946948914, "fpem/env_route_L_diverse": 0.9802652654193696, "fpem/env_route_L_proto_align": -0.9973202955155146, "fpem/env_route_entropy": 0.8736404577891032, "fpem/env_route_q_max_mean": 0.5196957693213509, "fpem/env_route_train_mode_gradient_compat": 0.0, "fpem/env_route_train_mode_hard_prediction_sinkhorn": 0.0, "fpem/env_route_gradient_compat_aux": 0.0, "fpem/hard_sinkhorn_enabled": 0.0, "fpem/sinkhorn_soft_entropy": 0.0, "fpem/sinkhorn_selected_loss": 0.0, "fpem/router_assignment_accuracy": 0.0, "fpem/router_assignment_agreement": 0.0, "fpem/oracle_hard_mae": 0.0, "fpem/router_hard_mae": 0.0, "fpem/router_regret": 0.0, "fpem/hard_sinkhorn_balance_repaired": 0.0, "fpem/sinkhorn_soft_row_sum_mean": 0.0, "fpem/hyper_alpha_mean": 1.0, "fpem/hyper_delta_norm": 1.3961264984948294, "fpem/hyper_route_proto_mode_uniform_warmup": 1.0, "fpem/hyper_route_proto_mode_uniform_fixed": 0.0, "fpem/hyper_route_proto_mode_sinkhorn": 0.0, "fpem/hyper_route_proto_mode_softmax": 0.0, "fpem/fallback_q_mean": 0.0, "fpem/fallback_q_max": 0.0, "fpem/env_q_sum_mean": 0.0, "fpem/oracle_fallback_rate": 0.0, "fpem/route_count_fallback": 0.0, "fpem/env_route_head_mode": 1.0, "fpem/route_entropy_mean": 0.8736404577891032, "fpem/route_mean_distribution_entropy": 0.8979735470953442, "fpem/effective_expert_number": 2.4558798086075555, "fpem/max_expert_usage_ratio": 0.6958333333333333, "fpem/min_expert_usage_ratio": 0.0, "fpem/prototype_pairwise_cosine": 0.9949864523751395, "fpem/expert_prediction_pairwise_cosine": 0.9802652654193696, "fpem/expert_collapse_warning": 1.0, "fpem/env_route_target_mode_env_prototype": 0.0, "fpem/env_route_target_mode_hybrid": 0.0, "fpem/env_route_hybrid_alpha": 0.0, "fpem/env_route_count_head_0": 9.41904761904762, "fpem/env_route_oracle_count_head_0": 8.038095238095238, "fpem/route_count_env_head_0": 9.41904761904762, "fpem/route_soft_mean_expert_0": 0.47932177044096447, "fpem/route_hard_count_expert_0": 9.41904761904762, "fpem/hard_count_expert_0": 0.0, "fpem/sinkhorn_soft_col_mass_expert_0": 0.0, "fpem/hyper_alpha_head_0": 1.0, "fpem/hyper_gamma_norm_head_0": 10.74617217835926, "fpem/hyper_beta_norm_head_0": 1.2286990358715966, "fpem/expert_cross_mae_group_0_expert_0": 0.0, "fpem/expert_cross_mae_group_0_expert_1": 0.0, "fpem/expert_cross_mae_group_0_expert_2": 0.0, "fpem/env_route_count_head_1": 0.0, "fpem/env_route_oracle_count_head_1": 0.3333333333333333, "fpem/route_count_env_head_1": 0.0, "fpem/route_soft_mean_expert_1": 0.07260576859116555, "fpem/route_hard_count_expert_1": 0.0, "fpem/hard_count_expert_1": 0.0, "fpem/sinkhorn_soft_col_mass_expert_1": 0.0, "fpem/hyper_alpha_head_1": 1.0, "fpem/hyper_gamma_norm_head_1": 5.063155682881673, "fpem/hyper_beta_norm_head_1": 0.9854031710397629, "fpem/expert_cross_mae_group_1_expert_0": 0.0, "fpem/expert_cross_mae_group_1_expert_1": 0.0, "fpem/expert_cross_mae_group_1_expert_2": 0.0, "fpem/env_route_count_head_2": 6.580952380952381, "fpem/env_route_oracle_count_head_2": 7.628571428571429, "fpem/route_count_env_head_2": 6.580952380952381, "fpem/route_soft_mean_expert_2": 0.4480724655446552, "fpem/route_hard_count_expert_2": 6.580952380952381, "fpem/hard_count_expert_2": 0.0, "fpem/sinkhorn_soft_col_mass_expert_2": 0.0, "fpem/hyper_alpha_head_2": 1.0, "fpem/hyper_gamma_norm_head_2": 11.048579742794946, "fpem/hyper_beta_norm_head_2": 1.2568671203794934, "fpem/expert_cross_mae_group_2_expert_0": 0.0, "fpem/expert_cross_mae_group_2_expert_1": 0.0, "fpem/expert_cross_mae_group_2_expert_2": 0.0, "fpem/future_mi_loss": 0.0, "fpem/future_mi_valid": 0.0, "fpem/future_mi_logvar_mean": 0.0, "fpem/future_mi_target_mode_env_encoder": 0.0, "fpem/swap_loss": 0.0, "fpem/swap_diff_loss": 0.0, "fpem/swap_same_loss": 0.0, "fpem/swap_gain_mean": 0.0, "fpem/swap_s_gain_mean": 0.0, "fpem/swap_fallback_router_loss": 0.0, "fpem/swap_fallback_q_mean": 0.0, "fpem/swap_prediction_delta": 0.0, "fpem/swap_route_delta": 0.0, "fpem/swap_hyper_alpha_delta": 0.0, "fpem/swap_hyper_delta_norm": 0.0, "fpem/loss_env_day": 0.0, "fpem/loss_env_hour": 0.0, "fpem/loss_env_rush": 0.0, "fpem/env_day_acc": 0.0, "fpem/env_hour_acc": 0.0, "fpem/env_rush_acc": 0.0, "fpem/loss_env_supcon": 0.0, "fpem/env_supcon_valid_pairs": 0.0, "fpem/loss_inv_env_adv": 0.0, "fpem/inv_day_acc": 0.0, "fpem/inv_hour_acc": 0.0, "fpem/inv_rush_acc": 0.0, "fpem/loss_cross_cov_sep": 0.0, "fpem/primary_loss": 13.971648552304222, "fpem/inv_pred_loss": 9.219015811738513, "fpem/primary_uses_route": 1.0, "fpem/primary_uses_env_fusion": 0.0, "fpem/backbone_agcrn": 1.0, "fpem/backbone_graphwavenet": 0.0, "fpem/backbone_staeformer": 0.0, "fpem/gc_pred_loss_only": 1.0, "fpem/env_route_head_mode_hyper_proto": 1.0, "fpem/fpem_force_uniform_route": 0.0, "fpem/hard_prediction_sinkhorn_total_replaces_primary": 0.0, "fpem/hard_prediction_environment_sinkhorn_total_replaces_primary": 0.0, "fpem/warmup_risk_sinkhorn_total_replaces_primary": 0.0, "fpem/progressive_gmm_environment_total_replaces_primary": 0.0, "fpem/lambda_club_mi": 0.0}}
EXPERT_COLLAPSE_WARNING epoch=6 zero_assignment_streak=174
EXPERT_COLLAPSE_WARNING epoch=6 zero_assignment_streak=175
EXPERT_COLLAPSE_WARNING epoch=6 zero_assignment_streak=176
EXPERT_COLLAPSE_WARNING epoch=6 zero_assignment_streak=177
EXPERT_COLLAPSE_WARNING epoch=6 zero_assignment_streak=178
EXPERT_COLLAPSE_WARNING epoch=6 zero_assignment_streak=179
EXPERT_COLLAPSE_WARNING epoch=6 zero_assignment_streak=180
EXPERT_COLLAPSE_WARNING epoch=6 zero_assignment_streak=181
EXPERT_COLLAPSE_WARNING epoch=6 zero_assignment_streak=182
EXPERT_COLLAPSE_WARNING epoch=6 zero_assignment_streak=183
EXPERT_COLLAPSE_WARNING epoch=6 zero_assignment_streak=184
EXPERT_COLLAPSE_WARNING epoch=6 zero_assignment_streak=185
EXPERT_COLLAPSE_WARNING epoch=6 zero_assignment_streak=186
EXPERT_COLLAPSE_WARNING epoch=6 zero_assignment_streak=187
EXPERT_COLLAPSE_WARNING epoch=6 zero_assignment_streak=188
EXPERT_COLLAPSE_WARNING epoch=6 zero_assignment_streak=189
EXPERT_COLLAPSE_WARNING epoch=6 zero_assignment_streak=190
EXPERT_COLLAPSE_WARNING epoch=6 zero_assignment_streak=191
EXPERT_COLLAPSE_WARNING epoch=6 zero_assignment_streak=192
EXPERT_COLLAPSE_WARNING epoch=6 zero_assignment_streak=193
EXPERT_COLLAPSE_WARNING epoch=6 zero_assignment_streak=194
EXPERT_COLLAPSE_WARNING epoch=6 zero_assignment_streak=195
EXPERT_COLLAPSE_WARNING epoch=6 zero_assignment_streak=196
EXPERT_COLLAPSE_WARNING epoch=6 zero_assignment_streak=197
EXPERT_COLLAPSE_WARNING epoch=6 zero_assignment_streak=198
EXPERT_COLLAPSE_WARNING epoch=6 zero_assignment_streak=199
EXPERT_COLLAPSE_WARNING epoch=6 zero_assignment_streak=200
EXPERT_COLLAPSE_WARNING epoch=6 zero_assignment_streak=201
EXPERT_COLLAPSE_WARNING epoch=6 zero_assignment_streak=202
EXPERT_COLLAPSE_WARNING epoch=6 zero_assignment_streak=203
EXPERT_COLLAPSE_WARNING epoch=6 zero_assignment_streak=204
EXPERT_COLLAPSE_WARNING epoch=6 zero_assignment_streak=205
EXPERT_COLLAPSE_WARNING epoch=6 zero_assignment_streak=206
EXPERT_COLLAPSE_WARNING epoch=6 zero_assignment_streak=207
EXPERT_COLLAPSE_WARNING epoch=6 zero_assignment_streak=208
EXPERT_COLLAPSE_WARNING epoch=6 zero_assignment_streak=209
EXPERT_COLLAPSE_WARNING epoch=6 zero_assignment_streak=210
EXPERT_COLLAPSE_WARNING epoch=6 zero_assignment_streak=211
EXPERT_COLLAPSE_WARNING epoch=6 zero_assignment_streak=212
EXPERT_COLLAPSE_WARNING epoch=6 zero_assignment_streak=213
EXPERT_COLLAPSE_WARNING epoch=6 zero_assignment_streak=214
EXPERT_COLLAPSE_WARNING epoch=6 zero_assignment_streak=215
EXPERT_COLLAPSE_WARNING epoch=6 zero_assignment_streak=216
EXPERT_COLLAPSE_WARNING epoch=6 zero_assignment_streak=217
EXPERT_COLLAPSE_WARNING epoch=6 zero_assignment_streak=218
EXPERT_COLLAPSE_WARNING epoch=6 zero_assignment_streak=219
EXPERT_COLLAPSE_WARNING epoch=6 zero_assignment_streak=220
EXPERT_COLLAPSE_WARNING epoch=6 zero_assignment_streak=221
EXPERT_COLLAPSE_WARNING epoch=6 zero_assignment_streak=222
EXPERT_COLLAPSE_WARNING epoch=6 zero_assignment_streak=223
EXPERT_COLLAPSE_WARNING epoch=6 zero_assignment_streak=224
EXPERT_COLLAPSE_WARNING epoch=6 zero_assignment_streak=225
EXPERT_COLLAPSE_WARNING epoch=6 zero_assignment_streak=226
EXPERT_COLLAPSE_WARNING epoch=6 zero_assignment_streak=227
EXPERT_COLLAPSE_WARNING epoch=6 zero_assignment_streak=228
EXPERT_COLLAPSE_WARNING epoch=6 zero_assignment_streak=229
EXPERT_COLLAPSE_WARNING epoch=6 zero_assignment_streak=230
EXPERT_COLLAPSE_WARNING epoch=6 zero_assignment_streak=231
EXPERT_COLLAPSE_WARNING epoch=6 zero_assignment_streak=232
EXPERT_COLLAPSE_WARNING epoch=6 zero_assignment_streak=233
EXPERT_COLLAPSE_WARNING epoch=6 zero_assignment_streak=234
EXPERT_COLLAPSE_WARNING epoch=6 zero_assignment_streak=235
EXPERT_COLLAPSE_WARNING epoch=6 zero_assignment_streak=236
EXPERT_COLLAPSE_WARNING epoch=6 zero_assignment_streak=237
EXPERT_COLLAPSE_WARNING epoch=6 zero_assignment_streak=238
EXPERT_COLLAPSE_WARNING epoch=6 zero_assignment_streak=239
EXPERT_COLLAPSE_WARNING epoch=6 zero_assignment_streak=240
EXPERT_COLLAPSE_WARNING epoch=6 zero_assignment_streak=241
EXPERT_COLLAPSE_WARNING epoch=6 zero_assignment_streak=242
EXPERT_COLLAPSE_WARNING epoch=6 zero_assignment_streak=243
EXPERT_COLLAPSE_WARNING epoch=6 zero_assignment_streak=244
EXPERT_COLLAPSE_WARNING epoch=6 zero_assignment_streak=245
EXPERT_COLLAPSE_WARNING epoch=6 zero_assignment_streak=246
EXPERT_COLLAPSE_WARNING epoch=6 zero_assignment_streak=247
EXPERT_COLLAPSE_WARNING epoch=6 zero_assignment_streak=248
EXPERT_COLLAPSE_WARNING epoch=6 zero_assignment_streak=249
EXPERT_COLLAPSE_WARNING epoch=6 zero_assignment_streak=250
EXPERT_COLLAPSE_WARNING epoch=6 zero_assignment_streak=251
EXPERT_COLLAPSE_WARNING epoch=6 zero_assignment_streak=252
EXPERT_COLLAPSE_WARNING epoch=6 zero_assignment_streak=253
EXPERT_COLLAPSE_WARNING epoch=6 zero_assignment_streak=254
EXPERT_COLLAPSE_WARNING epoch=6 zero_assignment_streak=255
EXPERT_COLLAPSE_WARNING epoch=6 zero_assignment_streak=256
EXPERT_COLLAPSE_WARNING epoch=6 zero_assignment_streak=257
EXPERT_COLLAPSE_WARNING epoch=6 zero_assignment_streak=258
EXPERT_COLLAPSE_WARNING epoch=6 zero_assignment_streak=259
EXPERT_COLLAPSE_WARNING epoch=6 zero_assignment_streak=260
EXPERT_COLLAPSE_WARNING epoch=6 zero_assignment_streak=261
EXPERT_COLLAPSE_WARNING epoch=6 zero_assignment_streak=262
EXPERT_COLLAPSE_WARNING epoch=6 zero_assignment_streak=263
EXPERT_COLLAPSE_WARNING epoch=6 zero_assignment_streak=264
EXPERT_COLLAPSE_WARNING epoch=6 zero_assignment_streak=265
EXPERT_COLLAPSE_WARNING epoch=6 zero_assignment_streak=266
EXPERT_COLLAPSE_WARNING epoch=6 zero_assignment_streak=267
EXPERT_COLLAPSE_WARNING epoch=6 zero_assignment_streak=268
EXPERT_COLLAPSE_WARNING epoch=6 zero_assignment_streak=269
EXPERT_COLLAPSE_WARNING epoch=6 zero_assignment_streak=270
EXPERT_COLLAPSE_WARNING epoch=6 zero_assignment_streak=271
EXPERT_COLLAPSE_WARNING epoch=6 zero_assignment_streak=272
EXPERT_COLLAPSE_WARNING epoch=6 zero_assignment_streak=273
EXPERT_COLLAPSE_WARNING epoch=6 zero_assignment_streak=274
EXPERT_COLLAPSE_WARNING epoch=6 zero_assignment_streak=275
EXPERT_COLLAPSE_WARNING epoch=6 zero_assignment_streak=276
EXPERT_COLLAPSE_WARNING epoch=6 zero_assignment_streak=277
EXPERT_COLLAPSE_WARNING epoch=6 zero_assignment_streak=278
EPOCH {"epoch": 6, "train_loss": 34.85396476018997, "val": {"loss": 17.029481834835476, "mae": 16.404489517211914, "mape": 0.41568851470947266}, "test_mixed": {"loss": NaN, "mae": NaN, "mape": NaN}, "test_workday": {"loss": NaN, "mae": NaN, "mape": NaN}, "test_holiday": {"loss": NaN, "mae": NaN, "mape": NaN}, "test_avg_mae": NaN, "lr": 0.001, "fpem_logs": {"fpem/fpem_env_use_exogenous": 1.0, "fpem/env_exogenous_available": 1.0, "fpem/env_exogenous_time_available": 1.0, "fpem/env_exogenous_load_available": 1.0, "fpem/env_exogenous_feature_dim": 32.0, "fpem/env_exogenous_embedding_norm": 2.5965055851709273, "fpem/env_exogenous_load_embedding_norm": 1.7731251591727848, "fpem/env_rep_ablation_normal": 1.0, "fpem/env_rep_ablation_zero": 0.0, "fpem/env_rep_ablation_shuffle_batch": 0.0, "fpem/env_rep_ablation_mode_id": 0.0, "fpem/mask_loss": 0.0, "fpem/mask_sparse_loss": 0.0, "fpem/mask_entropy_loss": 0.0, "fpem/mask_mean": 1.0, "fpem/mask_entropy": 0.0, "fpem/mask_active_ratio": 1.0, "fpem/fusion_alpha_mean": 0.0, "fpem/fusion_alpha_std": 0.0, "fpem/fusion_alpha_min": 0.0, "fpem/fusion_alpha_max": 0.0, "fpem/env_route_loss": 22.232174028669085, "fpem/env_route_L_final": 12.657779848007928, "fpem/env_route_L_global": 9.222017637888591, "fpem/env_route_L_route_soft": 12.657779848007928, "fpem/env_route_L_expert": 12.947307959057035, "fpem/env_route_L_router_oracle": 0.6424449682235718, "fpem/env_route_L_balance": 0.03946300679374309, "fpem/env_route_L_diverse": 0.9824531594912211, "fpem/env_route_L_proto_align": -0.99979403983979, "fpem/env_route_entropy": 0.8524381898698352, "fpem/env_route_q_max_mean": 0.5282458674340021, "fpem/env_route_train_mode_gradient_compat": 0.0, "fpem/env_route_train_mode_hard_prediction_sinkhorn": 0.0, "fpem/env_route_gradient_compat_aux": 0.0, "fpem/hard_sinkhorn_enabled": 0.0, "fpem/sinkhorn_soft_entropy": 0.0, "fpem/sinkhorn_selected_loss": 0.0, "fpem/router_assignment_accuracy": 0.0, "fpem/router_assignment_agreement": 0.0, "fpem/oracle_hard_mae": 0.0, "fpem/router_hard_mae": 0.0, "fpem/router_regret": 0.0, "fpem/hard_sinkhorn_balance_repaired": 0.0, "fpem/sinkhorn_soft_row_sum_mean": 0.0, "fpem/hyper_alpha_mean": 1.0, "fpem/hyper_delta_norm": 1.4211631070999873, "fpem/hyper_route_proto_mode_uniform_warmup": 0.0, "fpem/hyper_route_proto_mode_uniform_fixed": 0.0, "fpem/hyper_route_proto_mode_sinkhorn": 0.0, "fpem/hyper_route_proto_mode_softmax": 1.0, "fpem/fallback_q_mean": 0.0, "fpem/fallback_q_max": 0.0, "fpem/env_q_sum_mean": 0.0, "fpem/oracle_fallback_rate": 0.0, "fpem/route_count_fallback": 0.0, "fpem/env_route_head_mode": 1.0, "fpem/route_entropy_mean": 0.8524381898698352, "fpem/route_mean_distribution_entropy": 0.8698234069915045, "fpem/effective_expert_number": 2.387291887828282, "fpem/max_expert_usage_ratio": 0.7785714285714286, "fpem/min_expert_usage_ratio": 0.0, "fpem/prototype_pairwise_cosine": 0.9996786282176063, "fpem/expert_prediction_pairwise_cosine": 0.9824531594912211, "fpem/expert_collapse_warning": 1.0, "fpem/env_route_target_mode_env_prototype": 0.0, "fpem/env_route_target_mode_hybrid": 0.0, "fpem/env_route_hybrid_alpha": 0.0, "fpem/env_route_count_head_0": 7.923809523809524, "fpem/env_route_oracle_count_head_0": 7.866666666666666, "fpem/route_count_env_head_0": 7.923809523809524, "fpem/route_soft_mean_expert_0": 0.47047598163286847, "fpem/route_hard_count_expert_0": 7.923809523809524, "fpem/hard_count_expert_0": 0.0, "fpem/sinkhorn_soft_col_mass_expert_0": 0.0, "fpem/hyper_alpha_head_0": 1.0, "fpem/hyper_gamma_norm_head_0": 10.91961619967506, "fpem/hyper_beta_norm_head_0": 1.1867068665368217, "fpem/expert_cross_mae_group_0_expert_0": 0.0, "fpem/expert_cross_mae_group_0_expert_1": 0.0, "fpem/expert_cross_mae_group_0_expert_2": 0.0, "fpem/env_route_count_head_1": 0.0, "fpem/env_route_oracle_count_head_1": 0.0380952380952381, "fpem/route_count_env_head_1": 0.0, "fpem/route_soft_mean_expert_1": 0.0592931506889207, "fpem/route_hard_count_expert_1": 0.0, "fpem/hard_count_expert_1": 0.0, "fpem/sinkhorn_soft_col_mass_expert_1": 0.0, "fpem/hyper_alpha_head_1": 1.0, "fpem/hyper_gamma_norm_head_1": 5.340928109486898, "fpem/hyper_beta_norm_head_1": 0.9636739163171677, "fpem/expert_cross_mae_group_1_expert_0": 0.0, "fpem/expert_cross_mae_group_1_expert_1": 0.0, "fpem/expert_cross_mae_group_1_expert_2": 0.0, "fpem/env_route_count_head_2": 8.076190476190476, "fpem/env_route_oracle_count_head_2": 8.095238095238095, "fpem/route_count_env_head_2": 8.076190476190476, "fpem/route_soft_mean_expert_2": 0.47023087910243444, "fpem/route_hard_count_expert_2": 8.076190476190476, "fpem/hard_count_expert_2": 0.0, "fpem/sinkhorn_soft_col_mass_expert_2": 0.0, "fpem/hyper_alpha_head_2": 1.0, "fpem/hyper_gamma_norm_head_2": 10.978324354262579, "fpem/hyper_beta_norm_head_2": 1.1830243099303472, "fpem/expert_cross_mae_group_2_expert_0": 0.0, "fpem/expert_cross_mae_group_2_expert_1": 0.0, "fpem/expert_cross_mae_group_2_expert_2": 0.0, "fpem/future_mi_loss": 0.0, "fpem/future_mi_valid": 0.0, "fpem/future_mi_logvar_mean": 0.0, "fpem/future_mi_target_mode_env_encoder": 0.0, "fpem/swap_loss": 0.0, "fpem/swap_diff_loss": 0.0, "fpem/swap_same_loss": 0.0, "fpem/swap_gain_mean": 0.0, "fpem/swap_s_gain_mean": 0.0, "fpem/swap_fallback_router_loss": 0.0, "fpem/swap_fallback_q_mean": 0.0, "fpem/swap_prediction_delta": 0.0, "fpem/swap_route_delta": 0.0, "fpem/swap_hyper_alpha_delta": 0.0, "fpem/swap_hyper_delta_norm": 0.0, "fpem/loss_env_day": 0.0, "fpem/loss_env_hour": 0.0, "fpem/loss_env_rush": 0.0, "fpem/env_day_acc": 0.0, "fpem/env_hour_acc": 0.0, "fpem/env_rush_acc": 0.0, "fpem/loss_env_supcon": 0.0, "fpem/env_supcon_valid_pairs": 0.0, "fpem/loss_inv_env_adv": 0.0, "fpem/inv_day_acc": 0.0, "fpem/inv_hour_acc": 0.0, "fpem/inv_rush_acc": 0.0, "fpem/loss_cross_cov_sep": 0.0, "fpem/primary_loss": 12.657779848007928, "fpem/inv_pred_loss": 9.222017637888591, "fpem/primary_uses_route": 1.0, "fpem/primary_uses_env_fusion": 0.0, "fpem/backbone_agcrn": 1.0, "fpem/backbone_graphwavenet": 0.0, "fpem/backbone_staeformer": 0.0, "fpem/gc_pred_loss_only": 1.0, "fpem/env_route_head_mode_hyper_proto": 1.0, "fpem/fpem_force_uniform_route": 0.0, "fpem/hard_prediction_sinkhorn_total_replaces_primary": 0.0, "fpem/hard_prediction_environment_sinkhorn_total_replaces_primary": 0.0, "fpem/warmup_risk_sinkhorn_total_replaces_primary": 0.0, "fpem/progressive_gmm_environment_total_replaces_primary": 0.0, "fpem/lambda_club_mi": 0.0}}
EXPERT_COLLAPSE_WARNING epoch=7 zero_assignment_streak=279
EXPERT_COLLAPSE_WARNING epoch=7 zero_assignment_streak=280
EXPERT_COLLAPSE_WARNING epoch=7 zero_assignment_streak=281
EXPERT_COLLAPSE_WARNING epoch=7 zero_assignment_streak=282
EXPERT_COLLAPSE_WARNING epoch=7 zero_assignment_streak=283
EXPERT_COLLAPSE_WARNING epoch=7 zero_assignment_streak=284
EXPERT_COLLAPSE_WARNING epoch=7 zero_assignment_streak=285
EXPERT_COLLAPSE_WARNING epoch=7 zero_assignment_streak=286
EXPERT_COLLAPSE_WARNING epoch=7 zero_assignment_streak=287
EXPERT_COLLAPSE_WARNING epoch=7 zero_assignment_streak=288
EXPERT_COLLAPSE_WARNING epoch=7 zero_assignment_streak=289
EXPERT_COLLAPSE_WARNING epoch=7 zero_assignment_streak=290
EXPERT_COLLAPSE_WARNING epoch=7 zero_assignment_streak=291
EXPERT_COLLAPSE_WARNING epoch=7 zero_assignment_streak=292
EXPERT_COLLAPSE_WARNING epoch=7 zero_assignment_streak=293
EXPERT_COLLAPSE_WARNING epoch=7 zero_assignment_streak=294
EXPERT_COLLAPSE_WARNING epoch=7 zero_assignment_streak=295
EXPERT_COLLAPSE_WARNING epoch=7 zero_assignment_streak=296
EXPERT_COLLAPSE_WARNING epoch=7 zero_assignment_streak=297
EXPERT_COLLAPSE_WARNING epoch=7 zero_assignment_streak=298
EXPERT_COLLAPSE_WARNING epoch=7 zero_assignment_streak=299
EXPERT_COLLAPSE_WARNING epoch=7 zero_assignment_streak=300
EXPERT_COLLAPSE_WARNING epoch=7 zero_assignment_streak=301
EXPERT_COLLAPSE_WARNING epoch=7 zero_assignment_streak=302
EXPERT_COLLAPSE_WARNING epoch=7 zero_assignment_streak=303
EXPERT_COLLAPSE_WARNING epoch=7 zero_assignment_streak=304
EXPERT_COLLAPSE_WARNING epoch=7 zero_assignment_streak=305
EXPERT_COLLAPSE_WARNING epoch=7 zero_assignment_streak=306
EXPERT_COLLAPSE_WARNING epoch=7 zero_assignment_streak=307
EXPERT_COLLAPSE_WARNING epoch=7 zero_assignment_streak=308
EXPERT_COLLAPSE_WARNING epoch=7 zero_assignment_streak=309
EXPERT_COLLAPSE_WARNING epoch=7 zero_assignment_streak=310
EXPERT_COLLAPSE_WARNING epoch=7 zero_assignment_streak=311
EXPERT_COLLAPSE_WARNING epoch=7 zero_assignment_streak=312
EXPERT_COLLAPSE_WARNING epoch=7 zero_assignment_streak=313
EXPERT_COLLAPSE_WARNING epoch=7 zero_assignment_streak=314
EXPERT_COLLAPSE_WARNING epoch=7 zero_assignment_streak=315
EXPERT_COLLAPSE_WARNING epoch=7 zero_assignment_streak=316
EXPERT_COLLAPSE_WARNING epoch=7 zero_assignment_streak=317
EXPERT_COLLAPSE_WARNING epoch=7 zero_assignment_streak=318
EXPERT_COLLAPSE_WARNING epoch=7 zero_assignment_streak=319
EXPERT_COLLAPSE_WARNING epoch=7 zero_assignment_streak=320
EXPERT_COLLAPSE_WARNING epoch=7 zero_assignment_streak=321
EXPERT_COLLAPSE_WARNING epoch=7 zero_assignment_streak=322
EXPERT_COLLAPSE_WARNING epoch=7 zero_assignment_streak=323
EXPERT_COLLAPSE_WARNING epoch=7 zero_assignment_streak=324
EXPERT_COLLAPSE_WARNING epoch=7 zero_assignment_streak=325
EXPERT_COLLAPSE_WARNING epoch=7 zero_assignment_streak=326
EXPERT_COLLAPSE_WARNING epoch=7 zero_assignment_streak=327
EXPERT_COLLAPSE_WARNING epoch=7 zero_assignment_streak=328
EXPERT_COLLAPSE_WARNING epoch=7 zero_assignment_streak=329
EXPERT_COLLAPSE_WARNING epoch=7 zero_assignment_streak=330
EXPERT_COLLAPSE_WARNING epoch=7 zero_assignment_streak=331
EXPERT_COLLAPSE_WARNING epoch=7 zero_assignment_streak=332
EXPERT_COLLAPSE_WARNING epoch=7 zero_assignment_streak=333
EXPERT_COLLAPSE_WARNING epoch=7 zero_assignment_streak=334
EXPERT_COLLAPSE_WARNING epoch=7 zero_assignment_streak=335
EXPERT_COLLAPSE_WARNING epoch=7 zero_assignment_streak=336
EXPERT_COLLAPSE_WARNING epoch=7 zero_assignment_streak=337
EXPERT_COLLAPSE_WARNING epoch=7 zero_assignment_streak=338
EXPERT_COLLAPSE_WARNING epoch=7 zero_assignment_streak=339
EXPERT_COLLAPSE_WARNING epoch=7 zero_assignment_streak=340
EXPERT_COLLAPSE_WARNING epoch=7 zero_assignment_streak=341
EXPERT_COLLAPSE_WARNING epoch=7 zero_assignment_streak=342
EXPERT_COLLAPSE_WARNING epoch=7 zero_assignment_streak=343
EXPERT_COLLAPSE_WARNING epoch=7 zero_assignment_streak=344
EXPERT_COLLAPSE_WARNING epoch=7 zero_assignment_streak=345
EXPERT_COLLAPSE_WARNING epoch=7 zero_assignment_streak=346
EXPERT_COLLAPSE_WARNING epoch=7 zero_assignment_streak=347
EXPERT_COLLAPSE_WARNING epoch=7 zero_assignment_streak=348
EXPERT_COLLAPSE_WARNING epoch=7 zero_assignment_streak=349
EXPERT_COLLAPSE_WARNING epoch=7 zero_assignment_streak=350
EXPERT_COLLAPSE_WARNING epoch=7 zero_assignment_streak=351
EXPERT_COLLAPSE_WARNING epoch=7 zero_assignment_streak=352
EXPERT_COLLAPSE_WARNING epoch=7 zero_assignment_streak=353
EXPERT_COLLAPSE_WARNING epoch=7 zero_assignment_streak=354
EXPERT_COLLAPSE_WARNING epoch=7 zero_assignment_streak=355
EXPERT_COLLAPSE_WARNING epoch=7 zero_assignment_streak=356
EXPERT_COLLAPSE_WARNING epoch=7 zero_assignment_streak=357
EXPERT_COLLAPSE_WARNING epoch=7 zero_assignment_streak=358
EXPERT_COLLAPSE_WARNING epoch=7 zero_assignment_streak=359
EXPERT_COLLAPSE_WARNING epoch=7 zero_assignment_streak=360
EXPERT_COLLAPSE_WARNING epoch=7 zero_assignment_streak=361
EXPERT_COLLAPSE_WARNING epoch=7 zero_assignment_streak=362
EXPERT_COLLAPSE_WARNING epoch=7 zero_assignment_streak=363
EXPERT_COLLAPSE_WARNING epoch=7 zero_assignment_streak=364
EXPERT_COLLAPSE_WARNING epoch=7 zero_assignment_streak=365
EXPERT_COLLAPSE_WARNING epoch=7 zero_assignment_streak=366
EXPERT_COLLAPSE_WARNING epoch=7 zero_assignment_streak=367
