{
  "args": {
    "seed": 2024,
    "device": "cpu",
    "mode": "train",
    "best_path": "",
    "debug": false,
    "dataset": "KnowAir-YRD_TDS",
    "data_dir": "/data/OuXiaoyu/STEVE_CODE/STEVE/data",
    "graph_file": "/data/OuXiaoyu/STEVE_CODE/STEVE/data/KnowAir-YRD_TDS/adj_mx.npz",
    "num_nodes": 127,
    "input_length": 35,
    "output_T_dim": 1,
    "batch_size": 1,
    "test_batch_size": 1,
    "len_closeness": 8,
    "len_period": 27,
    "len_trend": 0,
    "result_root": "/data/OuXiaoyu/STEVE_CODE/STEVE/experiments/KnowAir-YRD_TDS",
    "d_input": 2,
    "d_output": 2,
    "d_model": 64,
    "dropout": 0.1,
    "percent": 0.1,
    "shm_temp": 0.5,
    "nmb_prototype": 4,
    "yita": 0.5,
    "layers": 3,
    "K": 64,
    "bank_gamma": 0.2,
    "kw": 1,
    "mi_w": 2,
    "epochs": 1,
    "lr_init": 0.001,
    "early_stop": true,
    "early_stop_patience": 1,
    "grad_norm": true,
    "max_grad_norm": 5,
    "use_dwa": false,
    "temp": 2,
    "MMI": false,
    "lr_patience": 20,
    "lr_mode": "only",
    "use_RevIN": true,
    "confounder_dep_mode": "none",
    "confounder_extractor": "token_attention",
    "confounder_dim": 8,
    "confounder_num_heads": 4,
    "confounder_attention_dropout": 0.0,
    "confounder_graph_embed_dim": 16,
    "confounder_variational": true,
    "confounder_kl_weight": 0.0001,
    "confounder_dep_warmup_epochs": 5,
    "confounder_dep_ramp_epochs": 10,
    "confounder_projection_ridge": 0.001,
    "confounder_dep_detach_target": true,
    "gci_weight": 0.001,
    "gci_graph_align_weight": 0.1,
    "gci_edge_preserve_beta": 0.1,
    "gci_graph_hops": 1,
    "gci_symmetrize_adj": true,
    "gci_add_self_loops": true,
    "scd_weight": 0.001,
    "dep_eps": 1e-06,
    "confounder_injection": "none",
    "ablation": "full",
    "config_filename": "/data/OuXiaoyu/STEVE_CODE/STEVE/configs/KnowAir_YRD_TDS.yaml",
    "model": "steve",
    "data_seed": 2024,
    "early_stop_test_avg_mae_epoch": 0,
    "early_stop_test_avg_mae_threshold": 0.0,
    "train_work_per_holiday": 2.5,
    "exp_name": "smoke_knowair_yrd_steve_config_only_0812",
    "run_name": "smoke_knowair_yrd_steve_config_only_0812",
    "resume": false,
    "resume_reset_patience": true,
    "best_selection_split": "val",
    "max_train_batches": 1,
    "max_eval_batches": 1,
    "fpem_backbone": "agcrn",
    "agcrn_lr": 0.003,
    "agcrn_embed_dim": 10,
    "agcrn_rnn_units": 64,
    "agcrn_num_layers": 2,
    "agcrn_cheb_k": 2,
    "graphwavenet_layers": 4,
    "graphwavenet_kernel_size": 2,
    "graphwavenet_dropout": 0.1,
    "staeformer_layers": 2,
    "staeformer_heads": 4,
    "staeformer_dropout": 0.1,
    "staeformer_mlp_ratio": 2.0,
    "staeformer_input_length_max": 512,
    "fpem_use_pretrained_inv_agcrn": false,
    "fpem_pretrained_inv_agcrn_path": "/data/OuXiaoyu/STEVE_CODE/STEVE/experiments/NYCTaxi_TDS/pure_agcrn_seed2024/best_val_model.pth",
    "fpem_use_env_supervision": false,
    "fpem_lambda_env_day_cls": 0.0,
    "fpem_lambda_env_hour_cls": 0.0,
    "fpem_lambda_env_rush_cls": 0.0,
    "fpem_env_use_exogenous": true,
    "fpem_env_exogenous_hour_dim": 8,
    "fpem_env_exogenous_day_dim": 4,
    "fpem_env_exogenous_rush_dim": 4,
    "fpem_env_exogenous_load_dim": 8,
    "fpem_env_exogenous_load_num_embeddings": 6,
    "fpem_env_exogenous_scale": 0.1,
    "fpem_ignore_future_c": false,
    "fpem_use_load_level_experts": false,
    "fpem_load_level_k": 3,
    "fpem_load_level_mode": "train_quantile",
    "fpem_randomize_train_load_level": false,
    "fpem_random_load_level_seed": 20260727,
    "fpem_use_environment_gate": true,
    "fpem_environment_gate_hidden_dim": 64,
    "fpem_environment_gate_warmup_epochs": 5,
    "fpem_environment_gate_margin_relative": 0.01,
    "fpem_environment_gate_temperature": 0.05,
    "fpem_lambda_environment_gate": 1.0,
    "fpem_lambda_load_expert": 0.2,
    "fpem_conservative_inv_override": false,
    "fpem_override_margin": 0.0,
    "fpem_override_threshold": 0.5,
    "fpem_override_threshold_grid": "0.50,0.55,0.60,0.65,0.70,0.75,0.80,0.85,0.90,0.95",
    "fpem_override_margin_grid": "",
    "fpem_override_threshold_selection_split": "val",
    "fpem_override_weight_min": 0.0,
    "fpem_override_weight_max": 20.0,
    "fpem_harmful_switch_weight": 2.0,
    "fpem_override_router_loss_weight": 1.0,
    "fpem_counterfactual_risk_router": false,
    "fpem_counterfactual_risk_stage2_start_epoch": 20,
    "fpem_counterfactual_risk_regression_weight": 1.0,
    "fpem_counterfactual_risk_ranking_weight": 0.5,
    "fpem_counterfactual_risk_router_loss_weight": 1.0,
    "fpem_counterfactual_risk_weight_min": 0.0,
    "fpem_counterfactual_risk_weight_max": 20.0,
    "fpem_counterfactual_risk_ranking_temperature": 1.0,
    "fpem_use_env_supcon": false,
    "fpem_lambda_env_supcon": 0.0,
    "fpem_env_supcon_temperature": 0.1,
    "fpem_use_inv_projector": false,
    "fpem_use_inv_env_adversarial": false,
    "fpem_lambda_inv_env_adv": 0.0,
    "fpem_grl_alpha": 1.0,
    "fpem_env_route_head_mode": "concat_input",
    "fpem_use_env_prototype_router": false,
    "fpem_env_route_target_mode": "prediction_oracle",
    "fpem_env_route_train_mode": "soft_oracle",
    "fpem_env_route_inference_mode": "mlp",
    "fpem_env_prototype_temperature": 1.0,
    "fpem_env_route_hybrid_alpha": 1.0,
    "fpem_env_route_hybrid_alpha_start": 1.0,
    "fpem_env_route_hybrid_alpha_end": 0.5,
    "fpem_env_route_hybrid_alpha_decay_epochs": 30,
    "fpem_use_sinkhorn_route": false,
    "fpem_force_uniform_route": false,
    "fpem_env_rep_ablation": "normal",
    "fpem_env_route_sinkhorn_tau": 1.0,
    "fpem_env_route_sinkhorn_iters": 5,
    "fpem_env_sinkhorn_prediction_alpha_start": 0.2,
    "fpem_env_sinkhorn_prediction_alpha_final": 1.0,
    "fpem_env_sinkhorn_environment_beta_start": 1.0,
    "fpem_env_sinkhorn_environment_beta_final": 0.2,
    "fpem_env_sinkhorn_schedule_start_epoch": 5,
    "fpem_env_sinkhorn_schedule_end_epoch": 15,
    "fpem_env_sinkhorn_temporal_lambda": 0.05,
    "fpem_env_sinkhorn_gaussian_ema": 0.05,
    "fpem_env_sinkhorn_gaussian_min_var": 0.0001,
    "fpem_sinkhorn_warmup_epochs": 10,
    "fpem_sinkhorn_soft_end_epoch": 20,
    "fpem_sinkhorn_temperature_start": 1.0,
    "fpem_sinkhorn_temperature_final": 0.3,
    "fpem_sinkhorn_lambda_common": 0.1,
    "fpem_risk_router_temperature": 1.0,
    "fpem_risk_router_lambda": 0.5,
    "fpem_risk_router_pairwise_lambda": 0.0,
    "fpem_env_teacher_ema_momentum": 0.995,
    "fpem_env_partition_start_epoch": 5,
    "fpem_env_partition_update_interval": 5,
    "fpem_env_partition_freeze_last_epochs": 15,
    "fpem_env_partition_max_batches": -1,
    "fpem_env_max_clusters": 6,
    "fpem_env_min_cluster_ratio": 0.08,
    "fpem_env_gmm_n_init": 10,
    "fpem_env_gmm_variance_floor": 0.0001,
    "fpem_env_progressive_lambda_common": 0.2,
    "fpem_env_cluster_compactness_lambda": 0.01,
    "fpem_env_cluster_consistency_lambda": 0.05,
    "fpem_env_split_perturb_std": 1e-05,
    "fpem_sinkhorn_iters": 3,
    "fpem_sinkhorn_epsilon": 0.05,
    "fpem_expert_uniform_warmup_epochs": 0,
    "fpem_env_route_balance_warmup_epochs": 0,
    "fpem_env_route_initial_temperature": 1.0,
    "fpem_env_route_final_temperature": 0.3,
    "fpem_use_cross_cov_sep": false,
    "fpem_lambda_cross_cov_sep": 0.0,
    "gci_ridge": null,
    "scd_ridge": null,
    "gci_detach_target": null,
    "scd_detach_target": null,
    "scd_alignment_weight": null,
    "save_test_selected_checkpoints": true,
    "git_commit": "1b38ed8",
    "log_dir": "/data/OuXiaoyu/STEVE_CODE/STEVE/experiments/KnowAir-YRD_TDS/smoke_knowair_yrd_steve_config_only_0812",
    "fpem_load_level_thresholds": [],
    "fpem_random_train_load_levels": [],
    "fpem_load_level_train_counts": [],
    "fpem_input_scaler_mean": 56.064858494384566,
    "fpem_input_scaler_std": 42.79109563747173
  },
  "counts": {
    "train_total": 8749,
    "train_workday": 6240,
    "train_holiday": 2509,
    "train_workday_holiday_ratio": 2.4870466321243523,
    "val_total": 8759,
    "val_workday": 6240,
    "val_holiday": 2519,
    "test_total": 8759,
    "test_workday": 6263,
    "test_holiday": 2496,
    "train_shuffle": true,
    "train_chronological_for_env_sinkhorn_temporal": false,
    "traffic_load_c_audit": {
      "train": {
        "shape": [
          8749,
          1,
          127,
          2
        ],
        "min": 0.0,
        "max": 5.0,
        "unique_values": [
          0.0,
          1.0,
          2.0,
          3.0,
          4.0,
          5.0
        ]
      },
      "val": {
        "shape": [
          8759,
          1,
          127,
          2
        ],
        "min": 0.0,
        "max": 5.0,
        "unique_values": [
          0.0,
          1.0,
          2.0,
          3.0,
          4.0,
          5.0
        ]
      },
      "test": {
        "shape": [
          8759,
          1,
          127,
          2
        ],
        "min": 0.0,
        "max": 5.0,
        "unique_values": [
          0.0,
          1.0,
          2.0,
          3.0,
          4.0,
          5.0
        ]
      }
    },
    "observable_load_prior": null,
    "load_level_source": null,
    "load_level_threshold_fit_split": null,
    "load_level_thresholds": [],
    "load_level_train_counts": [],
    "load_level_uses_target_or_future_load": false
  },
  "trainable_params": 1607175,
  "frozen_params": 985609,
  "optimizer_params": 1582215,
  "resume_start_epoch": 1,
  "top_level_prediction_source": "model_forward_prediction",
  "frozen_invariant_parameters": [],
  "trainable_invariant_parameters": [
    "encoder_inv.node_embeddings",
    "encoder_inv.cells.0.gate.weights_pool",
    "encoder_inv.cells.0.gate.bias_pool",
    "encoder_inv.cells.0.update.weights_pool",
    "encoder_inv.cells.0.update.bias_pool",
    "encoder_inv.cells.1.gate.weights_pool",
    "encoder_inv.cells.1.gate.bias_pool",
    "encoder_inv.cells.1.update.weights_pool",
    "encoder_inv.cells.1.update.bias_pool",
    "tcl4h.weight",
    "tcl4h.bias",
    "invariant_predict_conv_2.weight",
    "invariant_predict_conv_2.bias"
  ],
  "invariant_candidate_val": null
}
EPOCH {"epoch": 1, "train_loss": 93.83723449707031, "val": {"loss": 33.79491424560547, "mae": 34.95768356323242, "mape": 1.5867486000061035}, "test_mixed": {"loss": 28.346752166748047, "mae": 28.854265213012695, "mape": 1.0538278818130493}, "test_workday": {"loss": 28.346752166748047, "mae": 28.854265213012695, "mape": 1.0538278818130493}, "test_holiday": {"loss": 22.22525978088379, "mae": 22.25385856628418, "mape": 0.6666553616523743}, "test_avg_mae": 25.554061889648438, "best_selection_value": 33.79491424560547, "best_selection_split": "val", "best_selection_metric": "val_loss", "lr": 0.001, "fpem_logs": {"fpem/fpem_env_use_exogenous": 1.0, "fpem/env_exogenous_available": 1.0, "fpem/env_exogenous_time_available": 1.0, "fpem/env_exogenous_load_available": 1.0, "fpem/env_exogenous_feature_dim": 32.0, "fpem/env_exogenous_embedding_norm": 2.4265666007995605, "fpem/env_exogenous_load_embedding_norm": 1.6626300811767578, "fpem/env_rep_ablation_normal": 1.0, "fpem/env_rep_ablation_zero": 0.0, "fpem/env_rep_ablation_shuffle_batch": 0.0, "fpem/env_rep_ablation_mode_id": 0.0, "fpem/mask_loss": 0.0, "fpem/mask_sparse_loss": 0.0, "fpem/mask_entropy_loss": 0.0, "fpem/mask_entropy": 0.0, "fpem/mask_mean": 1.0, "fpem/mask_active_ratio": 1.0, "fpem/fusion_alpha_mean": 0.0, "fpem/fusion_alpha_std": 0.0, "fpem/fusion_alpha_min": 0.0, "fpem/fusion_alpha_max": 0.0, "fpem/env_route_loss": 0.0, "fpem/env_route_L_final": 0.0, "fpem/env_route_L_global": 0.0, "fpem/env_route_L_route_soft": 0.0, "fpem/env_route_L_expert": 0.0, "fpem/env_route_L_router_oracle": 0.0, "fpem/env_route_L_balance": 0.0, "fpem/env_route_L_diverse": 0.0, "fpem/env_route_L_proto_align": 0.0, "fpem/env_route_entropy": 0.0, "fpem/env_route_q_max_mean": 0.0, "fpem/hyper_alpha_mean": 0.0, "fpem/hyper_delta_norm": 0.0, "fpem/hyper_route_proto_mode_uniform_warmup": 0.0, "fpem/hyper_route_proto_mode_uniform_fixed": 0.0, "fpem/hyper_route_proto_mode_sinkhorn": 0.0, "fpem/hyper_route_proto_mode_softmax": 0.0, "fpem/fallback_q_mean": 0.0, "fpem/fallback_q_max": 0.0, "fpem/env_q_sum_mean": 0.0, "fpem/oracle_fallback_rate": 0.0, "fpem/route_count_fallback": 0.0, "fpem/env_route_head_mode": 0.0, "fpem/route_entropy_mean": 0.0, "fpem/route_mean_distribution_entropy": 0.0, "fpem/effective_expert_number": 0.0, "fpem/max_expert_usage_ratio": 0.0, "fpem/min_expert_usage_ratio": 0.0, "fpem/prototype_pairwise_cosine": 0.0, "fpem/expert_prediction_pairwise_cosine": 0.0, "fpem/expert_collapse_warning": 0.0, "fpem/env_route_target_mode_env_prototype": 0.0, "fpem/env_route_target_mode_hybrid": 0.0, "fpem/env_route_hybrid_alpha": 0.0, "fpem/env_route_train_mode_warmup_risk_sinkhorn": 0.0, "fpem/warmup_risk_stage_warmup": 0.0, "fpem/warmup_risk_stage_soft": 0.0, "fpem/warmup_risk_stage_hard": 0.0, "fpem/warmup_risk_selected_loss": 0.0, "fpem/warmup_risk_uniform_common_loss": 0.0, "fpem/warmup_risk_lambda_common": 0.0, "fpem/warmup_risk_total_common_term": 0.0, "fpem/warmup_risk_temperature": 0.0, "fpem/warmup_risk_temperature_progress": 0.0, "fpem/uniform_expert_mae": 0.0, "fpem/risk_routed_mae": 0.0, "fpem/risk_prediction_mae": 0.0, "fpem/risk_loss": 0.0, "fpem/risk_ranking_loss": 0.0, "fpem/risk_ranking_accuracy": 0.0, "fpem/risk_oracle_argmin_accuracy": 0.0, "fpem/risk_router_temperature": 0.0, "fpem/risk_router_lambda": 0.0, "fpem/risk_router_pairwise_lambda": 0.0, "fpem/env_route_train_mode_progressive_gmm_environment": 0.0, "fpem/top_level_prediction_source_progressive_gmm_teacher_hard": 0.0, "fpem/progressive_assignment_uses_target_or_prediction_error": 0.0, "fpem/progressive_partition_ready": 0.0, "fpem/progressive_selected_k": 0.0, "fpem/progressive_active_expert_count": 0.0, "fpem/progressive_last_partition_epoch": 0.0, "fpem/progressive_lambda_common": 0.0, "fpem/progressive_common_term": 0.0, "fpem/progressive_compactness_loss": 0.0, "fpem/progressive_consistency_loss": 0.0, "fpem/progressive_cluster_entropy": 0.0, "fpem/progressive_assignment_change_ratio": 0.0, "fpem/progressive_hungarian_overlap_score": 0.0, "fpem/progressive_partition_update_time_sec": 0.0, "fpem/progressive_routed_mae": 0.0, "fpem/progressive_gmm_environment_total_replaces_primary": 0.0, "fpem/env_route_count_head_0": 0.0, "fpem/env_route_oracle_count_head_0": 0.0, "fpem/route_count_env_head_0": 0.0, "fpem/route_soft_mean_expert_0": 0.0, "fpem/route_hard_count_expert_0": 0.0, "fpem/hard_count_expert_0": 0.0, "fpem/sinkhorn_soft_col_mass_expert_0": 0.0, "fpem/progressive_active_expert_0": 0.0, "fpem/progressive_cluster_size_0": 0.0, "fpem/progressive_cluster_ratio_0": 0.0, "fpem/progressive_cluster_to_expert_0": 0.0, "fpem/progressive_bic_k1": 0.0, "fpem/progressive_bic_score_k1": 0.0, "fpem/progressive_bic_rejected_k1": 0.0, "fpem/hyper_alpha_head_0": 0.0, "fpem/hyper_gamma_norm_head_0": 0.0, "fpem/hyper_beta_norm_head_0": 0.0, "fpem/expert_cross_mae_group_0_expert_0": 0.0, "fpem/expert_cross_mae_group_0_expert_1": 0.0, "fpem/expert_cross_mae_group_0_expert_2": 0.0, "fpem/env_route_count_head_1": 0.0, "fpem/env_route_oracle_count_head_1": 0.0, "fpem/route_count_env_head_1": 0.0, "fpem/route_soft_mean_expert_1": 0.0, "fpem/route_hard_count_expert_1": 0.0, "fpem/hard_count_expert_1": 0.0, "fpem/sinkhorn_soft_col_mass_expert_1": 0.0, "fpem/progressive_active_expert_1": 0.0, "fpem/progressive_cluster_size_1": 0.0, "fpem/progressive_cluster_ratio_1": 0.0, "fpem/progressive_cluster_to_expert_1": 0.0, "fpem/progressive_bic_k2": 0.0, "fpem/progressive_bic_score_k2": 0.0, "fpem/progressive_bic_rejected_k2": 0.0, "fpem/hyper_alpha_head_1": 0.0, "fpem/hyper_gamma_norm_head_1": 0.0, "fpem/hyper_beta_norm_head_1": 0.0, "fpem/expert_cross_mae_group_1_expert_0": 0.0, "fpem/expert_cross_mae_group_1_expert_1": 0.0, "fpem/expert_cross_mae_group_1_expert_2": 0.0, "fpem/env_route_count_head_2": 0.0, "fpem/env_route_oracle_count_head_2": 0.0, "fpem/route_count_env_head_2": 0.0, "fpem/route_soft_mean_expert_2": 0.0, "fpem/route_hard_count_expert_2": 0.0, "fpem/hard_count_expert_2": 0.0, "fpem/sinkhorn_soft_col_mass_expert_2": 0.0, "fpem/progressive_active_expert_2": 0.0, "fpem/progressive_cluster_size_2": 0.0, "fpem/progressive_cluster_ratio_2": 0.0, "fpem/progressive_cluster_to_expert_2": 0.0, "fpem/progressive_bic_k3": 0.0, "fpem/progressive_bic_score_k3": 0.0, "fpem/progressive_bic_rejected_k3": 0.0, "fpem/hyper_alpha_head_2": 0.0, "fpem/hyper_gamma_norm_head_2": 0.0, "fpem/hyper_beta_norm_head_2": 0.0, "fpem/expert_cross_mae_group_2_expert_0": 0.0, "fpem/expert_cross_mae_group_2_expert_1": 0.0, "fpem/expert_cross_mae_group_2_expert_2": 0.0, "fpem/future_mi_loss": 0.0, "fpem/future_mi_valid": 0.0, "fpem/future_mi_logvar_mean": 0.0, "fpem/future_mi_target_mode_env_encoder": 0.0, "fpem/swap_loss": 0.0, "fpem/swap_diff_loss": 0.0, "fpem/swap_same_loss": 0.0, "fpem/swap_gain_mean": 0.0, "fpem/swap_s_gain_mean": 0.0, "fpem/swap_fallback_router_loss": 0.0, "fpem/swap_fallback_q_mean": 0.0, "fpem/swap_prediction_delta": 0.0, "fpem/swap_route_delta": 0.0, "fpem/swap_hyper_alpha_delta": 0.0, "fpem/swap_hyper_delta_norm": 0.0, "fpem/loss_env_day": 0.0, "fpem/loss_env_hour": 0.0, "fpem/loss_env_rush": 0.0, "fpem/env_day_acc": 0.0, "fpem/env_hour_acc": 0.0, "fpem/env_rush_acc": 0.0, "fpem/loss_env_supcon": 0.0, "fpem/env_supcon_valid_pairs": 0.0, "fpem/loss_inv_env_adv": 0.0, "fpem/inv_day_acc": 0.0, "fpem/inv_hour_acc": 0.0, "fpem/inv_rush_acc": 0.0, "fpem/loss_cross_cov_sep": 0.0, "fpem/confounder_dep_enabled": 0.0, "fpem/confounder_dep_mode_gci": 0.0, "fpem/confounder_dep_mode_scd": 0.0, "fpem/confounder_dep_mode_both": 0.0, "fpem/confounder_dep_total": 0.0, "fpem/loss_gci": 0.0, "fpem/loss_gci_drop": 0.0, "fpem/loss_gci_keep": 0.0, "fpem/loss_gci_graph_align": 0.0, "fpem/loss_scd": 0.0, "fpem/loss_conf_kl": 0.0, "fpem/effective_gci_weight": 0.0, "fpem/effective_gci_graph_align_weight": 0.0, "fpem/effective_scd_weight": 0.0, "fpem/effective_conf_kl_weight": 0.0, "fpem/confounder_dep_ramp_factor": 0.0, "fpem/C_mean": 0.0, "fpem/C_std": 0.0, "fpem/C_norm": 0.0, "fpem/confounder_token_norm": 0.0, "fpem/confounder_variational": 0.0, "fpem/confounder_projection_trace": 0.0, "fpem/confounder_projection_ridge": 0.0, "fpem/confounder_projection_rank_dim": 0.0, "fpem/confounder_projection_calls": 0.0, "fpem/confounder_dep_detach_target": 0.0, "fpem/gci_nonedge_mass_before_C": 0.0, "fpem/gci_nonedge_mass_after_C": 0.0, "fpem/gci_nonedge_mass_reduction": 0.0, "fpem/gci_relative_violation": 0.0, "fpem/gci_edge_before_C": 0.0, "fpem/gci_edge_after_C": 0.0, "fpem/gci_nonedge_conn_before_C": 0.0, "fpem/gci_nonedge_conn_after_C": 0.0, "fpem/gci_nonedge_conn_reduction": 0.0, "fpem/gci_edge_conn_before_C": 0.0, "fpem/gci_edge_conn_after_C": 0.0, "fpem/gci_edge_conn_reduction": 0.0, "fpem/gci_nonedge_dep_before_C": 0.0, "fpem/gci_nonedge_dep_after_C": 0.0, "fpem/gci_nonedge_dep_reduction": 0.0, "fpem/gci_edge_dep_before_C": 0.0, "fpem/gci_edge_dep_after_C": 0.0, "fpem/gci_nonedge_count": 0.0, "fpem/gci_edge_count": 0.0, "fpem/gci_node_count": 0.0, "fpem/gci_node_vector_dim": 0.0, "fpem/gci_graph_embed_dim": 0.0, "fpem/gci_graph_embedding_norm_before": 0.0, "fpem/gci_graph_embedding_norm_after": 0.0, "fpem/gci_graph_embedding_std_before": 0.0, "fpem/gci_graph_embedding_std_after": 0.0, "fpem/gci_graph_adj_mean_before": 0.0, "fpem/gci_graph_adj_mean_after": 0.0, "fpem/gci_graph_adj_std_before": 0.0, "fpem/gci_graph_adj_std_after": 0.0, "fpem/gci_graph_align_weight": 0.0, "fpem/gci_graph_align_raw_mse": 0.0, "fpem/gci_graph_align_normalized": 0.0, "fpem/gci_edge_preserve_beta": 0.0, "fpem/gci_graph_align_target_available": 0.0, "fpem/gci_target_adj_mean": 0.0, "fpem/gci_target_adj_std": 0.0, "fpem/gci_target_edge_mean": 0.0, "fpem/gci_target_nonedge_mean": 0.0, "fpem/gci_target_diag_mean": 0.0, "fpem/gci_graph_align_updates_agcrn": 0.0, "fpem/gci_updates_graph_linear": 0.0, "fpem/gci_graph_construction_agcrn_softmax": 0.0, "fpem/scd_assoc_before_C": 0.0, "fpem/scd_assoc_after_C": 0.0, "fpem/scd_assoc_reduction": 0.0, "fpem/scd_relative_violation": 0.0, "fpem/sample_assoc_before_C": 0.0, "fpem/sample_assoc_after_C": 0.0, "fpem/sample_assoc_reduction": 0.0, "fpem/sample_dep_before_C": 0.0, "fpem/sample_dep_after_C": 0.0, "fpem/sample_dep_reduction": 0.0, "fpem/scd_batch_size": 0.0, "fpem/scd_sample_vector_dim": 0.0, "fpem/sample_kernel_alignment": 0.0, "fpem/scd_alignment_loss": 0.0, "fpem/club_fit_loss": 126.4934310913086, "fpem/club_upper": -9.011095869482233e-08, "fpem/conf_basis_mean": 0.5029256939888, "fpem/conf_basis_std": 0.7201088070869446, "fpem/conf_repr_mean": 0.5758413076400757, "fpem/conf_repr_std": 0.7241801023483276, "fpem/conf_temporal_attn_entropy": 3.5553202629089355, "fpem/conf_basis_attn_entropy": 8.376753807067871, "fpem/conf_node_basis_attn_entropy": 2.079439878463745, "fpem/primary_loss": 78.19769287109375, "fpem/inv_pred_loss": 78.19769287109375, "fpem/primary_uses_route": 0.0, "fpem/primary_uses_env_fusion": 0.0, "fpem/backbone_agcrn": 1.0, "fpem/backbone_graphwavenet": 0.0, "fpem/backbone_staeformer": 0.0, "fpem/gc_pred_loss_only": 1.0, "fpem/env_route_head_mode_hyper_proto": 0.0, "fpem/fpem_force_uniform_route": 0.0, "fpem/hard_prediction_sinkhorn_total_replaces_primary": 0.0, "fpem/hard_prediction_environment_sinkhorn_total_replaces_primary": 0.0, "fpem/warmup_risk_sinkhorn_total_replaces_primary": 0.0, "fpem/lambda_club_mi": 0.009999999776482582}}
SUMMARY {"exp_name": "smoke_knowair_yrd_steve_config_only_0812", "model": "steve", "ablation": "full", "best_epoch": 1, "best_val_loss": 33.79491424560547, "best_checkpoint_selection_split": "val", "best_checkpoint_selection_metric": "val_loss", "test_mixed_mae": 28.854265213012695, "test_workday_mae": 28.854265213012695, "test_holiday_mae": 22.25385856628418, "test_avg_mae": 25.554061889648438, "top_level_prediction_source": "model_forward_prediction", "fpem_override_threshold": 0.5, "fpem_override_margin": 0.0, "finished": true}
